Archive member included because of file (symbol)

c:/program files/atmel/atmel toolchain/avr8 gcc/native/3.4.1061/avr8-gnu-toolchain/bin/../lib/gcc/avr/4.8.1/avrxmega6\libgcc.a(_udivmodsi4.o)
                              src/ASF/xmega/drivers/spi/spi.o (__udivmodsi4)
c:/program files/atmel/atmel toolchain/avr8 gcc/native/3.4.1061/avr8-gnu-toolchain/bin/../lib/gcc/avr/4.8.1/avrxmega6\libgcc.a(_exit.o)
                              c:/program files/atmel/atmel toolchain/avr8 gcc/native/3.4.1061/avr8-gnu-toolchain/bin/../lib/gcc/avr/4.8.1/../../../../avr/lib/avrxmega6/crtx256a3bu.o (exit)
c:/program files/atmel/atmel toolchain/avr8 gcc/native/3.4.1061/avr8-gnu-toolchain/bin/../lib/gcc/avr/4.8.1/avrxmega6\libgcc.a(_tablejump.o)
                              src/FreeRTOS/timers.o (__tablejump2__)
c:/program files/atmel/atmel toolchain/avr8 gcc/native/3.4.1061/avr8-gnu-toolchain/bin/../lib/gcc/avr/4.8.1/avrxmega6\libgcc.a(_copy_data.o)
                              src/ASF/common/services/gfx_mono/sysfont.o (__do_copy_data)
c:/program files/atmel/atmel toolchain/avr8 gcc/native/3.4.1061/avr8-gnu-toolchain/bin/../lib/gcc/avr/4.8.1/avrxmega6\libgcc.a(_clear_bss.o)
                              src/ASF/common/services/gfx_mono/gfx_mono_c12832_a1z.o (__do_clear_bss)
c:/program files/atmel/atmel toolchain/avr8 gcc/native/3.4.1061/avr8-gnu-toolchain/bin/../lib/gcc/avr/4.8.1/../../../../avr/lib/avrxmega6\libc.a(malloc.o)
                              src/FreeRTOS/portable/MemMang/heap_3.o (malloc)
c:/program files/atmel/atmel toolchain/avr8 gcc/native/3.4.1061/avr8-gnu-toolchain/bin/../lib/gcc/avr/4.8.1/../../../../avr/lib/avrxmega6\libc.a(memcpy.o)
                              src/ASF/xmega/drivers/nvm/nvm.o (memcpy)
c:/program files/atmel/atmel toolchain/avr8 gcc/native/3.4.1061/avr8-gnu-toolchain/bin/../lib/gcc/avr/4.8.1/../../../../avr/lib/avrxmega6\libc.a(snprintf.o)
                              src/main.o (snprintf)
c:/program files/atmel/atmel toolchain/avr8 gcc/native/3.4.1061/avr8-gnu-toolchain/bin/../lib/gcc/avr/4.8.1/../../../../avr/lib/avrxmega6\libc.a(vfprintf_std.o)
                              c:/program files/atmel/atmel toolchain/avr8 gcc/native/3.4.1061/avr8-gnu-toolchain/bin/../lib/gcc/avr/4.8.1/../../../../avr/lib/avrxmega6\libc.a(snprintf.o) (vfprintf)
c:/program files/atmel/atmel toolchain/avr8 gcc/native/3.4.1061/avr8-gnu-toolchain/bin/../lib/gcc/avr/4.8.1/../../../../avr/lib/avrxmega6\libc.a(strnlen_P.o)
                              c:/program files/atmel/atmel toolchain/avr8 gcc/native/3.4.1061/avr8-gnu-toolchain/bin/../lib/gcc/avr/4.8.1/../../../../avr/lib/avrxmega6\libc.a(vfprintf_std.o) (strnlen_P)
c:/program files/atmel/atmel toolchain/avr8 gcc/native/3.4.1061/avr8-gnu-toolchain/bin/../lib/gcc/avr/4.8.1/../../../../avr/lib/avrxmega6\libc.a(strnlen.o)
                              c:/program files/atmel/atmel toolchain/avr8 gcc/native/3.4.1061/avr8-gnu-toolchain/bin/../lib/gcc/avr/4.8.1/../../../../avr/lib/avrxmega6\libc.a(vfprintf_std.o) (strnlen)
c:/program files/atmel/atmel toolchain/avr8 gcc/native/3.4.1061/avr8-gnu-toolchain/bin/../lib/gcc/avr/4.8.1/../../../../avr/lib/avrxmega6\libc.a(fputc.o)
                              c:/program files/atmel/atmel toolchain/avr8 gcc/native/3.4.1061/avr8-gnu-toolchain/bin/../lib/gcc/avr/4.8.1/../../../../avr/lib/avrxmega6\libc.a(vfprintf_std.o) (fputc)
c:/program files/atmel/atmel toolchain/avr8 gcc/native/3.4.1061/avr8-gnu-toolchain/bin/../lib/gcc/avr/4.8.1/../../../../avr/lib/avrxmega6\libc.a(ultoa_invert.o)
                              c:/program files/atmel/atmel toolchain/avr8 gcc/native/3.4.1061/avr8-gnu-toolchain/bin/../lib/gcc/avr/4.8.1/../../../../avr/lib/avrxmega6\libc.a(vfprintf_std.o) (__ultoa_invert)

Allocating common symbols
Common symbol       size              file

adcb_callback       0x2               src/ASF/xmega/drivers/adc/adc.o
__brkval            0x2               c:/program files/atmel/atmel toolchain/avr8 gcc/native/3.4.1061/avr8-gnu-toolchain/bin/../lib/gcc/avr/4.8.1/../../../../avr/lib/avrxmega6\libc.a(malloc.o)
sleepmgr_locks      0x6               src/ASF/common/services/sleepmgr/xmega/sleepmgr.o
__flp               0x2               c:/program files/atmel/atmel toolchain/avr8 gcc/native/3.4.1061/avr8-gnu-toolchain/bin/../lib/gcc/avr/4.8.1/../../../../avr/lib/avrxmega6\libc.a(malloc.o)
adca_callback       0x2               src/ASF/xmega/drivers/adc/adc.o

Discarded input sections

 .data          0x00000000        0x0 c:/program files/atmel/atmel toolchain/avr8 gcc/native/3.4.1061/avr8-gnu-toolchain/bin/../lib/gcc/avr/4.8.1/../../../../avr/lib/avrxmega6/crtx256a3bu.o
 .bss           0x00000000        0x0 c:/program files/atmel/atmel toolchain/avr8 gcc/native/3.4.1061/avr8-gnu-toolchain/bin/../lib/gcc/avr/4.8.1/../../../../avr/lib/avrxmega6/crtx256a3bu.o
 .group         0x00000000        0x8 src/ASF/common/components/display/st7565r/st7565r.o
[...]
Memory Configuration

Name             Origin             Length             Attributes
text             0x00000000         0x00100000         xr
data             0x00802000         0x0000ffa0         rw !x
eeprom           0x00810000         0x00010000         rw !x
fuse             0x00820000         0x00000400         rw !x
lock             0x00830000         0x00000400         rw !x
signature        0x00840000         0x00000400         rw !x
user_signatures  0x00850000         0x00000400         rw !x
*default*        0x00000000         0xffffffff

Linker script and memory map

LOAD c:/program files/atmel/atmel toolchain/avr8 gcc/native/3.4.1061/avr8-gnu-toolchain/bin/../lib/gcc/avr/4.8.1/../../../../avr/lib/avrxmega6/crtx256a3bu.o
LOAD src/ASF/common/components/display/st7565r/st7565r.o
LOAD src/ASF/common/services/clock/xmega/sysclk.o
LOAD src/ASF/common/services/gfx_mono/gfx_mono_c12832_a1z.o
LOAD src/ASF/common/services/gfx_mono/gfx_mono_framebuffer.o
LOAD src/ASF/common/services/gfx_mono/gfx_mono_generic.o
LOAD src/ASF/common/services/gfx_mono/gfx_mono_text.o
LOAD src/ASF/common/services/gfx_mono/sysfont.o
LOAD src/ASF/common/services/sleepmgr/xmega/sleepmgr.o
LOAD src/ASF/common/services/spi/xmega_spi/spi_master.o
LOAD src/ASF/common/services/spi/xmega_usart_spi/usart_spi.o
LOAD src/ASF/xmega/drivers/adc/adc.o
LOAD src/ASF/xmega/drivers/adc/xmega_aau/adc_aau.o
LOAD src/ASF/xmega/drivers/cpu/ccp.o
LOAD src/ASF/xmega/drivers/nvm/nvm.o
LOAD src/ASF/xmega/drivers/nvm/nvm_asm.o
LOAD src/ASF/xmega/drivers/spi/spi.o
LOAD src/ASF/xmega/drivers/usart/usart.o
LOAD src/FreeRTOS/croutine.o
LOAD src/FreeRTOS/event_groups.o
LOAD src/FreeRTOS/list.o
LOAD src/FreeRTOS/portable/GCC/ATXmega256A3BU/port.o
LOAD src/FreeRTOS/portable/MemMang/heap_3.o
LOAD src/FreeRTOS/queue.o
LOAD src/FreeRTOS/tasks.o
LOAD src/FreeRTOS/timers.o
LOAD src/ASF/common/services/ioport/xmega/ioport_compat.o
LOAD src/ASF/xmega/boards/xmega_a3bu_xplained/init.o
LOAD src/main.o
START GROUP
LOAD c:/program files/atmel/atmel toolchain/avr8 gcc/native/3.4.1061/avr8-gnu-toolchain/bin/../lib/gcc/avr/4.8.1/../../../../avr/lib/avrxmega6\libm.a
END GROUP
Address of section .BOOT set to 0x40000
START GROUP
LOAD c:/program files/atmel/atmel toolchain/avr8 gcc/native/3.4.1061/avr8-gnu-toolchain/bin/../lib/gcc/avr/4.8.1/avrxmega6\libgcc.a
LOAD c:/program files/atmel/atmel toolchain/avr8 gcc/native/3.4.1061/avr8-gnu-toolchain/bin/../lib/gcc/avr/4.8.1/../../../../avr/lib/avrxmega6\libm.a
LOAD c:/program files/atmel/atmel toolchain/avr8 gcc/native/3.4.1061/avr8-gnu-toolchain/bin/../lib/gcc/avr/4.8.1/../../../../avr/lib/avrxmega6\libc.a
END GROUP

.hash
 *(.hash)

.dynsym
 *(.dynsym)

.dynstr
 *(.dynstr)

.gnu.version
 *(.gnu.version)

.gnu.version_d
 *(.gnu.version_d)

.gnu.version_r
 *(.gnu.version_r)

.rel.init
 *(.rel.init)

.rela.init
 *(.rela.init)

.rel.text
 *(.rel.text)
 *(.rel.text.*)
 *(.rel.gnu.linkonce.t*)

.rela.text
 *(.rela.text)
 *(.rela.text.*)
 *(.rela.gnu.linkonce.t*)

.rel.fini
 *(.rel.fini)

.rela.fini
 *(.rela.fini)

.rel.rodata
 *(.rel.rodata)
 *(.rel.rodata.*)
 *(.rel.gnu.linkonce.r*)

.rela.rodata
 *(.rela.rodata)
 *(.rela.rodata.*)
 *(.rela.gnu.linkonce.r*)

.rel.data
 *(.rel.data)
 *(.rel.data.*)
 *(.rel.gnu.linkonce.d*)

.rela.data
 *(.rela.data)
 *(.rela.data.*)
 *(.rela.gnu.linkonce.d*)

.rel.ctors
 *(.rel.ctors)

.rela.ctors
 *(.rela.ctors)

.rel.dtors
 *(.rel.dtors)

.rela.dtors
 *(.rela.dtors)

.rel.got
 *(.rel.got)

.rela.got
 *(.rela.got)

.rel.bss
 *(.rel.bss)

.rela.bss
 *(.rela.bss)

.rel.plt
 *(.rel.plt)

.rela.plt
 *(.rela.plt)

.text           0x00000000     0x3bbc
 *(.vectors)
 .vectors       0x00000000      0x1fc c:/program files/atmel/atmel toolchain/avr8 gcc/native/3.4.1061/avr8-gnu-toolchain/bin/../lib/gcc/avr/4.8.1/../../../../avr/lib/avrxmega6/crtx256a3bu.o
                0x00000000                __vector_default
                0x00000000                __vectors
 *(.vectors)
 *(.progmem.gcc*)
 .progmem.gcc_sw_table.prvTimerTask
                0x000001fc       0x14 src/FreeRTOS/timers.o
                0x00000210                . = ALIGN (0x2)
                0x00000210                __trampolines_start = .
 *(.trampolines)
 .trampolines   0x00000210        0x0 linker stubs
 *(.trampolines*)
                0x00000210                __trampolines_end = .
 *(.progmem*)
 .progmem.data.sysfont_glyphs
                0x00000210      0x292 src/ASF/common/services/gfx_mono/sysfont.o
                0x000004a2                . = ALIGN (0x2)
 *(.jumptables)
 *(.jumptables*)
 *(.lowtext)
 *(.lowtext*)
                0x000004a2                __ctors_start = .
 *(.ctors)
                0x000004a2                __ctors_end = .
                0x000004a2                __dtors_start = .
 *(.dtors)
                0x000004a2                __dtors_end = .
 SORT(*)(.ctors)
 SORT(*)(.dtors)
 *(.init0)
 .init0         0x000004a2        0x0 c:/program files/atmel/atmel toolchain/avr8 gcc/native/3.4.1061/avr8-gnu-toolchain/bin/../lib/gcc/avr/4.8.1/../../../../avr/lib/avrxmega6/crtx256a3bu.o
                0x000004a2                __init
 *(.init0)
 *(.init1)
 *(.init1)
 *(.init2)
 .init2         0x000004a2       0x10 c:/program files/atmel/atmel toolchain/avr8 gcc/native/3.4.1061/avr8-gnu-toolchain/bin/../lib/gcc/avr/4.8.1/../../../../avr/lib/avrxmega6/crtx256a3bu.o
 *(.init2)
 *(.init3)
 *(.init3)
 *(.init4)
 .init4         0x000004b2       0x1a c:/program files/atmel/atmel toolchain/avr8 gcc/native/3.4.1061/avr8-gnu-toolchain/bin/../lib/gcc/avr/4.8.1/avrxmega6\libgcc.a(_copy_data.o)
                0x000004b2                __do_copy_data
 .init4         0x000004cc       0x10 c:/program files/atmel/atmel toolchain/avr8 gcc/native/3.4.1061/avr8-gnu-toolchain/bin/../lib/gcc/avr/4.8.1/avrxmega6\libgcc.a(_clear_bss.o)
                0x000004cc                __do_clear_bss
 *(.init4)
 *(.init5)
 *(.init5)
 *(.init6)
 *(.init6)
 *(.init7)
 *(.init7)
 *(.init8)
 *(.init8)
 *(.init9)
 .init9         0x000004dc        0x8 c:/program files/atmel/atmel toolchain/avr8 gcc/native/3.4.1061/avr8-gnu-toolchain/bin/../lib/gcc/avr/4.8.1/../../../../avr/lib/avrxmega6/crtx256a3bu.o
 *(.init9)
 *(.text)
 .text          0x000004e4        0x2 c:/program files/atmel/atmel toolchain/avr8 gcc/native/3.4.1061/avr8-gnu-toolchain/bin/../lib/gcc/avr/4.8.1/../../../../avr/lib/avrxmega6/crtx256a3bu.o
                0x000004e4                __vector_38
                0x000004e4                __vector_104
                0x000004e4                __vector_22
                0x000004e4                __vector_63
                0x000004e4                __vector_28
                0x000004e4                __vector_67
                0x000004e4                __vector_1
                0x000004e4                __vector_119
                0x000004e4                __vector_32
                0x000004e4                __vector_75
                0x000004e4                __vector_91
                0x000004e4                __vector_34
                0x000004e4                __vector_62
                0x000004e4                __vector_77
                0x000004e4                __vector_102
                0x000004e4                __vector_24
                0x000004e4                __vector_12
                0x000004e4                __vector_55
                0x000004e4                __vector_69
                0x000004e4                __vector_81
                0x000004e4                __vector_90
                0x000004e4                __vector_46
                0x000004e4                __bad_interrupt
                0x000004e4                __vector_122
                0x000004e4                __vector_114
                0x000004e4                __vector_6
                0x000004e4                __vector_110
                0x000004e4                __vector_31
                0x000004e4                __vector_92
                0x000004e4                __vector_35
                0x000004e4                __vector_78
                0x000004e4                __vector_117
                0x000004e4                __vector_107
                0x000004e4                __vector_3
                0x000004e4                __vector_105
                0x000004e4                __vector_98
                0x000004e4                __vector_23
                0x000004e4                __vector_68
                0x000004e4                __vector_30
                0x000004e4                __vector_45
                0x000004e4                __vector_25
                0x000004e4                __vector_93
                0x000004e4                __vector_61
                0x000004e4                __vector_11
                0x000004e4                __vector_54
                0x000004e4                __vector_99
                0x000004e4                __vector_13
                0x000004e4                __vector_17
                0x000004e4                __vector_19
                0x000004e4                __vector_56
                0x000004e4                __vector_7
                0x000004e4                __vector_125
                0x000004e4                __vector_49
                0x000004e4                __vector_123
                0x000004e4                __vector_86
                0x000004e4                __vector_100
                0x000004e4                __vector_101
                0x000004e4                __vector_64
                0x000004e4                __vector_88
                0x000004e4                __vector_109
                0x000004e4                __vector_43
                0x000004e4                __vector_27
                0x000004e4                __vector_5
                0x000004e4                __vector_113
                0x000004e4                __vector_33
                0x000004e4                __vector_76
                0x000004e4                __vector_115
                0x000004e4                __vector_47
                0x000004e4                __vector_52
                0x000004e4                __vector_37
                0x000004e4                __vector_95
                0x000004e4                __vector_103
                0x000004e4                __vector_96
                0x000004e4                __vector_89
                0x000004e4                __vector_108
                0x000004e4                __vector_4
                0x000004e4                __vector_44
                0x000004e4                __vector_82
                0x000004e4                __vector_106
                0x000004e4                __vector_118
                0x000004e4                __vector_51
                0x000004e4                __vector_9
                0x000004e4                __vector_2
                0x000004e4                __vector_21
                0x000004e4                __vector_15
                0x000004e4                __vector_66
                0x000004e4                __vector_36
                0x000004e4                __vector_79
                0x000004e4                __vector_58
                0x000004e4                __vector_70
                0x000004e4                __vector_83
                0x000004e4                __vector_29
                0x000004e4                __vector_60
                0x000004e4                __vector_121
                0x000004e4                __vector_85
                0x000004e4                __vector_94
                0x000004e4                __vector_126
                0x000004e4                __vector_8
                0x000004e4                __vector_26
                0x000004e4                __vector_48
                0x000004e4                __vector_124
                0x000004e4                __vector_116
                0x000004e4                __vector_112
                0x000004e4                __vector_111
                0x000004e4                __vector_80
                0x000004e4                __vector_84
                0x000004e4                __vector_57
                0x000004e4                __vector_53
                0x000004e4                __vector_10
                0x000004e4                __vector_50
                0x000004e4                __vector_16
                0x000004e4                __vector_59
                0x000004e4                __vector_18
                0x000004e4                __vector_97
                0x000004e4                __vector_20
                0x000004e4                __vector_87
                0x000004e4                __vector_65
                0x000004e4                __vector_120
                0x000004e6                . = ALIGN (0x2)
 *(.text.*)
 .text.st7565r_init
                0x000004e6      0x380 src/ASF/common/components/display/st7565r/st7565r.o
                0x000004e6                st7565r_init
 .text.sysclk_enable_module
                0x00000866       0x18 src/ASF/common/services/clock/xmega/sysclk.o
                0x00000866                sysclk_enable_module
 .text.sysclk_disable_module
                0x0000087e       0x16 src/ASF/common/services/clock/xmega/sysclk.o
                0x0000087e                sysclk_disable_module
 .text.gfx_mono_st7565r_put_byte
                0x00000894      0x15c src/ASF/common/services/gfx_mono/gfx_mono_c12832_a1z.o
                0x00000894                gfx_mono_st7565r_put_byte
 .text.gfx_mono_st7565r_init
                0x000009f0       0x86 src/ASF/common/services/gfx_mono/gfx_mono_c12832_a1z.o
                0x000009f0                gfx_mono_st7565r_init
 .text.gfx_mono_st7565r_draw_pixel
                0x00000a76       0x7a src/ASF/common/services/gfx_mono/gfx_mono_c12832_a1z.o
                0x00000a76                gfx_mono_st7565r_draw_pixel
 .text.gfx_mono_st7565r_get_byte
                0x00000af0        0x4 src/ASF/common/services/gfx_mono/gfx_mono_c12832_a1z.o
                0x00000af0                gfx_mono_st7565r_get_byte
 .text.gfx_mono_set_framebuffer
                0x00000af4        0xa src/ASF/common/services/gfx_mono/gfx_mono_framebuffer.o
                0x00000af4                gfx_mono_set_framebuffer
 .text.gfx_mono_framebuffer_put_byte
                0x00000afe       0x1e src/ASF/common/services/gfx_mono/gfx_mono_framebuffer.o
                0x00000afe                gfx_mono_framebuffer_put_byte
 .text.gfx_mono_framebuffer_get_byte
                0x00000b1c       0x1e src/ASF/common/services/gfx_mono/gfx_mono_framebuffer.o
                0x00000b1c                gfx_mono_framebuffer_get_byte
 .text.gfx_mono_generic_draw_horizontal_line
                0x00000b3a       0xe0 src/ASF/common/services/gfx_mono/gfx_mono_generic.o
                0x00000b3a                gfx_mono_generic_draw_horizontal_line
 .text.gfx_mono_generic_draw_filled_rect
                0x00000c1a       0x36 src/ASF/common/services/gfx_mono/gfx_mono_generic.o
                0x00000c1a                gfx_mono_generic_draw_filled_rect
 .text.gfx_mono_draw_char
                0x00000c50       0xba src/ASF/common/services/gfx_mono/gfx_mono_text.o
                0x00000c50                gfx_mono_draw_char
 .text.gfx_mono_draw_string
                0x00000d0a       0x52 src/ASF/common/services/gfx_mono/gfx_mono_text.o
                0x00000d0a                gfx_mono_draw_string
 .text.usart_spi_init
                0x00000d5c       0x5e src/ASF/common/services/spi/xmega_usart_spi/usart_spi.o
                0x00000d5c                usart_spi_init
 .text.usart_spi_setup_device
                0x00000dba       0x34 src/ASF/common/services/spi/xmega_usart_spi/usart_spi.o
                0x00000dba                usart_spi_setup_device
 .text.usart_spi_select_device
                0x00000dee       0x2c src/ASF/common/services/spi/xmega_usart_spi/usart_spi.o
                0x00000dee                usart_spi_select_device
 .text.usart_spi_deselect_device
                0x00000e1a       0x2c src/ASF/common/services/spi/xmega_usart_spi/usart_spi.o
                0x00000e1a                usart_spi_deselect_device
 .text.adc_enable_clock
                0x00000e46       0x3e src/ASF/xmega/drivers/adc/adc.o
                0x00000e46                adc_enable_clock
 .text.adc_disable_clock
                0x00000e84       0x3a src/ASF/xmega/drivers/adc/adc.o
                0x00000e84                adc_disable_clock
 .text.adc_enable
                0x00000ebe       0x2e src/ASF/xmega/drivers/adc/adc.o
                0x00000ebe                adc_enable
 .text.__vector_71
                0x00000eec       0x64 src/ASF/xmega/drivers/adc/xmega_aau/adc_aau.o
                0x00000eec                __vector_71
 .text.__vector_72
                0x00000f50       0x64 src/ASF/xmega/drivers/adc/xmega_aau/adc_aau.o
                0x00000f50                __vector_72
 .text.__vector_73
                0x00000fb4       0x64 src/ASF/xmega/drivers/adc/xmega_aau/adc_aau.o
                0x00000fb4                __vector_73
 .text.__vector_74
                0x00001018       0x64 src/ASF/xmega/drivers/adc/xmega_aau/adc_aau.o
                0x00001018                __vector_74
 .text.__vector_39
                0x0000107c       0x64 src/ASF/xmega/drivers/adc/xmega_aau/adc_aau.o
                0x0000107c                __vector_39
 .text.__vector_40
                0x000010e0       0x64 src/ASF/xmega/drivers/adc/xmega_aau/adc_aau.o
                0x000010e0                __vector_40
 .text.__vector_41
                0x00001144       0x64 src/ASF/xmega/drivers/adc/xmega_aau/adc_aau.o
                0x00001144                __vector_41
 .text.__vector_42
                0x000011a8       0x64 src/ASF/xmega/drivers/adc/xmega_aau/adc_aau.o
                0x000011a8                __vector_42
 .text.adc_write_configuration
                0x0000120c       0xa2 src/ASF/xmega/drivers/adc/xmega_aau/adc_aau.o
                0x0000120c                adc_write_configuration
 .text.adc_read_configuration
                0x000012ae       0x46 src/ASF/xmega/drivers/adc/xmega_aau/adc_aau.o
                0x000012ae                adc_read_configuration
 .text.adcch_write_configuration
                0x000012f4       0x72 src/ASF/xmega/drivers/adc/xmega_aau/adc_aau.o
                0x000012f4                adcch_write_configuration
 .text.adcch_read_configuration
                0x00001366       0x74 src/ASF/xmega/drivers/adc/xmega_aau/adc_aau.o
                0x00001366                adcch_read_configuration
 .text.nvm_read_byte
                0x000013da       0x14 src/ASF/xmega/drivers/nvm/nvm_asm.o
                0x000013da                nvm_read_byte
 .text.usart_spi_set_baudrate
                0x000013ee       0x64 src/ASF/xmega/drivers/usart/usart.o
                0x000013ee                usart_spi_set_baudrate
 .text.usart_init_spi
                0x00001452      0x384 src/ASF/xmega/drivers/usart/usart.o
                0x00001452                usart_init_spi
 .text.vListInitialise
                0x000017d6       0x1c src/FreeRTOS/list.o
                0x000017d6                vListInitialise
 .text.vListInitialiseItem
                0x000017f2        0x8 src/FreeRTOS/list.o
                0x000017f2                vListInitialiseItem
 .text.vListInsertEnd
                0x000017fa       0x42 src/FreeRTOS/list.o
                0x000017fa                vListInsertEnd
 .text.vListInsert
                0x0000183c       0x62 src/FreeRTOS/list.o
                0x0000183c                vListInsert
 .text.uxListRemove
                0x0000189e       0x4c src/FreeRTOS/list.o
                0x0000189e                uxListRemove
 .text.pxPortInitialiseStack
                0x000018ea       0xee src/FreeRTOS/portable/GCC/ATXmega256A3BU/port.o
                0x000018ea                pxPortInitialiseStack
 .text.xPortStartScheduler
                0x000019d8       0x88 src/FreeRTOS/portable/GCC/ATXmega256A3BU/port.o
                0x000019d8                xPortStartScheduler
 .text.vPortYield
                0x00001a60       0xb0 src/FreeRTOS/portable/GCC/ATXmega256A3BU/port.o
                0x00001a60                vPortYield
 .text.__vector_14
                0x00001b10       0xb4 src/FreeRTOS/portable/GCC/ATXmega256A3BU/port.o
                0x00001b10                __vector_14
 .text.pvPortMalloc
                0x00001bc4       0x1a src/FreeRTOS/portable/MemMang/heap_3.o
                0x00001bc4                pvPortMalloc
 .text.vPortFree
                0x00001bde       0x1a src/FreeRTOS/portable/MemMang/heap_3.o
                0x00001bde                vPortFree
 .text.prvCopyDataToQueue
                0x00001bf8       0x9a src/FreeRTOS/queue.o
 .text.prvCopyDataFromQueue
                0x00001c92       0x34 src/FreeRTOS/queue.o
 .text.prvUnlockQueue
                0x00001cc6       0x8c src/FreeRTOS/queue.o
 .text.xQueueGenericReset
                0x00001d52       0x72 src/FreeRTOS/queue.o
                0x00001d52                xQueueGenericReset
 .text.xQueueGenericCreate
                0x00001dc4       0x56 src/FreeRTOS/queue.o
                0x00001dc4                xQueueGenericCreate
 .text.xQueueGenericSend
                0x00001e1a      0x11c src/FreeRTOS/queue.o
                0x00001e1a                xQueueGenericSend
 .text.xQueueGenericSendFromISR
                0x00001f36       0x64 src/FreeRTOS/queue.o
                0x00001f36                xQueueGenericSendFromISR
 .text.xQueueGenericReceive
                0x00001f9a      0x12e src/FreeRTOS/queue.o
                0x00001f9a                xQueueGenericReceive
 .text.vQueueWaitForMessageRestricted
                0x000020c8       0x36 src/FreeRTOS/queue.o
                0x000020c8                vQueueWaitForMessageRestricted
 .text.prvIdleTask
                0x000020fe       0x10 src/FreeRTOS/tasks.o
 .text.prvAddCurrentTaskToDelayedList
                0x0000210e       0x6a src/FreeRTOS/tasks.o
 .text.xTaskGenericCreate
                0x00002178      0x1fc src/FreeRTOS/tasks.o
                0x00002178                xTaskGenericCreate
 .text.vTaskStartScheduler
                0x00002374       0x66 src/FreeRTOS/tasks.o
                0x00002374                vTaskStartScheduler
 .text.vTaskSuspendAll
                0x000023da        0xc src/FreeRTOS/tasks.o
                0x000023da                vTaskSuspendAll
 .text.xTaskGetTickCount
                0x000023e6       0x14 src/FreeRTOS/tasks.o
                0x000023e6                xTaskGetTickCount
 .text.xTaskIncrementTick
                0x000023fa      0x1aa src/FreeRTOS/tasks.o
                0x000023fa                xTaskIncrementTick
 .text.xTaskResumeAll
                0x000025a4       0xfc src/FreeRTOS/tasks.o
                0x000025a4                xTaskResumeAll
 .text.vTaskDelay
                0x000026a0       0x36 src/FreeRTOS/tasks.o
                0x000026a0                vTaskDelay
 .text.vTaskSwitchContext
                0x000026d6       0xbc src/FreeRTOS/tasks.o
                0x000026d6                vTaskSwitchContext
 .text.vTaskPlaceOnEventList
                0x00002792       0x34 src/FreeRTOS/tasks.o
                0x00002792                vTaskPlaceOnEventList
 .text.vTaskPlaceOnEventListRestricted
                0x000027c6       0x34 src/FreeRTOS/tasks.o
                0x000027c6                vTaskPlaceOnEventListRestricted
 .text.xTaskRemoveFromEventList
                0x000027fa       0x8c src/FreeRTOS/tasks.o
                0x000027fa                xTaskRemoveFromEventList
 .text.vTaskSetTimeOutState
                0x00002886       0x16 src/FreeRTOS/tasks.o
                0x00002886                vTaskSetTimeOutState
 .text.xTaskCheckForTimeOut
                0x0000289c       0x64 src/FreeRTOS/tasks.o
                0x0000289c                xTaskCheckForTimeOut
 .text.vTaskMissedYield
                0x00002900        0x8 src/FreeRTOS/tasks.o
                0x00002900                vTaskMissedYield
 .text.xTaskGetSchedulerState
                0x00002908       0x1c src/FreeRTOS/tasks.o
                0x00002908                xTaskGetSchedulerState
 .text.prvInsertTimerInActiveList
                0x00002924       0x5e src/FreeRTOS/timers.o
 .text.prvCheckForValidListAndQueue
                0x00002982       0x50 src/FreeRTOS/timers.o
 .text.xTimerCreateTimerTask
                0x000029d2       0x50 src/FreeRTOS/timers.o
                0x000029d2                xTimerCreateTimerTask
 .text.xTimerCreate
                0x00002a22       0x6c src/FreeRTOS/timers.o
                0x00002a22                xTimerCreate
 .text.xTimerGenericCommand
                0x00002a8e       0x84 src/FreeRTOS/timers.o
                0x00002a8e                xTimerGenericCommand
 .text.prvSampleTimeNow
                0x00002b12       0xdc src/FreeRTOS/timers.o
 .text.prvTimerTask
                0x00002bee      0x1ba src/FreeRTOS/timers.o
 .text.ioport_configure_port_pin
                0x00002da8       0x50 src/ASF/common/services/ioport/xmega/ioport_compat.o
                0x00002da8                ioport_configure_port_pin
 .text.board_init
                0x00002df8      0x13a src/ASF/xmega/boards/xmega_a3bu_xplained/init.o
                0x00002df8                board_init
 .text.vTimerCallback
                0x00002f32       0x28 src/main.o
                0x00002f32                vTimerCallback
 .text.testLamp
                0x00002f5a       0x1a src/main.o
 .text.testPot  0x00002f74       0x3e src/main.o
 .text.testTempS
                0x00002fb2       0x3e src/main.o
 .text.testLightS
                0x00002ff0       0x34 src/main.o
 .text.testLCD  0x00003024       0xba src/main.o
 .text.PWM_Init
                0x000030de       0x28 src/main.o
                0x000030de                PWM_Init
 .text.testServo
                0x00003106       0x78 src/main.o
 .text.main     0x0000317e      0x202 src/main.o
                0x0000317e                main
 .text.libgcc.div
                0x00003380       0x44 c:/program files/atmel/atmel toolchain/avr8 gcc/native/3.4.1061/avr8-gnu-toolchain/bin/../lib/gcc/avr/4.8.1/avrxmega6\libgcc.a(_udivmodsi4.o)
                0x00003380                __udivmodsi4
 .text.libgcc   0x000033c4        0xc c:/program files/atmel/atmel toolchain/avr8 gcc/native/3.4.1061/avr8-gnu-toolchain/bin/../lib/gcc/avr/4.8.1/avrxmega6\libgcc.a(_tablejump.o)
                0x000033c4                __tablejump2__
                0x000033c8                __tablejump__
 .text.avr-libc
                0x000033d0      0x24e c:/program files/atmel/atmel toolchain/avr8 gcc/native/3.4.1061/avr8-gnu-toolchain/bin/../lib/gcc/avr/4.8.1/../../../../avr/lib/avrxmega6\libc.a(malloc.o)
                0x000033d0                malloc
                0x00003500                free
 .text.avr-libc
                0x0000361e       0x12 c:/program files/atmel/atmel toolchain/avr8 gcc/native/3.4.1061/avr8-gnu-toolchain/bin/../lib/gcc/avr/4.8.1/../../../../avr/lib/avrxmega6\libc.a(memcpy.o)
                0x0000361e                memcpy
 .text.avr-libc
                0x00003630       0x6c c:/program files/atmel/atmel toolchain/avr8 gcc/native/3.4.1061/avr8-gnu-toolchain/bin/../lib/gcc/avr/4.8.1/../../../../avr/lib/avrxmega6\libc.a(snprintf.o)
                0x00003630                snprintf
 .text.avr-libc
                0x0000369c      0x3d0 c:/program files/atmel/atmel toolchain/avr8 gcc/native/3.4.1061/avr8-gnu-toolchain/bin/../lib/gcc/avr/4.8.1/../../../../avr/lib/avrxmega6\libc.a(vfprintf_std.o)
                0x0000369c                vfprintf
 .text.avr-libc
                0x00003a6c       0x16 c:/program files/atmel/atmel toolchain/avr8 gcc/native/3.4.1061/avr8-gnu-toolchain/bin/../lib/gcc/avr/4.8.1/../../../../avr/lib/avrxmega6\libc.a(strnlen_P.o)
                0x00003a6c                strnlen_P
 .text.avr-libc
                0x00003a82       0x16 c:/program files/atmel/atmel toolchain/avr8 gcc/native/3.4.1061/avr8-gnu-toolchain/bin/../lib/gcc/avr/4.8.1/../../../../avr/lib/avrxmega6\libc.a(strnlen.o)
                0x00003a82                strnlen
 .text.avr-libc
                0x00003a98       0x64 c:/program files/atmel/atmel toolchain/avr8 gcc/native/3.4.1061/avr8-gnu-toolchain/bin/../lib/gcc/avr/4.8.1/../../../../avr/lib/avrxmega6\libc.a(fputc.o)
                0x00003a98                fputc
 .text.avr-libc
                0x00003afc       0xbc c:/program files/atmel/atmel toolchain/avr8 gcc/native/3.4.1061/avr8-gnu-toolchain/bin/../lib/gcc/avr/4.8.1/../../../../avr/lib/avrxmega6\libc.a(ultoa_invert.o)
                0x00003afc                __ultoa_invert
                0x00003bb8                . = ALIGN (0x2)
 *(.fini9)
 .fini9         0x00003bb8        0x0 c:/program files/atmel/atmel toolchain/avr8 gcc/native/3.4.1061/avr8-gnu-toolchain/bin/../lib/gcc/avr/4.8.1/avrxmega6\libgcc.a(_exit.o)
                0x00003bb8                _exit
                0x00003bb8                exit
 *(.fini9)
 *(.fini8)
 *(.fini8)
 *(.fini7)
 *(.fini7)
 *(.fini6)
 *(.fini6)
 *(.fini5)
 *(.fini5)
 *(.fini4)
 *(.fini4)
 *(.fini3)
 *(.fini3)
 *(.fini2)
 *(.fini2)
 *(.fini1)
 *(.fini1)
 *(.fini0)
 .fini0         0x00003bb8        0x4 c:/program files/atmel/atmel toolchain/avr8 gcc/native/3.4.1061/avr8-gnu-toolchain/bin/../lib/gcc/avr/4.8.1/avrxmega6\libgcc.a(_exit.o)
 *(.fini0)
                0x00003bbc                _etext = .

.data           0x00802000       0x50 load address 0x00003bbc
                0x00802000                PROVIDE (__data_start, .)
 *(.data)
 .data          0x00802000        0x6 c:/program files/atmel/atmel toolchain/avr8 gcc/native/3.4.1061/avr8-gnu-toolchain/bin/../lib/gcc/avr/4.8.1/../../../../avr/lib/avrxmega6\libc.a(malloc.o)
                0x00802000                __malloc_heap_end
                0x00802002                __malloc_heap_start
                0x00802004                __malloc_margin
 *(.data*)
 .data.sysfont  0x00802006        0x7 src/ASF/common/services/gfx_mono/sysfont.o
                0x00802006                sysfont
 *(.rodata)
 *(.rodata*)
 .rodata.str1.1
                0x0080200d        0x5 src/FreeRTOS/tasks.o
 .rodata.str1.1
                0x00802012        0x8 src/FreeRTOS/timers.o
 .rodata.str1.1
                0x0080201a       0x36 src/main.o
                                 0x37 (size before relaxing)
 *(.gnu.linkonce.d*)
                0x00802050                . = ALIGN (0x2)
                0x00802050                _edata = .
                0x00802050                PROVIDE (__data_end, .)

.bss            0x00802050      0x359
                0x00802050                PROVIDE (__bss_start, .)
 *(.bss)
 *(.bss*)
 .bss.framebuffer
                0x00802050      0x200 src/ASF/common/services/gfx_mono/gfx_mono_c12832_a1z.o
 .bss.fbpointer
                0x00802250        0x2 src/ASF/common/services/gfx_mono/gfx_mono_framebuffer.o
 .bss.adcb_enable_count
                0x00802252        0x1 src/ASF/xmega/drivers/adc/adc.o
 .bss.adca_enable_count
                0x00802253        0x1 src/ASF/xmega/drivers/adc/adc.o
 .bss.uxSchedulerSuspended
                0x00802254        0x1 src/FreeRTOS/tasks.o
 .bss.xNextTaskUnblockTime
                0x00802255        0x2 src/FreeRTOS/tasks.o
 .bss.uxTaskNumber
                0x00802257        0x1 src/FreeRTOS/tasks.o
 .bss.xNumOfOverflows
                0x00802258        0x1 src/FreeRTOS/tasks.o
 .bss.xYieldPending
                0x00802259        0x1 src/FreeRTOS/tasks.o
 .bss.uxPendedTicks
                0x0080225a        0x1 src/FreeRTOS/tasks.o
 .bss.xSchedulerRunning
                0x0080225b        0x1 src/FreeRTOS/tasks.o
 .bss.uxTopReadyPriority
                0x0080225c        0x1 src/FreeRTOS/tasks.o
 .bss.xTickCount
                0x0080225d        0x2 src/FreeRTOS/tasks.o
 .bss.uxCurrentNumberOfTasks
                0x0080225f        0x1 src/FreeRTOS/tasks.o
 .bss.xPendingReadyList
                0x00802260        0x9 src/FreeRTOS/tasks.o
 .bss.pxOverflowDelayedTaskList
                0x00802269        0x2 src/FreeRTOS/tasks.o
 .bss.pxDelayedTaskList
                0x0080226b        0x2 src/FreeRTOS/tasks.o
 .bss.xDelayedTaskList2
                0x0080226d        0x9 src/FreeRTOS/tasks.o
 .bss.xDelayedTaskList1
                0x00802276        0x9 src/FreeRTOS/tasks.o
 .bss.pxReadyTasksLists
                0x0080227f       0x2d src/FreeRTOS/tasks.o
 .bss.pxCurrentTCB
                0x008022ac        0x2 src/FreeRTOS/tasks.o
                0x008022ac                pxCurrentTCB
 .bss.xLastTime.4256
                0x008022ae        0x2 src/FreeRTOS/timers.o
 .bss.xTimerQueue
                0x008022b0        0x2 src/FreeRTOS/timers.o
 .bss.pxOverflowTimerList
                0x008022b2        0x2 src/FreeRTOS/timers.o
 .bss.pxCurrentTimerList
                0x008022b4        0x2 src/FreeRTOS/timers.o
 .bss.xActiveTimerList2
                0x008022b6        0x9 src/FreeRTOS/timers.o
 .bss.xActiveTimerList1
                0x008022bf        0x9 src/FreeRTOS/timers.o
 .bss.strbuf    0x008022c8       0xc9 src/main.o
 .bss.increment
                0x00802391        0x4 src/main.o
                0x00802391                increment
 .bss.result3   0x00802395        0x2 src/main.o
                0x00802395                result3
 .bss.result2   0x00802397        0x2 src/main.o
                0x00802397                result2
 .bss.result    0x00802399        0x2 src/main.o
                0x00802399                result
 *(COMMON)
 COMMON         0x0080239b        0x6 src/ASF/common/services/sleepmgr/xmega/sleepmgr.o
                0x0080239b                sleepmgr_locks
 COMMON         0x008023a1        0x4 src/ASF/xmega/drivers/adc/adc.o
                0x008023a1                adcb_callback
                0x008023a3                adca_callback
 COMMON         0x008023a5        0x4 c:/program files/atmel/atmel toolchain/avr8 gcc/native/3.4.1061/avr8-gnu-toolchain/bin/../lib/gcc/avr/4.8.1/../../../../avr/lib/avrxmega6\libc.a(malloc.o)
                0x008023a5                __brkval
                0x008023a7                __flp
                0x008023a9                PROVIDE (__bss_end, .)
                0x00003bbc                __data_load_start = LOADADDR (.data)
                0x00003c0c                __data_load_end = (__data_load_start + SIZEOF (.data))

.noinit         0x008023a9        0x0
                0x008023a9                PROVIDE (__noinit_start, .)
 *(.noinit*)
                0x008023a9                PROVIDE (__noinit_end, .)
                0x008023a9                _end = .
                0x008023a9                PROVIDE (__heap_start, .)

.eeprom         0x00810000        0x0
 *(.eeprom*)
                0x00810000                __eeprom_end = .

.fuse
 *(.fuse)
 *(.lfuse)
 *(.hfuse)
 *(.efuse)

.lock
 *(.lock*)

.signature
 *(.signature*)

.user_signatures
 *(.user_signatures*)

.stab
 *(.stab)

.stabstr
 *(.stabstr)

.stab.excl
 *(.stab.excl)

.stab.exclstr
 *(.stab.exclstr)

.stab.index
 *(.stab.index)

.stab.indexstr
 *(.stab.indexstr)

.comment        0x00000000       0x5c
 *(.comment)
 .comment       0x00000000       0x30 src/ASF/common/components/display/st7565r/st7565r.o
                                 0x31 (size before relaxing)
 .comment       0x00000000       0x31 src/ASF/common/services/clock/xmega/sysclk.o
 .comment       0x00000000       0x31 src/ASF/common/services/gfx_mono/gfx_mono_c12832_a1z.o
 .comment       0x00000000       0x31 src/ASF/common/services/gfx_mono/gfx_mono_framebuffer.o
 .comment       0x00000000       0x31 src/ASF/common/services/gfx_mono/gfx_mono_generic.o
 .comment       0x00000000       0x31 src/ASF/common/services/gfx_mono/gfx_mono_text.o
 .comment       0x00000000       0x31 src/ASF/common/services/gfx_mono/sysfont.o
 .comment       0x00000000       0x31 src/ASF/common/services/sleepmgr/xmega/sleepmgr.o
 .comment       0x00000000       0x31 src/ASF/common/services/spi/xmega_usart_spi/usart_spi.o
 .comment       0x00000000       0x31 src/ASF/xmega/drivers/adc/adc.o
 .comment       0x00000000       0x31 src/ASF/xmega/drivers/adc/xmega_aau/adc_aau.o
 .comment       0x00000000       0x31 src/ASF/xmega/drivers/usart/usart.o
 .comment       0x00000000       0x31 src/FreeRTOS/list.o
 .comment       0x00000000       0x31 src/FreeRTOS/portable/GCC/ATXmega256A3BU/port.o
 .comment       0x00000000       0x31 src/FreeRTOS/portable/MemMang/heap_3.o
 .comment       0x00000000       0x31 src/FreeRTOS/queue.o
 .comment       0x00000000       0x31 src/FreeRTOS/tasks.o
 .comment       0x00000000       0x31 src/FreeRTOS/timers.o
 .comment       0x00000000       0x31 src/ASF/common/services/ioport/xmega/ioport_compat.o
 .comment       0x00000000       0x31 src/ASF/xmega/boards/xmega_a3bu_xplained/init.o
 .comment       0x00000000       0x31 src/main.o
 .comment       0x00000000       0x31 c:/program files/atmel/atmel toolchain/avr8 gcc/native/3.4.1061/avr8-gnu-toolchain/bin/../lib/gcc/avr/4.8.1/../../../../avr/lib/avrxmega6\libc.a(malloc.o)
 .comment       0x00000000       0x31 c:/program files/atmel/atmel toolchain/avr8 gcc/native/3.4.1061/avr8-gnu-toolchain/bin/../lib/gcc/avr/4.8.1/../../../../avr/lib/avrxmega6\libc.a(snprintf.o)
 .comment       0x00000030       0x2c c:/program files/atmel/atmel toolchain/avr8 gcc/native/3.4.1061/avr8-gnu-toolchain/bin/../lib/gcc/avr/4.8.1/../../../../avr/lib/avrxmega6\libc.a(vfprintf_std.o)
                                 0x2d (size before relaxing)
 .comment       0x00000000       0x31 c:/program files/atmel/atmel toolchain/avr8 gcc/native/3.4.1061/avr8-gnu-toolchain/bin/../lib/gcc/avr/4.8.1/../../../../avr/lib/avrxmega6\libc.a(fputc.o)

.note.gnu.build-id
 *(.note.gnu.build-id)

.debug
 *(.debug)

.line
 *(.line)

.debug_srcinfo
 *(.debug_srcinfo)

.debug_sfnames
 *(.debug_sfnames)

.debug_aranges  0x00000000      0x6c8
 *(.debug_aranges)
 .debug_aranges
                0x00000000       0x20 src/ASF/common/components/display/st7565r/st7565r.o
 .debug_aranges
                0x00000020       0x40 src/ASF/common/services/clock/xmega/sysclk.o
 .debug_aranges
                0x00000060       0x60 src/ASF/common/services/gfx_mono/gfx_mono_c12832_a1z.o
 .debug_aranges
                0x000000c0       0x58 src/ASF/common/services/gfx_mono/gfx_mono_framebuffer.o
 .debug_aranges
                0x00000118       0x58 src/ASF/common/services/gfx_mono/gfx_mono_generic.o
 .debug_aranges
                0x00000170       0x40 src/ASF/common/services/gfx_mono/gfx_mono_text.o
 .debug_aranges
                0x000001b0       0x18 src/ASF/common/services/gfx_mono/sysfont.o
 .debug_aranges
                0x000001c8       0x18 src/ASF/common/services/sleepmgr/xmega/sleepmgr.o
 .debug_aranges
                0x000001e0       0x48 src/ASF/common/services/spi/xmega_usart_spi/usart_spi.o
 .debug_aranges
                0x00000228       0x48 src/ASF/xmega/drivers/adc/adc.o
 .debug_aranges
                0x00000270       0x78 src/ASF/xmega/drivers/adc/xmega_aau/adc_aau.o
 .debug_aranges
                0x000002e8       0x28 src/ASF/xmega/drivers/nvm/nvm_asm.o
 .debug_aranges
                0x00000310       0x58 src/ASF/xmega/drivers/usart/usart.o
 .debug_aranges
                0x00000368       0x40 src/FreeRTOS/list.o
 .debug_aranges
                0x000003a8       0x38 src/FreeRTOS/portable/GCC/ATXmega256A3BU/port.o
 .debug_aranges
                0x000003e0       0x28 src/FreeRTOS/portable/MemMang/heap_3.o
 .debug_aranges
                0x00000408       0xa8 src/FreeRTOS/queue.o
 .debug_aranges
                0x000004b0      0x108 src/FreeRTOS/tasks.o
 .debug_aranges
                0x000005b8       0x70 src/FreeRTOS/timers.o
 .debug_aranges
                0x00000628       0x20 src/ASF/common/services/ioport/xmega/ioport_compat.o
 .debug_aranges
                0x00000648       0x20 src/ASF/xmega/boards/xmega_a3bu_xplained/init.o
 .debug_aranges
                0x00000668       0x60 src/main.o

.debug_pubnames
 *(.debug_pubnames)

.debug_info     0x00000000    0x126a0
 *(.debug_info .gnu.linkonce.wi.*)
 .debug_info    0x00000000     0x186c src/ASF/common/components/display/st7565r/st7565r.o
 .debug_info    0x0000186c      0x705 src/ASF/common/services/clock/xmega/sysclk.o
 .debug_info    0x00001f71     0x1d6a src/ASF/common/services/gfx_mono/gfx_mono_c12832_a1z.o
 .debug_info    0x00003cdb      0x479 src/ASF/common/services/gfx_mono/gfx_mono_framebuffer.o
 .debug_info    0x00004154      0xc2e src/ASF/common/services/gfx_mono/gfx_mono_generic.o
 .debug_info    0x00004d82      0x723 src/ASF/common/services/gfx_mono/gfx_mono_text.o
 .debug_info    0x000054a5      0x188 src/ASF/common/services/gfx_mono/sysfont.o
 .debug_info    0x0000562d      0x121 src/ASF/common/services/sleepmgr/xmega/sleepmgr.o
 .debug_info    0x0000574e      0xbb2 src/ASF/common/services/spi/xmega_usart_spi/usart_spi.o
 .debug_info    0x00006300      0xaad src/ASF/xmega/drivers/adc/adc.o
 .debug_info    0x00006dad      0xec2 src/ASF/xmega/drivers/adc/xmega_aau/adc_aau.o
 .debug_info    0x00007c6f       0xb9 src/ASF/xmega/drivers/nvm/nvm_asm.o
 .debug_info    0x00007d28     0x2d0f src/ASF/xmega/drivers/usart/usart.o
 .debug_info    0x0000aa37      0x2d1 src/FreeRTOS/list.o
 .debug_info    0x0000ad08      0x9ec src/FreeRTOS/portable/GCC/ATXmega256A3BU/port.o
 .debug_info    0x0000b6f4      0x18c src/FreeRTOS/portable/MemMang/heap_3.o
 .debug_info    0x0000b880     0x1021 src/FreeRTOS/queue.o
 .debug_info    0x0000c8a1     0x16c2 src/FreeRTOS/tasks.o
 .debug_info    0x0000df63     0x101d src/FreeRTOS/timers.o
 .debug_info    0x0000ef80      0x11d src/ASF/common/services/ioport/xmega/ioport_compat.o
 .debug_info    0x0000f09d      0xa6d src/ASF/xmega/boards/xmega_a3bu_xplained/init.o
 .debug_info    0x0000fb0a     0x2b96 src/main.o

.debug_abbrev   0x00000000     0x3040
 *(.debug_abbrev)
 .debug_abbrev  0x00000000      0x281 src/ASF/common/components/display/st7565r/st7565r.o
 .debug_abbrev  0x00000281      0x25b src/ASF/common/services/clock/xmega/sysclk.o
 .debug_abbrev  0x000004dc      0x390 src/ASF/common/services/gfx_mono/gfx_mono_c12832_a1z.o
 .debug_abbrev  0x0000086c      0x18b src/ASF/common/services/gfx_mono/gfx_mono_framebuffer.o
 .debug_abbrev  0x000009f7      0x1d6 src/ASF/common/services/gfx_mono/gfx_mono_generic.o
 .debug_abbrev  0x00000bcd      0x23e src/ASF/common/services/gfx_mono/gfx_mono_text.o
 .debug_abbrev  0x00000e0b       0xde src/ASF/common/services/gfx_mono/sysfont.o
 .debug_abbrev  0x00000ee9       0x80 src/ASF/common/services/sleepmgr/xmega/sleepmgr.o
 .debug_abbrev  0x00000f69      0x2eb src/ASF/common/services/spi/xmega_usart_spi/usart_spi.o
 .debug_abbrev  0x00001254      0x2b9 src/ASF/xmega/drivers/adc/adc.o
 .debug_abbrev  0x0000150d      0x32a src/ASF/xmega/drivers/adc/xmega_aau/adc_aau.o
 .debug_abbrev  0x00001837       0x12 src/ASF/xmega/drivers/nvm/nvm_asm.o
 .debug_abbrev  0x00001849      0x3e8 src/ASF/xmega/drivers/usart/usart.o
 .debug_abbrev  0x00001c31       0xfb src/FreeRTOS/list.o
 .debug_abbrev  0x00001d2c      0x1e1 src/FreeRTOS/portable/GCC/ATXmega256A3BU/port.o
 .debug_abbrev  0x00001f0d      0x11b src/FreeRTOS/portable/MemMang/heap_3.o
 .debug_abbrev  0x00002028      0x2d0 src/FreeRTOS/queue.o
 .debug_abbrev  0x000022f8      0x35b src/FreeRTOS/tasks.o
 .debug_abbrev  0x00002653      0x360 src/FreeRTOS/timers.o
 .debug_abbrev  0x000029b3       0x93 src/ASF/common/services/ioport/xmega/ioport_compat.o
 .debug_abbrev  0x00002a46      0x160 src/ASF/xmega/boards/xmega_a3bu_xplained/init.o
 .debug_abbrev  0x00002ba6      0x49a src/main.o

.debug_line     0x00000000     0xb11c
 *(.debug_line .debug_line.* .debug_line_end)
 .debug_line    0x00000000      0xa69 src/ASF/common/components/display/st7565r/st7565r.o
 .debug_line    0x00000a69      0x5d1 src/ASF/common/services/clock/xmega/sysclk.o
 .debug_line    0x0000103a      0xd90 src/ASF/common/services/gfx_mono/gfx_mono_c12832_a1z.o
 .debug_line    0x00001dca      0x905 src/ASF/common/services/gfx_mono/gfx_mono_framebuffer.o
 .debug_line    0x000026cf      0xbf0 src/ASF/common/services/gfx_mono/gfx_mono_generic.o
 .debug_line    0x000032bf      0x99b src/ASF/common/services/gfx_mono/gfx_mono_text.o
 .debug_line    0x00003c5a      0x78b src/ASF/common/services/gfx_mono/sysfont.o
 .debug_line    0x000043e5      0x420 src/ASF/common/services/sleepmgr/xmega/sleepmgr.o
 .debug_line    0x00004805      0x7b7 src/ASF/common/services/spi/xmega_usart_spi/usart_spi.o
 .debug_line    0x00004fbc      0x752 src/ASF/xmega/drivers/adc/adc.o
 .debug_line    0x0000570e      0x938 src/ASF/xmega/drivers/adc/xmega_aau/adc_aau.o
 .debug_line    0x00006046      0x11f src/ASF/xmega/drivers/nvm/nvm_asm.o
 .debug_line    0x00006165      0xc6c src/ASF/xmega/drivers/usart/usart.o
 .debug_line    0x00006dd1      0x411 src/FreeRTOS/list.o
 .debug_line    0x000071e2      0x495 src/FreeRTOS/portable/GCC/ATXmega256A3BU/port.o
 .debug_line    0x00007677      0x359 src/FreeRTOS/portable/MemMang/heap_3.o
 .debug_line    0x000079d0      0x9e8 src/FreeRTOS/queue.o
 .debug_line    0x000083b8      0xdfe src/FreeRTOS/tasks.o
 .debug_line    0x000091b6      0x6a9 src/FreeRTOS/timers.o
 .debug_line    0x0000985f      0x47d src/ASF/common/services/ioport/xmega/ioport_compat.o
 .debug_line    0x00009cdc      0x4a8 src/ASF/xmega/boards/xmega_a3bu_xplained/init.o
 .debug_line    0x0000a184      0xf98 src/main.o

.debug_frame    0x00000000     0x16b4
 *(.debug_frame)
 .debug_frame   0x00000000       0x58 src/ASF/common/components/display/st7565r/st7565r.o
 .debug_frame   0x00000058       0x64 src/ASF/common/services/clock/xmega/sysclk.o
 .debug_frame   0x000000bc      0x1b0 src/ASF/common/services/gfx_mono/gfx_mono_c12832_a1z.o
 .debug_frame   0x0000026c       0xd0 src/ASF/common/services/gfx_mono/gfx_mono_framebuffer.o
 .debug_frame   0x0000033c      0x21c src/ASF/common/services/gfx_mono/gfx_mono_generic.o
 .debug_frame   0x00000558       0xec src/ASF/common/services/gfx_mono/gfx_mono_text.o
 .debug_frame   0x00000644       0x90 src/ASF/common/services/spi/xmega_usart_spi/usart_spi.o
 .debug_frame   0x000006d4       0x8c src/ASF/xmega/drivers/adc/adc.o
 .debug_frame   0x00000760      0x3a4 src/ASF/xmega/drivers/adc/xmega_aau/adc_aau.o
 .debug_frame   0x00000b04      0x148 src/ASF/xmega/drivers/usart/usart.o
 .debug_frame   0x00000c4c       0x88 src/FreeRTOS/list.o
 .debug_frame   0x00000cd4       0x60 src/FreeRTOS/portable/GCC/ATXmega256A3BU/port.o
 .debug_frame   0x00000d34       0x4c src/FreeRTOS/portable/MemMang/heap_3.o
 .debug_frame   0x00000d80      0x23c src/FreeRTOS/queue.o
 .debug_frame   0x00000fbc      0x3f0 src/FreeRTOS/tasks.o
 .debug_frame   0x000013ac      0x180 src/FreeRTOS/timers.o
 .debug_frame   0x0000152c       0x30 src/ASF/common/services/ioport/xmega/ioport_compat.o
 .debug_frame   0x0000155c       0x24 src/ASF/xmega/boards/xmega_a3bu_xplained/init.o
 .debug_frame   0x00001580      0x134 src/main.o

.debug_str      0x00000000    0x34ec3
 *(.debug_str)
 .debug_str     0x00000000    0x28847 src/ASF/common/components/display/st7565r/st7565r.o
                              0x290c7 (size before relaxing)
 .debug_str     0x00028847      0x3a9 src/ASF/common/services/clock/xmega/sysclk.o
                              0x27f1d (size before relaxing)
 .debug_str     0x00028bf0      0xc05 src/ASF/common/services/gfx_mono/gfx_mono_c12832_a1z.o
                              0x299c8 (size before relaxing)
 .debug_str     0x000297f5       0xba src/ASF/common/services/gfx_mono/gfx_mono_framebuffer.o
                              0x295e3 (size before relaxing)
 .debug_str     0x000298af      0x225 src/ASF/common/services/gfx_mono/gfx_mono_generic.o
                              0x29726 (size before relaxing)
 .debug_str     0x00029ad4      0x233 src/ASF/common/services/gfx_mono/gfx_mono_text.o
                              0x296cb (size before relaxing)
 .debug_str     0x00029d07     0x10b0 src/ASF/common/services/gfx_mono/sysfont.o
                              0x2a517 (size before relaxing)
 .debug_str     0x0002adb7      0x4bf src/ASF/common/services/sleepmgr/xmega/sleepmgr.o
                              0x25c05 (size before relaxing)
 .debug_str     0x0002b276      0x1d1 src/ASF/common/services/spi/xmega_usart_spi/usart_spi.o
                              0x28713 (size before relaxing)
 .debug_str     0x0002b447      0x905 src/ASF/xmega/drivers/adc/adc.o
                              0x28949 (size before relaxing)
 .debug_str     0x0002bd4c      0x57e src/ASF/xmega/drivers/adc/xmega_aau/adc_aau.o
                              0x28ba8 (size before relaxing)
 .debug_str     0x0002c2ca      0x987 src/ASF/xmega/drivers/usart/usart.o
                              0x29252 (size before relaxing)
 .debug_str     0x0002cc51     0x2cfc src/FreeRTOS/list.o
                              0x1b1e7 (size before relaxing)
 .debug_str     0x0002f94d     0x16bc src/FreeRTOS/portable/GCC/ATXmega256A3BU/port.o
                              0x1cc93 (size before relaxing)
 .debug_str     0x00031009       0xca src/FreeRTOS/portable/MemMang/heap_3.o
                              0x1b8c7 (size before relaxing)
 .debug_str     0x000310d3     0x11d9 src/FreeRTOS/queue.o
                              0x1cb8f (size before relaxing)
 .debug_str     0x000322ac     0x13b5 src/FreeRTOS/tasks.o
                              0x1d0aa (size before relaxing)
 .debug_str     0x00033661      0x396 src/FreeRTOS/timers.o
                              0x1d0c6 (size before relaxing)
 .debug_str     0x000339f7       0x77 src/ASF/common/services/ioport/xmega/ioport_compat.o
                              0x25dd1 (size before relaxing)
 .debug_str     0x00033a6e       0xf7 src/ASF/xmega/boards/xmega_a3bu_xplained/init.o
                              0x27856 (size before relaxing)
 .debug_str     0x00033b65     0x135e src/main.o
                              0x30752 (size before relaxing)

.debug_loc      0x00000000     0x9417
 *(.debug_loc)
 .debug_loc     0x00000000      0x113 src/ASF/common/components/display/st7565r/st7565r.o
 .debug_loc     0x00000113      0x217 src/ASF/common/services/clock/xmega/sysclk.o
 .debug_loc     0x0000032a      0xd01 src/ASF/common/services/gfx_mono/gfx_mono_c12832_a1z.o
 .debug_loc     0x0000102b      0x592 src/ASF/common/services/gfx_mono/gfx_mono_framebuffer.o
 .debug_loc     0x000015bd     0x10aa src/ASF/common/services/gfx_mono/gfx_mono_generic.o
 .debug_loc     0x00002667      0x957 src/ASF/common/services/gfx_mono/gfx_mono_text.o
 .debug_loc     0x00002fbe      0x585 src/ASF/common/services/spi/xmega_usart_spi/usart_spi.o
 .debug_loc     0x00003543      0x216 src/ASF/xmega/drivers/adc/adc.o
 .debug_loc     0x00003759      0xd75 src/ASF/xmega/drivers/adc/xmega_aau/adc_aau.o
 .debug_loc     0x000044ce      0xfe9 src/ASF/xmega/drivers/usart/usart.o
 .debug_loc     0x000054b7      0x155 src/FreeRTOS/list.o
 .debug_loc     0x0000560c      0x2b0 src/FreeRTOS/portable/GCC/ATXmega256A3BU/port.o
 .debug_loc     0x000058bc      0x102 src/FreeRTOS/portable/MemMang/heap_3.o
 .debug_loc     0x000059be     0x107d src/FreeRTOS/queue.o
 .debug_loc     0x00006a3b     0x18e5 src/FreeRTOS/tasks.o
 .debug_loc     0x00008320      0xb9f src/FreeRTOS/timers.o
 .debug_loc     0x00008ebf       0x66 src/ASF/common/services/ioport/xmega/ioport_compat.o
 .debug_loc     0x00008f25      0x4f2 src/main.o

.debug_macinfo
 *(.debug_macinfo)

.debug_weaknames
 *(.debug_weaknames)

.debug_funcnames
 *(.debug_funcnames)

.debug_typenames
 *(.debug_typenames)

.debug_varnames
 *(.debug_varnames)

.debug_pubtypes
 *(.debug_pubtypes)

.debug_ranges   0x00000000      0x8a8
 *(.debug_ranges)
 .debug_ranges  0x00000000       0x10 src/ASF/common/components/display/st7565r/st7565r.o
 .debug_ranges  0x00000010       0x30 src/ASF/common/services/clock/xmega/sysclk.o
 .debug_ranges  0x00000040      0x188 src/ASF/common/services/gfx_mono/gfx_mono_c12832_a1z.o
 .debug_ranges  0x000001c8       0x48 src/ASF/common/services/gfx_mono/gfx_mono_framebuffer.o
 .debug_ranges  0x00000210       0x48 src/ASF/common/services/gfx_mono/gfx_mono_generic.o
 .debug_ranges  0x00000258       0x30 src/ASF/common/services/gfx_mono/gfx_mono_text.o
 .debug_ranges  0x00000288       0x98 src/ASF/common/services/spi/xmega_usart_spi/usart_spi.o
 .debug_ranges  0x00000320       0x38 src/ASF/xmega/drivers/adc/adc.o
 .debug_ranges  0x00000358       0x68 src/ASF/xmega/drivers/adc/xmega_aau/adc_aau.o
 .debug_ranges  0x000003c0       0x20 src/ASF/xmega/drivers/nvm/nvm_asm.o
 .debug_ranges  0x000003e0       0x80 src/ASF/xmega/drivers/usart/usart.o
 .debug_ranges  0x00000460       0x30 src/FreeRTOS/list.o
 .debug_ranges  0x00000490       0x28 src/FreeRTOS/portable/GCC/ATXmega256A3BU/port.o
 .debug_ranges  0x000004b8       0x18 src/FreeRTOS/portable/MemMang/heap_3.o
 .debug_ranges  0x000004d0       0x98 src/FreeRTOS/queue.o
 .debug_ranges  0x00000568      0x140 src/FreeRTOS/tasks.o
 .debug_ranges  0x000006a8       0xb8 src/FreeRTOS/timers.o
 .debug_ranges  0x00000760       0x10 src/ASF/common/services/ioport/xmega/ioport_compat.o
 .debug_ranges  0x00000770       0x10 src/ASF/xmega/boards/xmega_a3bu_xplained/init.o
 .debug_ranges  0x00000780      0x128 src/main.o

.debug_macro    0x00000000     0xc5bf
 *(.debug_macro)
 .debug_macro   0x00000000      0x276 src/ASF/common/components/display/st7565r/st7565r.o
 .debug_macro   0x00000276      0xa7e src/ASF/common/components/display/st7565r/st7565r.o
 .debug_macro   0x00000cf4       0x10 src/ASF/common/components/display/st7565r/st7565r.o
 .debug_macro   0x00000d04      0x1ad src/ASF/common/components/display/st7565r/st7565r.o
 .debug_macro   0x00000eb1      0x293 src/ASF/common/components/display/st7565r/st7565r.o
 .debug_macro   0x00001144       0x9e src/ASF/common/components/display/st7565r/st7565r.o
 .debug_macro   0x000011e2     0x5cc8 src/ASF/common/components/display/st7565r/st7565r.o
 .debug_macro   0x00006eaa       0x9a src/ASF/common/components/display/st7565r/st7565r.o
 .debug_macro   0x00006f44       0xf1 src/ASF/common/components/display/st7565r/st7565r.o
 .debug_macro   0x00007035       0x34 src/ASF/common/components/display/st7565r/st7565r.o
 .debug_macro   0x00007069       0x10 src/ASF/common/components/display/st7565r/st7565r.o
 .debug_macro   0x00007079       0x18 src/ASF/common/components/display/st7565r/st7565r.o
 .debug_macro   0x00007091       0x5e src/ASF/common/components/display/st7565r/st7565r.o
 .debug_macro   0x000070ef       0x10 src/ASF/common/components/display/st7565r/st7565r.o
 .debug_macro   0x000070ff       0x22 src/ASF/common/components/display/st7565r/st7565r.o
 .debug_macro   0x00007121      0x166 src/ASF/common/components/display/st7565r/st7565r.o
 .debug_macro   0x00007287       0x1c src/ASF/common/components/display/st7565r/st7565r.o
 .debug_macro   0x000072a3       0x35 src/ASF/common/components/display/st7565r/st7565r.o
 .debug_macro   0x000072d8       0x66 src/ASF/common/components/display/st7565r/st7565r.o
 .debug_macro   0x0000733e      0x4d1 src/ASF/common/components/display/st7565r/st7565r.o
 .debug_macro   0x0000780f       0x97 src/ASF/common/components/display/st7565r/st7565r.o
 .debug_macro   0x000078a6       0x17 src/ASF/common/components/display/st7565r/st7565r.o
 .debug_macro   0x000078bd      0x250 src/ASF/common/components/display/st7565r/st7565r.o
 .debug_macro   0x00007b0d       0x76 src/ASF/common/components/display/st7565r/st7565r.o
 .debug_macro   0x00007b83       0x16 src/ASF/common/components/display/st7565r/st7565r.o
 .debug_macro   0x00007b99      0x6e3 src/ASF/common/components/display/st7565r/st7565r.o
 .debug_macro   0x0000827c       0x10 src/ASF/common/components/display/st7565r/st7565r.o
 .debug_macro   0x0000828c      0x175 src/ASF/common/components/display/st7565r/st7565r.o
 .debug_macro   0x00008401       0x40 src/ASF/common/components/display/st7565r/st7565r.o
 .debug_macro   0x00008441       0x69 src/ASF/common/components/display/st7565r/st7565r.o
 .debug_macro   0x000084aa       0x32 src/ASF/common/components/display/st7565r/st7565r.o
 .debug_macro   0x000084dc       0xe4 src/ASF/common/components/display/st7565r/st7565r.o
 .debug_macro   0x000085c0       0x22 src/ASF/common/components/display/st7565r/st7565r.o
 .debug_macro   0x000085e2      0x248 src/ASF/common/components/display/st7565r/st7565r.o
 .debug_macro   0x0000882a      0x303 src/ASF/common/components/display/st7565r/st7565r.o
 .debug_macro   0x00008b2d       0x7d src/ASF/common/components/display/st7565r/st7565r.o
 .debug_macro   0x00008baa       0x2f src/ASF/common/components/display/st7565r/st7565r.o
 .debug_macro   0x00008bd9      0x154 src/ASF/common/components/display/st7565r/st7565r.o
 .debug_macro   0x00008d2d       0x82 src/ASF/common/components/display/st7565r/st7565r.o
 .debug_macro   0x00008daf      0x109 src/ASF/common/components/display/st7565r/st7565r.o
 .debug_macro   0x00008eb8       0x28 src/ASF/common/components/display/st7565r/st7565r.o
 .debug_macro   0x00008ee0       0x23 src/ASF/common/components/display/st7565r/st7565r.o
 .debug_macro   0x00008f03       0x3a src/ASF/common/components/display/st7565r/st7565r.o
 .debug_macro   0x00008f3d      0x100 src/ASF/common/components/display/st7565r/st7565r.o
 .debug_macro   0x0000903d       0x34 src/ASF/common/components/display/st7565r/st7565r.o
 .debug_macro   0x00009071       0x2e src/ASF/common/components/display/st7565r/st7565r.o
 .debug_macro   0x0000909f      0x1db src/ASF/common/services/clock/xmega/sysclk.o
 .debug_macro   0x0000927a       0x26 src/ASF/common/services/clock/xmega/sysclk.o
 .debug_macro   0x000092a0      0x2ba src/ASF/common/services/gfx_mono/gfx_mono_c12832_a1z.o
 .debug_macro   0x0000955a       0x7a src/ASF/common/services/gfx_mono/gfx_mono_c12832_a1z.o
 .debug_macro   0x000095d4       0x89 src/ASF/common/services/gfx_mono/gfx_mono_c12832_a1z.o
 .debug_macro   0x0000965d      0x2ae src/ASF/common/services/gfx_mono/gfx_mono_framebuffer.o
 .debug_macro   0x0000990b      0x299 src/ASF/common/services/gfx_mono/gfx_mono_framebuffer.o
 .debug_macro   0x00009ba4      0x2ae src/ASF/common/services/gfx_mono/gfx_mono_generic.o
 .debug_macro   0x00009e52      0x2d5 src/ASF/common/services/gfx_mono/gfx_mono_text.o
 .debug_macro   0x0000a127       0xaa src/ASF/common/services/gfx_mono/gfx_mono_text.o
 .debug_macro   0x0000a1d1      0x2db src/ASF/common/services/gfx_mono/sysfont.o
 .debug_macro   0x0000a4ac       0x3a src/ASF/common/services/gfx_mono/sysfont.o
 .debug_macro   0x0000a4e6      0x1a3 src/ASF/common/services/sleepmgr/xmega/sleepmgr.o
 .debug_macro   0x0000a689       0x10 src/ASF/common/services/sleepmgr/xmega/sleepmgr.o
 .debug_macro   0x0000a699       0x5e src/ASF/common/services/sleepmgr/xmega/sleepmgr.o
 .debug_macro   0x0000a6f7      0x234 src/ASF/common/services/spi/xmega_usart_spi/usart_spi.o
 .debug_macro   0x0000a92b      0x22f src/ASF/xmega/drivers/adc/adc.o
 .debug_macro   0x0000ab5a       0x10 src/ASF/xmega/drivers/adc/adc.o
 .debug_macro   0x0000ab6a       0x20 src/ASF/xmega/drivers/adc/adc.o
 .debug_macro   0x0000ab8a       0xc7 src/ASF/xmega/drivers/adc/adc.o
 .debug_macro   0x0000ac51      0x22f src/ASF/xmega/drivers/adc/xmega_aau/adc_aau.o
 .debug_macro   0x0000ae80      0x221 src/ASF/xmega/drivers/usart/usart.o
 .debug_macro   0x0000b0a1      0x107 src/FreeRTOS/list.o
 .debug_macro   0x0000b1a8      0x11a src/FreeRTOS/portable/GCC/ATXmega256A3BU/port.o
 .debug_macro   0x0000b2c2       0x8e src/FreeRTOS/portable/GCC/ATXmega256A3BU/port.o
 .debug_macro   0x0000b350      0x122 src/FreeRTOS/portable/MemMang/heap_3.o
 .debug_macro   0x0000b472      0x17a src/FreeRTOS/queue.o
 .debug_macro   0x0000b5ec       0x20 src/FreeRTOS/queue.o
 .debug_macro   0x0000b60c       0xb0 src/FreeRTOS/queue.o
 .debug_macro   0x0000b6bc      0x1bd src/FreeRTOS/tasks.o
 .debug_macro   0x0000b879       0x11 src/FreeRTOS/tasks.o
 .debug_macro   0x0000b88a      0x144 src/FreeRTOS/timers.o
 .debug_macro   0x0000b9ce      0x193 src/ASF/common/services/ioport/xmega/ioport_compat.o
 .debug_macro   0x0000bb61      0x1b5 src/ASF/xmega/boards/xmega_a3bu_xplained/init.o
 .debug_macro   0x0000bd16       0x2e src/ASF/xmega/boards/xmega_a3bu_xplained/init.o
 .debug_macro   0x0000bd44      0x242 src/ASF/xmega/boards/xmega_a3bu_xplained/init.o
 .debug_macro   0x0000bf86      0x450 src/main.o
 .debug_macro   0x0000c3d6       0x34 src/main.o
 .debug_macro   0x0000c40a       0x46 src/main.o
 .debug_macro   0x0000c450       0x1c src/main.o
 .debug_macro   0x0000c46c       0x58 src/main.o
 .debug_macro   0x0000c4c4       0x10 src/main.o
 .debug_macro   0x0000c4d4       0xeb src/main.o
OUTPUT(Praktikum_5_Template.elf elf32-avr)
LOAD linker stubs

.BOOT           0x00040000        0x0
