Archive member included because of file (symbol)

../src/ASF/thirdparty/qtouch/generic/avr8/qtouch/lib/gcc\libavrxmega6g1-4qt-k-0rs.a(burst_1_1_10_0_1.o)
                              src/touch_button/touch_button.o (burst_1_1_10_0_1)
../src/ASF/thirdparty/qtouch/generic/avr8/qtouch/lib/gcc\libavrxmega6g1-4qt-k-0rs.a(touch_api.o)
                              src/touch_button/touch_button.o (qt_enable_key)
../src/ASF/thirdparty/qtouch/generic/avr8/qtouch/lib/gcc\libavrxmega6g1-4qt-k-0rs.a(touch_process.o)
                              ../src/ASF/thirdparty/qtouch/generic/avr8/qtouch/lib/gcc\libavrxmega6g1-4qt-k-0rs.a(touch_api.o) (start_cal_sensor)
../src/ASF/thirdparty/qtouch/generic/avr8/qtouch/lib/gcc\libavrxmega6g1-4qt-k-0rs.a(touch_burst_qt.o)
                              ../src/ASF/thirdparty/qtouch/generic/avr8/qtouch/lib/gcc\libavrxmega6g1-4qt-k-0rs.a(touch_api.o) (burst_init)
c:/program files (x86)/atmel/atmel toolchain/avr8 gcc/native/3.4.1061/avr8-gnu-toolchain/bin/../lib/gcc/avr/4.8.1/../../../../avr/lib/avrxmega6\libm.a(addsf3.o)
                              src/adc_sensors/adc_sensors.o (__addsf3)
c:/program files (x86)/atmel/atmel toolchain/avr8 gcc/native/3.4.1061/avr8-gnu-toolchain/bin/../lib/gcc/avr/4.8.1/../../../../avr/lib/avrxmega6\libm.a(addsf3x.o)
                              c:/program files (x86)/atmel/atmel toolchain/avr8 gcc/native/3.4.1061/avr8-gnu-toolchain/bin/../lib/gcc/avr/4.8.1/../../../../avr/lib/avrxmega6\libm.a(addsf3.o) (__addsf3x)
c:/program files (x86)/atmel/atmel toolchain/avr8 gcc/native/3.4.1061/avr8-gnu-toolchain/bin/../lib/gcc/avr/4.8.1/../../../../avr/lib/avrxmega6\libm.a(fixsfsi.o)
                              src/adc_sensors/adc_sensors.o (__fixsfsi)
c:/program files (x86)/atmel/atmel toolchain/avr8 gcc/native/3.4.1061/avr8-gnu-toolchain/bin/../lib/gcc/avr/4.8.1/../../../../avr/lib/avrxmega6\libm.a(fixunssfsi.o)
                              c:/program files (x86)/atmel/atmel toolchain/avr8 gcc/native/3.4.1061/avr8-gnu-toolchain/bin/../lib/gcc/avr/4.8.1/../../../../avr/lib/avrxmega6\libm.a(fixsfsi.o) (__fixunssfsi)
c:/program files (x86)/atmel/atmel toolchain/avr8 gcc/native/3.4.1061/avr8-gnu-toolchain/bin/../lib/gcc/avr/4.8.1/../../../../avr/lib/avrxmega6\libm.a(floatsisf.o)
                              src/adc_sensors/adc_sensors.o (__floatunsisf)
c:/program files (x86)/atmel/atmel toolchain/avr8 gcc/native/3.4.1061/avr8-gnu-toolchain/bin/../lib/gcc/avr/4.8.1/../../../../avr/lib/avrxmega6\libm.a(fp_inf.o)
                              c:/program files (x86)/atmel/atmel toolchain/avr8 gcc/native/3.4.1061/avr8-gnu-toolchain/bin/../lib/gcc/avr/4.8.1/../../../../avr/lib/avrxmega6\libm.a(addsf3x.o) (__fp_inf)
c:/program files (x86)/atmel/atmel toolchain/avr8 gcc/native/3.4.1061/avr8-gnu-toolchain/bin/../lib/gcc/avr/4.8.1/../../../../avr/lib/avrxmega6\libm.a(fp_nan.o)
                              c:/program files (x86)/atmel/atmel toolchain/avr8 gcc/native/3.4.1061/avr8-gnu-toolchain/bin/../lib/gcc/avr/4.8.1/../../../../avr/lib/avrxmega6\libm.a(addsf3x.o) (__fp_nan)
c:/program files (x86)/atmel/atmel toolchain/avr8 gcc/native/3.4.1061/avr8-gnu-toolchain/bin/../lib/gcc/avr/4.8.1/../../../../avr/lib/avrxmega6\libm.a(fp_pscA.o)
                              c:/program files (x86)/atmel/atmel toolchain/avr8 gcc/native/3.4.1061/avr8-gnu-toolchain/bin/../lib/gcc/avr/4.8.1/../../../../avr/lib/avrxmega6\libm.a(addsf3x.o) (__fp_pscA)
c:/program files (x86)/atmel/atmel toolchain/avr8 gcc/native/3.4.1061/avr8-gnu-toolchain/bin/../lib/gcc/avr/4.8.1/../../../../avr/lib/avrxmega6\libm.a(fp_pscB.o)
                              c:/program files (x86)/atmel/atmel toolchain/avr8 gcc/native/3.4.1061/avr8-gnu-toolchain/bin/../lib/gcc/avr/4.8.1/../../../../avr/lib/avrxmega6\libm.a(addsf3x.o) (__fp_pscB)
c:/program files (x86)/atmel/atmel toolchain/avr8 gcc/native/3.4.1061/avr8-gnu-toolchain/bin/../lib/gcc/avr/4.8.1/../../../../avr/lib/avrxmega6\libm.a(fp_round.o)
                              c:/program files (x86)/atmel/atmel toolchain/avr8 gcc/native/3.4.1061/avr8-gnu-toolchain/bin/../lib/gcc/avr/4.8.1/../../../../avr/lib/avrxmega6\libm.a(addsf3.o) (__fp_round)
c:/program files (x86)/atmel/atmel toolchain/avr8 gcc/native/3.4.1061/avr8-gnu-toolchain/bin/../lib/gcc/avr/4.8.1/../../../../avr/lib/avrxmega6\libm.a(fp_split3.o)
                              c:/program files (x86)/atmel/atmel toolchain/avr8 gcc/native/3.4.1061/avr8-gnu-toolchain/bin/../lib/gcc/avr/4.8.1/../../../../avr/lib/avrxmega6\libm.a(addsf3x.o) (__fp_split3)
c:/program files (x86)/atmel/atmel toolchain/avr8 gcc/native/3.4.1061/avr8-gnu-toolchain/bin/../lib/gcc/avr/4.8.1/../../../../avr/lib/avrxmega6\libm.a(fp_zero.o)
                              c:/program files (x86)/atmel/atmel toolchain/avr8 gcc/native/3.4.1061/avr8-gnu-toolchain/bin/../lib/gcc/avr/4.8.1/../../../../avr/lib/avrxmega6\libm.a(addsf3x.o) (__fp_zero)
[...]
Memory Configuration

Name             Origin             Length             Attributes
text             0x00000000         0x00100000         xr
data             0x00802000         0x0000ffa0         rw !x
eeprom           0x00810000         0x00010000         rw !x
fuse             0x00820000         0x00000400         rw !x
lock             0x00830000         0x00000400         rw !x
signature        0x00840000         0x00000400         rw !x
user_signatures  0x00850000         0x00000400         rw !x
*default*        0x00000000         0xffffffff

Linker script and memory map

LOAD c:/program files (x86)/atmel/atmel toolchain/avr8 gcc/native/3.4.1061/avr8-gnu-toolchain/bin/../lib/gcc/avr/4.8.1/../../../../avr/lib/avrxmega6/crtx256a3bu.o
LOAD src/adc_sensors/adc_sensors.o
LOAD src/ASF/common/components/display/st7565r/st7565r.o
LOAD src/ASF/common/services/gfx_mono/gfx_mono_c12832_a1z.o
LOAD src/ASF/common/services/serial/usart_serial.o
LOAD src/touch_button/touch_button.o
LOAD src/ASF/common/services/sleepmgr/xmega/sleepmgr.o
LOAD src/ASF/thirdparty/qtouch/generic/avr8/qtouch/common/qt_asm_xmega.o
LOAD src/ASF/xmega/drivers/adc/adc.o
LOAD src/ASF/xmega/drivers/adc/xmega_aau/adc_aau.o
LOAD src/ASF/xmega/drivers/usart/usart.o
LOAD src/ASF/common/services/spi/xmega_usart_spi/usart_spi.o
LOAD src/ASF/common/services/spi/xmega_spi/spi_master.o
LOAD src/ASF/common/services/gfx_mono/gfx_mono_framebuffer.o
LOAD src/ASF/common/services/gfx_mono/gfx_mono_generic.o
LOAD src/ASF/common/services/gfx_mono/gfx_mono_text.o
LOAD src/ASF/xmega/drivers/spi/spi.o
LOAD src/ASF/common/services/gfx_mono/sysfont.o
LOAD src/FreeRTOS/croutine.o
LOAD src/FreeRTOS/event_groups.o
LOAD src/FreeRTOS/list.o
LOAD src/FreeRTOS/portable/GCC/AVR_AT_XMega/port.o
LOAD src/FreeRTOS/portable/MemMang/heap_3.o
LOAD src/FreeRTOS/queue.o
LOAD src/FreeRTOS/tasks.o
LOAD src/FreeRTOS/timers.o
LOAD src/ASF/common/services/clock/xmega/sysclk.o
LOAD src/ASF/xmega/drivers/nvm/nvm.o
LOAD src/ASF/xmega/drivers/nvm/nvm_asm.o
LOAD src/ASF/xmega/drivers/cpu/ccp.o
LOAD src/ASF/common/services/ioport/xmega/ioport_compat.o
LOAD src/ASF/xmega/boards/xmega_a3bu_xplained/init.o
LOAD src/main.o
START GROUP
LOAD ../src/ASF/thirdparty/qtouch/generic/avr8/qtouch/lib/gcc\libavrxmega6g1-4qt-k-0rs.a
LOAD c:/program files (x86)/atmel/atmel toolchain/avr8 gcc/native/3.4.1061/avr8-gnu-toolchain/bin/../lib/gcc/avr/4.8.1/../../../../avr/lib/avrxmega6\libm.a
END GROUP
Address of section .BOOT set to 0x40000
START GROUP
LOAD c:/program files (x86)/atmel/atmel toolchain/avr8 gcc/native/3.4.1061/avr8-gnu-toolchain/bin/../lib/gcc/avr/4.8.1/avrxmega6\libgcc.a
LOAD c:/program files (x86)/atmel/atmel toolchain/avr8 gcc/native/3.4.1061/avr8-gnu-toolchain/bin/../lib/gcc/avr/4.8.1/../../../../avr/lib/avrxmega6\libm.a
LOAD c:/program files (x86)/atmel/atmel toolchain/avr8 gcc/native/3.4.1061/avr8-gnu-toolchain/bin/../lib/gcc/avr/4.8.1/../../../../avr/lib/avrxmega6\libc.a
END GROUP

.hash
 *(.hash)

.dynsym
 *(.dynsym)

.dynstr
 *(.dynstr)

.gnu.version
 *(.gnu.version)

.gnu.version_d
 *(.gnu.version_d)

.gnu.version_r
 *(.gnu.version_r)

.rel.init
 *(.rel.init)

.rela.init
 *(.rela.init)

.rel.text
 *(.rel.text)
 *(.rel.text.*)
 *(.rel.gnu.linkonce.t*)

.rela.text
 *(.rela.text)
 *(.rela.text.*)
 *(.rela.gnu.linkonce.t*)

.rel.fini
 *(.rel.fini)

.rela.fini
 *(.rela.fini)

.rel.rodata
 *(.rel.rodata)
 *(.rel.rodata.*)
 *(.rel.gnu.linkonce.r*)

.rela.rodata
 *(.rela.rodata)
 *(.rela.rodata.*)
 *(.rela.gnu.linkonce.r*)

.rel.data
 *(.rel.data)
 *(.rel.data.*)
 *(.rel.gnu.linkonce.d*)

.rela.data
 *(.rela.data)
 *(.rela.data.*)
 *(.rela.gnu.linkonce.d*)

.rel.ctors
 *(.rel.ctors)

.rela.ctors
 *(.rela.ctors)

.rel.dtors
 *(.rel.dtors)

.rela.dtors
 *(.rela.dtors)

.rel.got
 *(.rel.got)

.rela.got
 *(.rela.got)

.rel.bss
 *(.rel.bss)

.rela.bss
 *(.rela.bss)

.rel.plt
 *(.rel.plt)

.rela.plt
 *(.rela.plt)

.text           0x00000000     0x4200
 *(.vectors)
 .vectors       0x00000000      0x1fc c:/program files (x86)/atmel/atmel toolchain/avr8 gcc/native/3.4.1061/avr8-gnu-toolchain/bin/../lib/gcc/avr/4.8.1/../../../../avr/lib/avrxmega6/crtx256a3bu.o
                0x00000000                __vector_default
                0x00000000                __vectors
 *(.vectors)
 *(.progmem.gcc*)
                0x000001fc                . = ALIGN (0x2)
                0x000001fc                __trampolines_start = .
 *(.trampolines)
 .trampolines   0x000001fc        0x0 linker stubs
 *(.trampolines*)
                0x000001fc                __trampolines_end = .
 *(.progmem*)
 .progmem.data.sysfont_glyphs
                0x000001fc      0x292 src/ASF/common/services/gfx_mono/sysfont.o
                0x0000048e                . = ALIGN (0x2)
 *(.jumptables)
 *(.jumptables*)
 *(.lowtext)
 *(.lowtext*)
                0x0000048e                __ctors_start = .
 *(.ctors)
                0x0000048e                __ctors_end = .
                0x0000048e                __dtors_start = .
 *(.dtors)
                0x0000048e                __dtors_end = .
 SORT(*)(.ctors)
 SORT(*)(.dtors)
 *(.init0)
 .init0         0x0000048e        0x0 c:/program files (x86)/atmel/atmel toolchain/avr8 gcc/native/3.4.1061/avr8-gnu-toolchain/bin/../lib/gcc/avr/4.8.1/../../../../avr/lib/avrxmega6/crtx256a3bu.o
                0x0000048e                __init
 *(.init0)
 *(.init1)
 *(.init1)
 *(.init2)
 .init2         0x0000048e       0x10 c:/program files (x86)/atmel/atmel toolchain/avr8 gcc/native/3.4.1061/avr8-gnu-toolchain/bin/../lib/gcc/avr/4.8.1/../../../../avr/lib/avrxmega6/crtx256a3bu.o
 *(.init2)
 *(.init3)
 *(.init3)
 *(.init4)
 .init4         0x0000049e       0x1a c:/program files (x86)/atmel/atmel toolchain/avr8 gcc/native/3.4.1061/avr8-gnu-toolchain/bin/../lib/gcc/avr/4.8.1/avrxmega6\libgcc.a(_copy_data.o)
                0x0000049e                __do_copy_data
 .init4         0x000004b8       0x10 c:/program files (x86)/atmel/atmel toolchain/avr8 gcc/native/3.4.1061/avr8-gnu-toolchain/bin/../lib/gcc/avr/4.8.1/avrxmega6\libgcc.a(_clear_bss.o)
                0x000004b8                __do_clear_bss
 *(.init4)
 *(.init5)
 *(.init5)
 *(.init6)
 *(.init6)
 *(.init7)
 *(.init7)
 *(.init8)
 *(.init8)
 *(.init9)
 .init9         0x000004c8        0x8 c:/program files (x86)/atmel/atmel toolchain/avr8 gcc/native/3.4.1061/avr8-gnu-toolchain/bin/../lib/gcc/avr/4.8.1/../../../../avr/lib/avrxmega6/crtx256a3bu.o
 *(.init9)
 *(.text)
 .text          0x000004d0        0x2 c:/program files (x86)/atmel/atmel toolchain/avr8 gcc/native/3.4.1061/avr8-gnu-toolchain/bin/../lib/gcc/avr/4.8.1/../../../../avr/lib/avrxmega6/crtx256a3bu.o
                0x000004d0                __vector_38
                0x000004d0                __vector_104
                0x000004d0                __vector_22
                0x000004d0                __vector_63
                0x000004d0                __vector_28
                0x000004d0                __vector_67
                0x000004d0                __vector_1
                0x000004d0                __vector_119
                0x000004d0                __vector_32
                0x000004d0                __vector_75
                0x000004d0                __vector_91
                0x000004d0                __vector_34
                0x000004d0                __vector_62
                0x000004d0                __vector_77
                0x000004d0                __vector_102
                0x000004d0                __vector_24
                0x000004d0                __vector_12
                0x000004d0                __vector_55
                0x000004d0                __vector_69
                0x000004d0                __vector_81
                0x000004d0                __vector_90
                0x000004d0                __vector_46
                0x000004d0                __bad_interrupt
                0x000004d0                __vector_122
                0x000004d0                __vector_114
                0x000004d0                __vector_6
                0x000004d0                __vector_110
                0x000004d0                __vector_31
                0x000004d0                __vector_92
                0x000004d0                __vector_35
                0x000004d0                __vector_78
                0x000004d0                __vector_117
                0x000004d0                __vector_107
                0x000004d0                __vector_3
                0x000004d0                __vector_105
                0x000004d0                __vector_98
                0x000004d0                __vector_23
                0x000004d0                __vector_68
                0x000004d0                __vector_30
                0x000004d0                __vector_45
                0x000004d0                __vector_25
                0x000004d0                __vector_93
                0x000004d0                __vector_61
                0x000004d0                __vector_11
                0x000004d0                __vector_54
                0x000004d0                __vector_99
                0x000004d0                __vector_13
                0x000004d0                __vector_17
                0x000004d0                __vector_19
                0x000004d0                __vector_56
                0x000004d0                __vector_7
                0x000004d0                __vector_125
                0x000004d0                __vector_49
                0x000004d0                __vector_123
                0x000004d0                __vector_86
                0x000004d0                __vector_100
                0x000004d0                __vector_101
                0x000004d0                __vector_64
                0x000004d0                __vector_88
                0x000004d0                __vector_109
                0x000004d0                __vector_43
                0x000004d0                __vector_27
                0x000004d0                __vector_5
                0x000004d0                __vector_113
                0x000004d0                __vector_33
                0x000004d0                __vector_76
                0x000004d0                __vector_115
                0x000004d0                __vector_47
                0x000004d0                __vector_52
                0x000004d0                __vector_37
                0x000004d0                __vector_95
                0x000004d0                __vector_103
                0x000004d0                __vector_96
                0x000004d0                __vector_89
                0x000004d0                __vector_108
                0x000004d0                __vector_4
                0x000004d0                __vector_44
                0x000004d0                __vector_82
                0x000004d0                __vector_106
                0x000004d0                __vector_118
                0x000004d0                __vector_51
                0x000004d0                __vector_9
                0x000004d0                __vector_2
                0x000004d0                __vector_21
                0x000004d0                __vector_15
                0x000004d0                __vector_66
                0x000004d0                __vector_36
                0x000004d0                __vector_79
                0x000004d0                __vector_58
                0x000004d0                __vector_70
                0x000004d0                __vector_83
                0x000004d0                __vector_29
                0x000004d0                __vector_60
                0x000004d0                __vector_121
                0x000004d0                __vector_85
                0x000004d0                __vector_94
                0x000004d0                __vector_126
                0x000004d0                __vector_8
                0x000004d0                __vector_26
                0x000004d0                __vector_48
                0x000004d0                __vector_124
                0x000004d0                __vector_116
                0x000004d0                __vector_112
                0x000004d0                __vector_111
                0x000004d0                __vector_80
                0x000004d0                __vector_84
                0x000004d0                __vector_57
                0x000004d0                __vector_53
                0x000004d0                __vector_10
                0x000004d0                __vector_50
                0x000004d0                __vector_16
                0x000004d0                __vector_59
                0x000004d0                __vector_18
                0x000004d0                __vector_97
                0x000004d0                __vector_20
                0x000004d0                __vector_87
                0x000004d0                __vector_65
                0x000004d0                __vector_120
 .text          0x000004d2       0x3c src/ASF/thirdparty/qtouch/generic/avr8/qtouch/common/qt_asm_xmega.o
                0x000004d2                _1101010101_
                0x000004e8                _1101010111_
                0x00000504                _1101010110_
 .text          0x0000050e      0x1b2 ../src/ASF/thirdparty/qtouch/generic/avr8/qtouch/lib/gcc\libavrxmega6g1-4qt-k-0rs.a(burst_1_1_10_0_1.o)
                0x0000050e                burst_1_1_10_0_1
 .text          0x000006c0      0x27a ../src/ASF/thirdparty/qtouch/generic/avr8/qtouch/lib/gcc\libavrxmega6g1-4qt-k-0rs.a(touch_api.o)
                0x000006c0                qt_get_library_sig
                0x000006d8                qt_enable_key
                0x0000070c                qt_get_sensor_delta
                0x000007b8                qt_measure_sensors
                0x000008ac                qt_reset_sensing
                0x000008e2                qt_calibrate_sensing
                0x000008fa                qt_init_sensing_with_burst
 .text          0x0000093a      0x63c ../src/ASF/thirdparty/qtouch/generic/avr8/qtouch/lib/gcc\libavrxmega6g1-4qt-k-0rs.a(touch_process.o)
                0x0000093a                start_cal_sensor
                0x00000992                get_channel_delta
                0x000009bc                process_sensor
 .text          0x00000f76       0x66 ../src/ASF/thirdparty/qtouch/generic/avr8/qtouch/lib/gcc\libavrxmega6g1-4qt-k-0rs.a(touch_burst_qt.o)
                0x00000f76                burst_init
                0x00000f80                burst_reset
                0x00000fa2                burst
                0x00000fdc                . = ALIGN (0x2)
 *(.text.*)
 .text.st7565r_init
                0x00000fdc      0x3aa src/ASF/common/components/display/st7565r/st7565r.o
                0x00000fdc                st7565r_init
 .text.gfx_mono_st7565r_put_byte
                0x00001386      0x15c src/ASF/common/services/gfx_mono/gfx_mono_c12832_a1z.o
                0x00001386                gfx_mono_st7565r_put_byte
 .text.gfx_mono_st7565r_init
                0x000014e2       0x86 src/ASF/common/services/gfx_mono/gfx_mono_c12832_a1z.o
                0x000014e2                gfx_mono_st7565r_init
 .text.gfx_mono_st7565r_draw_pixel
                0x00001568       0x7a src/ASF/common/services/gfx_mono/gfx_mono_c12832_a1z.o
                0x00001568                gfx_mono_st7565r_draw_pixel
 .text.gfx_mono_st7565r_get_byte
                0x000015e2        0x4 src/ASF/common/services/gfx_mono/gfx_mono_c12832_a1z.o
                0x000015e2                gfx_mono_st7565r_get_byte
 .text.tb_init  0x000015e6       0x68 src/touch_button/touch_button.o
                0x000015e6                tb_init
 .text.tb_is_touched
                0x0000164e       0x46 src/touch_button/touch_button.o
                0x0000164e                tb_is_touched
 .text.__vector_71
                0x00001694       0x64 src/ASF/xmega/drivers/adc/xmega_aau/adc_aau.o
                0x00001694                __vector_71
 .text.__vector_72
                0x000016f8       0x64 src/ASF/xmega/drivers/adc/xmega_aau/adc_aau.o
                0x000016f8                __vector_72
 .text.__vector_73
                0x0000175c       0x64 src/ASF/xmega/drivers/adc/xmega_aau/adc_aau.o
                0x0000175c                __vector_73
 .text.__vector_74
                0x000017c0       0x64 src/ASF/xmega/drivers/adc/xmega_aau/adc_aau.o
                0x000017c0                __vector_74
 .text.__vector_39
                0x00001824       0x64 src/ASF/xmega/drivers/adc/xmega_aau/adc_aau.o
                0x00001824                __vector_39
 .text.__vector_40
                0x00001888       0x64 src/ASF/xmega/drivers/adc/xmega_aau/adc_aau.o
                0x00001888                __vector_40
 .text.__vector_41
                0x000018ec       0x64 src/ASF/xmega/drivers/adc/xmega_aau/adc_aau.o
                0x000018ec                __vector_41
 .text.__vector_42
                0x00001950       0x64 src/ASF/xmega/drivers/adc/xmega_aau/adc_aau.o
                0x00001950                __vector_42
 .text.usart_putchar
                0x000019b4       0x10 src/ASF/xmega/drivers/usart/usart.o
                0x000019b4                usart_putchar
 .text.usart_getchar
                0x000019c4        0xc src/ASF/xmega/drivers/usart/usart.o
                0x000019c4                usart_getchar
 .text.usart_set_baudrate
                0x000019d0      0x214 src/ASF/xmega/drivers/usart/usart.o
                0x000019d0                usart_set_baudrate
 .text.usart_init_rs232
                0x00001be4      0x262 src/ASF/xmega/drivers/usart/usart.o
                0x00001be4                usart_init_rs232
 .text.usart_spi_set_baudrate
                0x00001e46       0x64 src/ASF/xmega/drivers/usart/usart.o
                0x00001e46                usart_spi_set_baudrate
 .text.usart_init_spi
                0x00001eaa      0x3b2 src/ASF/xmega/drivers/usart/usart.o
                0x00001eaa                usart_init_spi
 .text.usart_spi_init
                0x0000225c       0x5e src/ASF/common/services/spi/xmega_usart_spi/usart_spi.o
                0x0000225c                usart_spi_init
 .text.usart_spi_setup_device
                0x000022ba       0x34 src/ASF/common/services/spi/xmega_usart_spi/usart_spi.o
                0x000022ba                usart_spi_setup_device
 .text.usart_spi_select_device
                0x000022ee       0x2c src/ASF/common/services/spi/xmega_usart_spi/usart_spi.o
                0x000022ee                usart_spi_select_device
 .text.usart_spi_deselect_device
                0x0000231a       0x2c src/ASF/common/services/spi/xmega_usart_spi/usart_spi.o
                0x0000231a                usart_spi_deselect_device
 .text.gfx_mono_set_framebuffer
                0x00002346        0xa src/ASF/common/services/gfx_mono/gfx_mono_framebuffer.o
                0x00002346                gfx_mono_set_framebuffer
 .text.gfx_mono_framebuffer_put_byte
                0x00002350       0x1e src/ASF/common/services/gfx_mono/gfx_mono_framebuffer.o
                0x00002350                gfx_mono_framebuffer_put_byte
 .text.gfx_mono_framebuffer_get_byte
                0x0000236e       0x1e src/ASF/common/services/gfx_mono/gfx_mono_framebuffer.o
                0x0000236e                gfx_mono_framebuffer_get_byte
 .text.gfx_mono_generic_draw_horizontal_line
                0x0000238c       0xe6 src/ASF/common/services/gfx_mono/gfx_mono_generic.o
                0x0000238c                gfx_mono_generic_draw_horizontal_line
 .text.gfx_mono_generic_draw_filled_rect
                0x00002472       0x36 src/ASF/common/services/gfx_mono/gfx_mono_generic.o
                0x00002472                gfx_mono_generic_draw_filled_rect
 .text.gfx_mono_draw_char
                0x000024a8       0xba src/ASF/common/services/gfx_mono/gfx_mono_text.o
                0x000024a8                gfx_mono_draw_char
 .text.gfx_mono_draw_string
                0x00002562       0x52 src/ASF/common/services/gfx_mono/gfx_mono_text.o
                0x00002562                gfx_mono_draw_string
 .text.vListInitialise
                0x000025b4       0x1c src/FreeRTOS/list.o
                0x000025b4                vListInitialise
 .text.vListInitialiseItem
                0x000025d0        0x8 src/FreeRTOS/list.o
                0x000025d0                vListInitialiseItem
 .text.vListInsertEnd
                0x000025d8       0x42 src/FreeRTOS/list.o
                0x000025d8                vListInsertEnd
 .text.vListInsert
                0x0000261a       0x62 src/FreeRTOS/list.o
                0x0000261a                vListInsert
 .text.uxListRemove
                0x0000267c       0x4c src/FreeRTOS/list.o
                0x0000267c                uxListRemove
 .text.pxPortInitialiseStack
                0x000026c8       0xee src/FreeRTOS/portable/GCC/AVR_AT_XMega/port.o
                0x000026c8                pxPortInitialiseStack
 .text.xPortStartScheduler
                0x000027b6       0x88 src/FreeRTOS/portable/GCC/AVR_AT_XMega/port.o
                0x000027b6                xPortStartScheduler
 .text.vPortYield
                0x0000283e       0xb0 src/FreeRTOS/portable/GCC/AVR_AT_XMega/port.o
                0x0000283e                vPortYield
 .text.__vector_14
                0x000028ee       0xb4 src/FreeRTOS/portable/GCC/AVR_AT_XMega/port.o
                0x000028ee                __vector_14
 .text.pvPortMalloc
                0x000029a2       0x1a src/FreeRTOS/portable/MemMang/heap_3.o
                0x000029a2                pvPortMalloc
 .text.vPortFree
                0x000029bc       0x1a src/FreeRTOS/portable/MemMang/heap_3.o
                0x000029bc                vPortFree
 .text.prvIdleTask
                0x000029d6       0x10 src/FreeRTOS/tasks.o
 .text.prvAddCurrentTaskToDelayedList
                0x000029e6       0x6a src/FreeRTOS/tasks.o
 .text.xTaskGenericCreate
                0x00002a50      0x1fe src/FreeRTOS/tasks.o
                0x00002a50                xTaskGenericCreate
 .text.vTaskStartScheduler
                0x00002c4e       0x52 src/FreeRTOS/tasks.o
                0x00002c4e                vTaskStartScheduler
 .text.vTaskSuspendAll
                0x00002ca0        0xc src/FreeRTOS/tasks.o
                0x00002ca0                vTaskSuspendAll
 .text.xTaskGetTickCount
                0x00002cac       0x14 src/FreeRTOS/tasks.o
                0x00002cac                xTaskGetTickCount
 .text.xTaskIncrementTick
                0x00002cc0      0x1aa src/FreeRTOS/tasks.o
                0x00002cc0                xTaskIncrementTick
 .text.xTaskResumeAll
                0x00002e6a       0xfc src/FreeRTOS/tasks.o
                0x00002e6a                xTaskResumeAll
 .text.vTaskDelay
                0x00002f66       0x36 src/FreeRTOS/tasks.o
                0x00002f66                vTaskDelay
 .text.vTaskSwitchContext
                0x00002f9c       0xbc src/FreeRTOS/tasks.o
                0x00002f9c                vTaskSwitchContext
 .text.sysclk_init
                0x00003058       0x20 src/ASF/common/services/clock/xmega/sysclk.o
                0x00003058                sysclk_init
 .text.sysclk_enable_module
                0x00003078       0x18 src/ASF/common/services/clock/xmega/sysclk.o
                0x00003078                sysclk_enable_module
 .text.ioport_configure_port_pin
                0x00003090       0x50 src/ASF/common/services/ioport/xmega/ioport_compat.o
                0x00003090                ioport_configure_port_pin
 .text.board_init
                0x000030e0       0x9e src/ASF/xmega/boards/xmega_a3bu_xplained/init.o
                0x000030e0                board_init
 .text.commGate_SIG
                0x0000317e       0xa4 src/main.o
 .text.button   0x00003222       0xb6 src/main.o
 .text.Touch    0x000032d8       0x28 src/main.o
 .text.menuNav  0x00003300      0x22e src/main.o
 .text.sendString
                0x0000352e       0x2e src/main.o
                0x0000352e                sendString
 .text.commGate_OUT
                0x0000355c        0xe src/main.o
 .text.receiveString
                0x0000356a       0x1e src/main.o
                0x0000356a                receiveString
 .text.commGate_IN
                0x00003588        0xa src/main.o
 .text.initMenu
                0x00003592       0xcc src/main.o
                0x00003592                initMenu
 .text.printLCD
                0x0000365e      0x222 src/main.o
 .text.main     0x00003880      0x100 src/main.o
                0x00003880                main
 .text.libgcc.div
                0x00003980       0x44 c:/program files (x86)/atmel/atmel toolchain/avr8 gcc/native/3.4.1061/avr8-gnu-toolchain/bin/../lib/gcc/avr/4.8.1/avrxmega6\libgcc.a(_udivmodsi4.o)
                0x00003980                __udivmodsi4
 .text.libgcc.prologue
                0x000039c4       0x32 c:/program files (x86)/atmel/atmel toolchain/avr8 gcc/native/3.4.1061/avr8-gnu-toolchain/bin/../lib/gcc/avr/4.8.1/avrxmega6\libgcc.a(_prologue.o)
                0x000039c4                __prologue_saves__
 .text.libgcc.prologue
                0x000039f6       0x30 c:/program files (x86)/atmel/atmel toolchain/avr8 gcc/native/3.4.1061/avr8-gnu-toolchain/bin/../lib/gcc/avr/4.8.1/avrxmega6\libgcc.a(_epilogue.o)
                0x000039f6                __epilogue_restores__
 .text.avr-libc
                0x00003a26      0x24e c:/program files (x86)/atmel/atmel toolchain/avr8 gcc/native/3.4.1061/avr8-gnu-toolchain/bin/../lib/gcc/avr/4.8.1/../../../../avr/lib/avrxmega6\libc.a(malloc.o)
                0x00003a26                malloc
                0x00003b56                free
 .text.avr-libc
                0x00003c74       0x6c c:/program files (x86)/atmel/atmel toolchain/avr8 gcc/native/3.4.1061/avr8-gnu-toolchain/bin/../lib/gcc/avr/4.8.1/../../../../avr/lib/avrxmega6\libc.a(snprintf.o)
                0x00003c74                snprintf
 .text.avr-libc
                0x00003ce0      0x3d0 c:/program files (x86)/atmel/atmel toolchain/avr8 gcc/native/3.4.1061/avr8-gnu-toolchain/bin/../lib/gcc/avr/4.8.1/../../../../avr/lib/avrxmega6\libc.a(vfprintf_std.o)
                0x00003ce0                vfprintf
 .text.avr-libc
                0x000040b0       0x16 c:/program files (x86)/atmel/atmel toolchain/avr8 gcc/native/3.4.1061/avr8-gnu-toolchain/bin/../lib/gcc/avr/4.8.1/../../../../avr/lib/avrxmega6\libc.a(strnlen_P.o)
                0x000040b0                strnlen_P
 .text.avr-libc
                0x000040c6       0x16 c:/program files (x86)/atmel/atmel toolchain/avr8 gcc/native/3.4.1061/avr8-gnu-toolchain/bin/../lib/gcc/avr/4.8.1/../../../../avr/lib/avrxmega6\libc.a(strnlen.o)
                0x000040c6                strnlen
 .text.avr-libc
                0x000040dc       0x64 c:/program files (x86)/atmel/atmel toolchain/avr8 gcc/native/3.4.1061/avr8-gnu-toolchain/bin/../lib/gcc/avr/4.8.1/../../../../avr/lib/avrxmega6\libc.a(fputc.o)
                0x000040dc                fputc
 .text.avr-libc
                0x00004140       0xbc c:/program files (x86)/atmel/atmel toolchain/avr8 gcc/native/3.4.1061/avr8-gnu-toolchain/bin/../lib/gcc/avr/4.8.1/../../../../avr/lib/avrxmega6\libc.a(ultoa_invert.o)
                0x00004140                __ultoa_invert
                0x000041fc                . = ALIGN (0x2)
 *(.fini9)
 .fini9         0x000041fc        0x0 c:/program files (x86)/atmel/atmel toolchain/avr8 gcc/native/3.4.1061/avr8-gnu-toolchain/bin/../lib/gcc/avr/4.8.1/avrxmega6\libgcc.a(_exit.o)
                0x000041fc                _exit
                0x000041fc                exit
 *(.fini9)
 *(.fini8)
 *(.fini8)
 *(.fini7)
 *(.fini7)
 *(.fini6)
 *(.fini6)
 *(.fini5)
 *(.fini5)
 *(.fini4)
 *(.fini4)
 *(.fini3)
 *(.fini3)
 *(.fini2)
 *(.fini2)
 *(.fini1)
 *(.fini1)
 *(.fini0)
 .fini0         0x000041fc        0x4 c:/program files (x86)/atmel/atmel toolchain/avr8 gcc/native/3.4.1061/avr8-gnu-toolchain/bin/../lib/gcc/avr/4.8.1/avrxmega6\libgcc.a(_exit.o)
 *(.fini0)
                0x00004200                _etext = .

.data           0x00802000      0x140 load address 0x00004200
                0x00802000                PROVIDE (__data_start, .)
 *(.data)
 .data          0x00802000        0x1 ../src/ASF/thirdparty/qtouch/generic/avr8/qtouch/lib/gcc\libavrxmega6g1-4qt-k-0rs.a(touch_api.o)
                0x00802000                freq_shift
 .data          0x00802001        0x6 c:/program files (x86)/atmel/atmel toolchain/avr8 gcc/native/3.4.1061/avr8-gnu-toolchain/bin/../lib/gcc/avr/4.8.1/../../../../avr/lib/avrxmega6\libc.a(malloc.o)
                0x00802001                __malloc_heap_end
                0x00802003                __malloc_heap_start
                0x00802005                __malloc_margin
 *(.data*)
 .data.sysfont  0x00802007        0x7 src/ASF/common/services/gfx_mono/sysfont.o
                0x00802007                sysfont
 .data.xNextTaskUnblockTime
                0x0080200e        0x2 src/FreeRTOS/tasks.o
 .data.USART_SERIAL_OPTIONS
                0x00802010        0x7 src/main.o
 .data.switchDisp
                0x00802017        0x1 src/main.o
                0x00802017                switchDisp
 .data.maxStatus
                0x00802018        0x2 src/main.o
                0x00802018                maxStatus
 .data.maxFeature
                0x0080201a        0x2 src/main.o
                0x0080201a                maxFeature
 .data.menuSelected
                0x0080201c        0x2 src/main.o
                0x0080201c                menuSelected
 *(.rodata)
 *(.rodata*)
 .rodata.str1.1
                0x0080201e        0x5 src/FreeRTOS/tasks.o
 .rodata.str1.1
                0x00802023      0x11c src/main.o
                                0x11d (size before relaxing)
 *(.gnu.linkonce.d*)
                0x00802140                . = ALIGN (0x2)
 *fill*         0x0080213f        0x1 
                0x00802140                _edata = .
                0x00802140                PROVIDE (__data_end, .)

.bss            0x00802140      0x37d
                0x00802140                PROVIDE (__bss_start, .)
 *(.bss)
 .bss           0x00802140        0x3 ../src/ASF/thirdparty/qtouch/generic/avr8/qtouch/lib/gcc\libavrxmega6g1-4qt-k-0rs.a(burst_1_1_10_0_1.o)
 .bss           0x00802143       0x22 ../src/ASF/thirdparty/qtouch/generic/avr8/qtouch/lib/gcc\libavrxmega6g1-4qt-k-0rs.a(touch_api.o)
                0x00802143                burst_proc
                0x00802145                qt_config_data
                0x0080214c                qt_measure_data
                0x0080215d                lib_status_flags
                0x0080215f                qt_filter_callback
 .bss           0x00802165       0x1e ../src/ASF/thirdparty/qtouch/generic/avr8/qtouch/lib/gcc\libavrxmega6g1-4qt-k-0rs.a(touch_process.o)
                0x00802165                sensors
                0x0080217d                num_sensors
                0x0080217e                dht_counter
 .bss           0x00802183        0x8 ../src/ASF/thirdparty/qtouch/generic/avr8/qtouch/lib/gcc\libavrxmega6g1-4qt-k-0rs.a(touch_burst_qt.o)
                0x00802183                SNS_array
                0x00802187                SNSK_array
 *(.bss*)
 .bss.framebuffer
                0x0080218b      0x200 src/ASF/common/services/gfx_mono/gfx_mono_c12832_a1z.o
 .bss.last.5950
                0x0080238b        0x2 src/touch_button/touch_button.o
 .bss.fbpointer
                0x0080238d        0x2 src/ASF/common/services/gfx_mono/gfx_mono_framebuffer.o
 .bss.uxSchedulerSuspended
                0x0080238f        0x1 src/FreeRTOS/tasks.o
 .bss.uxTaskNumber
                0x00802390        0x1 src/FreeRTOS/tasks.o
 .bss.xNumOfOverflows
                0x00802391        0x1 src/FreeRTOS/tasks.o
 .bss.xYieldPending
                0x00802392        0x1 src/FreeRTOS/tasks.o
 .bss.uxPendedTicks
                0x00802393        0x1 src/FreeRTOS/tasks.o
 .bss.xSchedulerRunning
                0x00802394        0x1 src/FreeRTOS/tasks.o
 .bss.uxTopReadyPriority
                0x00802395        0x1 src/FreeRTOS/tasks.o
 .bss.xTickCount
                0x00802396        0x2 src/FreeRTOS/tasks.o
 .bss.uxCurrentNumberOfTasks
                0x00802398        0x1 src/FreeRTOS/tasks.o
 .bss.xPendingReadyList
                0x00802399        0x9 src/FreeRTOS/tasks.o
 .bss.pxOverflowDelayedTaskList
                0x008023a2        0x2 src/FreeRTOS/tasks.o
 .bss.pxDelayedTaskList
                0x008023a4        0x2 src/FreeRTOS/tasks.o
 .bss.xDelayedTaskList2
                0x008023a6        0x9 src/FreeRTOS/tasks.o
 .bss.xDelayedTaskList1
                0x008023af        0x9 src/FreeRTOS/tasks.o
 .bss.pxReadyTasksLists
                0x008023b8       0x2d src/FreeRTOS/tasks.o
 .bss.pxCurrentTCB
                0x008023e5        0x2 src/FreeRTOS/tasks.o
                0x008023e5                pxCurrentTCB
 .bss.status_displayed
                0x008023e7        0x2 src/main.o
                0x008023e7                status_displayed
 .bss.feature_selected
                0x008023e9        0x2 src/main.o
                0x008023e9                feature_selected
 .bss.is_receive
                0x008023eb        0x1 src/main.o
                0x008023eb                is_receive
 .bss.is_sending
                0x008023ec        0x1 src/main.o
                0x008023ec                is_sending
 .bss.statusList
                0x008023ed        0xc src/main.o
 .bss.featureStat
                0x008023f9        0xf src/main.o
 .bss.featureList
                0x00802408       0x1e src/main.o
 .bss.strbuf_read
                0x00802426       0x32 src/main.o
 .bss.strbuf_send
                0x00802458       0x32 src/main.o
 .bss.strbuf_in
                0x0080248a       0x14 src/main.o
 .bss.strbuf_menu
                0x0080249e       0x14 src/main.o
 .bss.flagB     0x008024b2        0x2 src/main.o
 .bss.flagT     0x008024b4        0x1 src/main.o
 *(COMMON)
 COMMON         0x008024b5        0x4 src/ASF/xmega/drivers/adc/adc.o
                0x008024b5                adcb_callback
                0x008024b7                adca_callback
 COMMON         0x008024b9        0x4 c:/program files (x86)/atmel/atmel toolchain/avr8 gcc/native/3.4.1061/avr8-gnu-toolchain/bin/../lib/gcc/avr/4.8.1/../../../../avr/lib/avrxmega6\libc.a(malloc.o)
                0x008024b9                __brkval
                0x008024bb                __flp
                0x008024bd                PROVIDE (__bss_end, .)
                0x00004200                __data_load_start = LOADADDR (.data)
                0x00004340                __data_load_end = (__data_load_start + SIZEOF (.data))

.noinit         0x008024bd        0x0
                0x008024bd                PROVIDE (__noinit_start, .)
 *(.noinit*)
                0x008024bd                PROVIDE (__noinit_end, .)
                0x008024bd                _end = .
                0x008024bd                PROVIDE (__heap_start, .)

.eeprom         0x00810000        0x0
 *(.eeprom*)
                0x00810000                __eeprom_end = .

.fuse
 *(.fuse)
 *(.lfuse)
 *(.hfuse)
 *(.efuse)

.lock
 *(.lock*)

.signature
 *(.signature*)

.user_signatures
 *(.user_signatures*)

.stab
 *(.stab)

.stabstr
 *(.stabstr)

.stab.excl
 *(.stab.excl)

.stab.exclstr
 *(.stab.exclstr)

.stab.index
 *(.stab.index)

.stab.indexstr
 *(.stab.indexstr)

.comment        0x00000000       0x5c
 *(.comment)
 .comment       0x00000000       0x30 src/ASF/common/components/display/st7565r/st7565r.o
                                 0x31 (size before relaxing)
 .comment       0x00000000       0x31 src/ASF/common/services/gfx_mono/gfx_mono_c12832_a1z.o
 .comment       0x00000000       0x31 src/touch_button/touch_button.o
 .comment       0x00000000       0x31 src/ASF/xmega/drivers/adc/adc.o
 .comment       0x00000000       0x31 src/ASF/xmega/drivers/adc/xmega_aau/adc_aau.o
 .comment       0x00000000       0x31 src/ASF/xmega/drivers/usart/usart.o
 .comment       0x00000000       0x31 src/ASF/common/services/spi/xmega_usart_spi/usart_spi.o
 .comment       0x00000000       0x31 src/ASF/common/services/gfx_mono/gfx_mono_framebuffer.o
 .comment       0x00000000       0x31 src/ASF/common/services/gfx_mono/gfx_mono_generic.o
 .comment       0x00000000       0x31 src/ASF/common/services/gfx_mono/gfx_mono_text.o
 .comment       0x00000000       0x31 src/ASF/common/services/gfx_mono/sysfont.o
 .comment       0x00000000       0x31 src/FreeRTOS/list.o
 .comment       0x00000000       0x31 src/FreeRTOS/portable/GCC/AVR_AT_XMega/port.o
 .comment       0x00000000       0x31 src/FreeRTOS/portable/MemMang/heap_3.o
 .comment       0x00000000       0x31 src/FreeRTOS/tasks.o
 .comment       0x00000000       0x31 src/ASF/common/services/clock/xmega/sysclk.o
 .comment       0x00000000       0x31 src/ASF/common/services/ioport/xmega/ioport_compat.o
 .comment       0x00000000       0x31 src/ASF/xmega/boards/xmega_a3bu_xplained/init.o
 .comment       0x00000000       0x31 src/main.o
 .comment       0x00000000       0x31 c:/program files (x86)/atmel/atmel toolchain/avr8 gcc/native/3.4.1061/avr8-gnu-toolchain/bin/../lib/gcc/avr/4.8.1/../../../../avr/lib/avrxmega6\libc.a(malloc.o)
 .comment       0x00000000       0x31 c:/program files (x86)/atmel/atmel toolchain/avr8 gcc/native/3.4.1061/avr8-gnu-toolchain/bin/../lib/gcc/avr/4.8.1/../../../../avr/lib/avrxmega6\libc.a(snprintf.o)
 .comment       0x00000030       0x2c c:/program files (x86)/atmel/atmel toolchain/avr8 gcc/native/3.4.1061/avr8-gnu-toolchain/bin/../lib/gcc/avr/4.8.1/../../../../avr/lib/avrxmega6\libc.a(vfprintf_std.o)
                                 0x2d (size before relaxing)
 .comment       0x00000000       0x31 c:/program files (x86)/atmel/atmel toolchain/avr8 gcc/native/3.4.1061/avr8-gnu-toolchain/bin/../lib/gcc/avr/4.8.1/../../../../avr/lib/avrxmega6\libc.a(fputc.o)

.note.gnu.build-id
 *(.note.gnu.build-id)

.debug
 *(.debug)

.line
 *(.line)

.debug_srcinfo
 *(.debug_srcinfo)

.debug_sfnames
 *(.debug_sfnames)

.debug_aranges  0x00000000      0x5a8
 *(.debug_aranges)
 .debug_aranges
                0x00000000       0x20 src/ASF/common/components/display/st7565r/st7565r.o
 .debug_aranges
                0x00000020       0x60 src/ASF/common/services/gfx_mono/gfx_mono_c12832_a1z.o
 .debug_aranges
                0x00000080       0x28 src/touch_button/touch_button.o
 .debug_aranges
                0x000000a8       0x20 src/ASF/thirdparty/qtouch/generic/avr8/qtouch/common/qt_asm_xmega.o
 .debug_aranges
                0x000000c8       0x48 src/ASF/xmega/drivers/adc/adc.o
 .debug_aranges
                0x00000110       0x78 src/ASF/xmega/drivers/adc/xmega_aau/adc_aau.o
 .debug_aranges
                0x00000188       0x58 src/ASF/xmega/drivers/usart/usart.o
 .debug_aranges
                0x000001e0       0x48 src/ASF/common/services/spi/xmega_usart_spi/usart_spi.o
 .debug_aranges
                0x00000228       0x58 src/ASF/common/services/gfx_mono/gfx_mono_framebuffer.o
 .debug_aranges
                0x00000280       0x58 src/ASF/common/services/gfx_mono/gfx_mono_generic.o
 .debug_aranges
                0x000002d8       0x40 src/ASF/common/services/gfx_mono/gfx_mono_text.o
 .debug_aranges
                0x00000318       0x18 src/ASF/common/services/gfx_mono/sysfont.o
 .debug_aranges
                0x00000330       0x40 src/FreeRTOS/list.o
 .debug_aranges
                0x00000370       0x38 src/FreeRTOS/portable/GCC/AVR_AT_XMega/port.o
 .debug_aranges
                0x000003a8       0x28 src/FreeRTOS/portable/MemMang/heap_3.o
 .debug_aranges
                0x000003d0       0xc8 src/FreeRTOS/tasks.o
 .debug_aranges
                0x00000498       0x40 src/ASF/common/services/clock/xmega/sysclk.o
 .debug_aranges
                0x000004d8       0x20 src/ASF/common/services/ioport/xmega/ioport_compat.o
 .debug_aranges
                0x000004f8       0x20 src/ASF/xmega/boards/xmega_a3bu_xplained/init.o
 .debug_aranges
                0x00000518       0x90 src/main.o

.debug_pubnames
 *(.debug_pubnames)

.debug_info     0x00000000     0xee62
 *(.debug_info .gnu.linkonce.wi.*)
 .debug_info    0x00000000     0x186c src/ASF/common/components/display/st7565r/st7565r.o
 .debug_info    0x0000186c     0x1d6a src/ASF/common/services/gfx_mono/gfx_mono_c12832_a1z.o
 .debug_info    0x000035d6      0x4f7 src/touch_button/touch_button.o
 .debug_info    0x00003acd       0xa9 src/ASF/thirdparty/qtouch/generic/avr8/qtouch/common/qt_asm_xmega.o
 .debug_info    0x00003b76      0xaab src/ASF/xmega/drivers/adc/adc.o
 .debug_info    0x00004621      0xec1 src/ASF/xmega/drivers/adc/xmega_aau/adc_aau.o
 .debug_info    0x000054e2     0x2d0f src/ASF/xmega/drivers/usart/usart.o
 .debug_info    0x000081f1      0xbb2 src/ASF/common/services/spi/xmega_usart_spi/usart_spi.o
 .debug_info    0x00008da3      0x479 src/ASF/common/services/gfx_mono/gfx_mono_framebuffer.o
 .debug_info    0x0000921c      0xc2e src/ASF/common/services/gfx_mono/gfx_mono_generic.o
 .debug_info    0x00009e4a      0x723 src/ASF/common/services/gfx_mono/gfx_mono_text.o
 .debug_info    0x0000a56d      0x188 src/ASF/common/services/gfx_mono/sysfont.o
 .debug_info    0x0000a6f5      0x2d1 src/FreeRTOS/list.o
 .debug_info    0x0000a9c6      0x9ec src/FreeRTOS/portable/GCC/AVR_AT_XMega/port.o
 .debug_info    0x0000b3b2      0x18c src/FreeRTOS/portable/MemMang/heap_3.o
 .debug_info    0x0000b53e     0x115e src/FreeRTOS/tasks.o
 .debug_info    0x0000c69c      0x705 src/ASF/common/services/clock/xmega/sysclk.o
 .debug_info    0x0000cda1      0x11d src/ASF/common/services/ioport/xmega/ioport_compat.o
 .debug_info    0x0000cebe      0x6ec src/ASF/xmega/boards/xmega_a3bu_xplained/init.o
 .debug_info    0x0000d5aa     0x18b8 src/main.o

.debug_abbrev   0x00000000     0x2b25
 *(.debug_abbrev)
 .debug_abbrev  0x00000000      0x281 src/ASF/common/components/display/st7565r/st7565r.o
 .debug_abbrev  0x00000281      0x390 src/ASF/common/services/gfx_mono/gfx_mono_c12832_a1z.o
 .debug_abbrev  0x00000611      0x1c0 src/touch_button/touch_button.o
 .debug_abbrev  0x000007d1       0x14 src/ASF/thirdparty/qtouch/generic/avr8/qtouch/common/qt_asm_xmega.o
 .debug_abbrev  0x000007e5      0x2aa src/ASF/xmega/drivers/adc/adc.o
 .debug_abbrev  0x00000a8f      0x32a src/ASF/xmega/drivers/adc/xmega_aau/adc_aau.o
 .debug_abbrev  0x00000db9      0x3e8 src/ASF/xmega/drivers/usart/usart.o
 .debug_abbrev  0x000011a1      0x2eb src/ASF/common/services/spi/xmega_usart_spi/usart_spi.o
 .debug_abbrev  0x0000148c      0x18b src/ASF/common/services/gfx_mono/gfx_mono_framebuffer.o
 .debug_abbrev  0x00001617      0x1d6 src/ASF/common/services/gfx_mono/gfx_mono_generic.o
 .debug_abbrev  0x000017ed      0x23e src/ASF/common/services/gfx_mono/gfx_mono_text.o
 .debug_abbrev  0x00001a2b       0xde src/ASF/common/services/gfx_mono/sysfont.o
 .debug_abbrev  0x00001b09       0xfb src/FreeRTOS/list.o
 .debug_abbrev  0x00001c04      0x1e1 src/FreeRTOS/portable/GCC/AVR_AT_XMega/port.o
 .debug_abbrev  0x00001de5      0x11b src/FreeRTOS/portable/MemMang/heap_3.o
 .debug_abbrev  0x00001f00      0x32b src/FreeRTOS/tasks.o
 .debug_abbrev  0x0000222b      0x25b src/ASF/common/services/clock/xmega/sysclk.o
 .debug_abbrev  0x00002486       0x93 src/ASF/common/services/ioport/xmega/ioport_compat.o
 .debug_abbrev  0x00002519      0x160 src/ASF/xmega/boards/xmega_a3bu_xplained/init.o
 .debug_abbrev  0x00002679      0x4ac src/main.o

.debug_line     0x00000000     0xa7fd
 *(.debug_line .debug_line.* .debug_line_end)
 .debug_line    0x00000000      0xa7b src/ASF/common/components/display/st7565r/st7565r.o
 .debug_line    0x00000a7b      0xda2 src/ASF/common/services/gfx_mono/gfx_mono_c12832_a1z.o
 .debug_line    0x0000181d      0xbce src/touch_button/touch_button.o
 .debug_line    0x000023eb       0xdb src/ASF/thirdparty/qtouch/generic/avr8/qtouch/common/qt_asm_xmega.o
 .debug_line    0x000024c6      0x763 src/ASF/xmega/drivers/adc/adc.o
 .debug_line    0x00002c29      0x94a src/ASF/xmega/drivers/adc/xmega_aau/adc_aau.o
 .debug_line    0x00003573      0xc7e src/ASF/xmega/drivers/usart/usart.o
 .debug_line    0x000041f1      0x7c9 src/ASF/common/services/spi/xmega_usart_spi/usart_spi.o
 .debug_line    0x000049ba      0x917 src/ASF/common/services/gfx_mono/gfx_mono_framebuffer.o
 .debug_line    0x000052d1      0xc02 src/ASF/common/services/gfx_mono/gfx_mono_generic.o
 .debug_line    0x00005ed3      0x9ad src/ASF/common/services/gfx_mono/gfx_mono_text.o
 .debug_line    0x00006880      0x79d src/ASF/common/services/gfx_mono/sysfont.o
 .debug_line    0x0000701d      0x405 src/FreeRTOS/list.o
 .debug_line    0x00007422      0x489 src/FreeRTOS/portable/GCC/AVR_AT_XMega/port.o
 .debug_line    0x000078ab      0x34d src/FreeRTOS/portable/MemMang/heap_3.o
 .debug_line    0x00007bf8      0xa41 src/FreeRTOS/tasks.o
 .debug_line    0x00008639      0x5e3 src/ASF/common/services/clock/xmega/sysclk.o
 .debug_line    0x00008c1c      0x48f src/ASF/common/services/ioport/xmega/ioport_compat.o
 .debug_line    0x000090ab      0x4ba src/ASF/xmega/boards/xmega_a3bu_xplained/init.o
 .debug_line    0x00009565     0x1298 src/main.o

.debug_frame    0x00000000     0x126c
 *(.debug_frame)
 .debug_frame   0x00000000       0x58 src/ASF/common/components/display/st7565r/st7565r.o
 .debug_frame   0x00000058      0x1b0 src/ASF/common/services/gfx_mono/gfx_mono_c12832_a1z.o
 .debug_frame   0x00000208       0x40 src/touch_button/touch_button.o
 .debug_frame   0x00000248       0x8c src/ASF/xmega/drivers/adc/adc.o
 .debug_frame   0x000002d4      0x3a4 src/ASF/xmega/drivers/adc/xmega_aau/adc_aau.o
 .debug_frame   0x00000678      0x148 src/ASF/xmega/drivers/usart/usart.o
 .debug_frame   0x000007c0       0x90 src/ASF/common/services/spi/xmega_usart_spi/usart_spi.o
 .debug_frame   0x00000850       0xd0 src/ASF/common/services/gfx_mono/gfx_mono_framebuffer.o
 .debug_frame   0x00000920      0x21c src/ASF/common/services/gfx_mono/gfx_mono_generic.o
 .debug_frame   0x00000b3c       0xec src/ASF/common/services/gfx_mono/gfx_mono_text.o
 .debug_frame   0x00000c28       0x88 src/FreeRTOS/list.o
 .debug_frame   0x00000cb0       0x60 src/FreeRTOS/portable/GCC/AVR_AT_XMega/port.o
 .debug_frame   0x00000d10       0x4c src/FreeRTOS/portable/MemMang/heap_3.o
 .debug_frame   0x00000d5c      0x29c src/FreeRTOS/tasks.o
 .debug_frame   0x00000ff8       0x64 src/ASF/common/services/clock/xmega/sysclk.o
 .debug_frame   0x0000105c       0x30 src/ASF/common/services/ioport/xmega/ioport_compat.o
 .debug_frame   0x0000108c       0x24 src/ASF/xmega/boards/xmega_a3bu_xplained/init.o
 .debug_frame   0x000010b0      0x1bc src/main.o

.debug_str      0x00000000    0x32be9
 *(.debug_str)
 .debug_str     0x00000000    0x286b0 src/ASF/common/components/display/st7565r/st7565r.o
                              0x28f30 (size before relaxing)
 .debug_str     0x000286b0      0xc05 src/ASF/common/services/gfx_mono/gfx_mono_c12832_a1z.o
                              0x29831 (size before relaxing)
 .debug_str     0x000292b5     0x4eda src/touch_button/touch_button.o
                              0x2e1f0 (size before relaxing)
 .debug_str     0x0002e18f      0x542 src/ASF/xmega/drivers/adc/adc.o
                              0x287b2 (size before relaxing)
 .debug_str     0x0002e6d1      0x590 src/ASF/xmega/drivers/adc/xmega_aau/adc_aau.o
                              0x28a11 (size before relaxing)
 .debug_str     0x0002ec61      0xaba src/ASF/xmega/drivers/usart/usart.o
                              0x290bb (size before relaxing)
 .debug_str     0x0002f71b       0x87 src/ASF/common/services/spi/xmega_usart_spi/usart_spi.o
                              0x2857c (size before relaxing)
 .debug_str     0x0002f7a2       0xba src/ASF/common/services/gfx_mono/gfx_mono_framebuffer.o
                              0x2944c (size before relaxing)
 .debug_str     0x0002f85c      0x213 src/ASF/common/services/gfx_mono/gfx_mono_generic.o
                              0x2958f (size before relaxing)
 .debug_str     0x0002fa6f      0x219 src/ASF/common/services/gfx_mono/gfx_mono_text.o
                              0x29534 (size before relaxing)
 .debug_str     0x0002fc88       0x45 src/ASF/common/services/gfx_mono/sysfont.o
                              0x2a380 (size before relaxing)
 .debug_str     0x0002fccd      0x139 src/FreeRTOS/list.o
                              0x1a874 (size before relaxing)
 .debug_str     0x0002fe06      0xf8f src/FreeRTOS/portable/GCC/AVR_AT_XMega/port.o
                              0x1bf69 (size before relaxing)
 .debug_str     0x00030d95       0xca src/FreeRTOS/portable/MemMang/heap_3.o
                              0x1ab9f (size before relaxing)
 .debug_str     0x00030e5f     0x13f6 src/FreeRTOS/tasks.o
                              0x1c14d (size before relaxing)
 .debug_str     0x00032255      0x1ff src/ASF/common/services/clock/xmega/sysclk.o
                              0x27d86 (size before relaxing)
 .debug_str     0x00032454       0x77 src/ASF/common/services/ioport/xmega/ioport_compat.o
                              0x25c68 (size before relaxing)
 .debug_str     0x000324cb       0x77 src/ASF/xmega/boards/xmega_a3bu_xplained/init.o
                              0x2763f (size before relaxing)
 .debug_str     0x00032542      0x6a7 src/main.o
                              0x2ea77 (size before relaxing)

.debug_loc      0x00000000     0x6ff1
 *(.debug_loc)
 .debug_loc     0x00000000      0x113 src/ASF/common/components/display/st7565r/st7565r.o
 .debug_loc     0x00000113      0xd01 src/ASF/common/services/gfx_mono/gfx_mono_c12832_a1z.o
 .debug_loc     0x00000e14       0x47 src/touch_button/touch_button.o
 .debug_loc     0x00000e5b      0x216 src/ASF/xmega/drivers/adc/adc.o
 .debug_loc     0x00001071      0xd75 src/ASF/xmega/drivers/adc/xmega_aau/adc_aau.o
 .debug_loc     0x00001de6      0xfe9 src/ASF/xmega/drivers/usart/usart.o
 .debug_loc     0x00002dcf      0x585 src/ASF/common/services/spi/xmega_usart_spi/usart_spi.o
 .debug_loc     0x00003354      0x592 src/ASF/common/services/gfx_mono/gfx_mono_framebuffer.o
 .debug_loc     0x000038e6     0x10aa src/ASF/common/services/gfx_mono/gfx_mono_generic.o
 .debug_loc     0x00004990      0x957 src/ASF/common/services/gfx_mono/gfx_mono_text.o
 .debug_loc     0x000052e7      0x155 src/FreeRTOS/list.o
 .debug_loc     0x0000543c      0x2b0 src/FreeRTOS/portable/GCC/AVR_AT_XMega/port.o
 .debug_loc     0x000056ec      0x102 src/FreeRTOS/portable/MemMang/heap_3.o
 .debug_loc     0x000057ee      0xf3e src/FreeRTOS/tasks.o
 .debug_loc     0x0000672c      0x217 src/ASF/common/services/clock/xmega/sysclk.o
 .debug_loc     0x00006943       0x66 src/ASF/common/services/ioport/xmega/ioport_compat.o
 .debug_loc     0x000069a9      0x648 src/main.o

.debug_macinfo
 *(.debug_macinfo)

.debug_weaknames
 *(.debug_weaknames)

.debug_funcnames
 *(.debug_funcnames)

.debug_typenames
 *(.debug_typenames)

.debug_varnames
 *(.debug_varnames)

.debug_pubtypes
 *(.debug_pubtypes)

.debug_ranges   0x00000000      0x7f8
 *(.debug_ranges)
 .debug_ranges  0x00000000       0x10 src/ASF/common/components/display/st7565r/st7565r.o
 .debug_ranges  0x00000010      0x188 src/ASF/common/services/gfx_mono/gfx_mono_c12832_a1z.o
 .debug_ranges  0x00000198       0x18 src/touch_button/touch_button.o
 .debug_ranges  0x000001b0       0x38 src/ASF/xmega/drivers/adc/adc.o
 .debug_ranges  0x000001e8       0x68 src/ASF/xmega/drivers/adc/xmega_aau/adc_aau.o
 .debug_ranges  0x00000250       0x80 src/ASF/xmega/drivers/usart/usart.o
 .debug_ranges  0x000002d0       0x98 src/ASF/common/services/spi/xmega_usart_spi/usart_spi.o
 .debug_ranges  0x00000368       0x48 src/ASF/common/services/gfx_mono/gfx_mono_framebuffer.o
 .debug_ranges  0x000003b0       0x48 src/ASF/common/services/gfx_mono/gfx_mono_generic.o
 .debug_ranges  0x000003f8       0x30 src/ASF/common/services/gfx_mono/gfx_mono_text.o
 .debug_ranges  0x00000428       0x30 src/FreeRTOS/list.o
 .debug_ranges  0x00000458       0x28 src/FreeRTOS/portable/GCC/AVR_AT_XMega/port.o
 .debug_ranges  0x00000480       0x18 src/FreeRTOS/portable/MemMang/heap_3.o
 .debug_ranges  0x00000498      0x128 src/FreeRTOS/tasks.o
 .debug_ranges  0x000005c0       0x30 src/ASF/common/services/clock/xmega/sysclk.o
 .debug_ranges  0x000005f0       0x10 src/ASF/common/services/ioport/xmega/ioport_compat.o
 .debug_ranges  0x00000600       0x10 src/ASF/xmega/boards/xmega_a3bu_xplained/init.o
 .debug_ranges  0x00000610      0x1e8 src/main.o

.debug_macro    0x00000000     0x3edf
 *(.debug_macro)
 .debug_macro   0x00000000      0x276 src/ASF/common/components/display/st7565r/st7565r.o
 .debug_macro   0x00000276       0x82 src/ASF/common/components/display/st7565r/st7565r.o
 .debug_macro   0x000002f8      0x109 src/ASF/common/components/display/st7565r/st7565r.o
 .debug_macro   0x00000401       0x28 src/ASF/common/components/display/st7565r/st7565r.o
 .debug_macro   0x00000429       0x22 src/ASF/common/components/display/st7565r/st7565r.o
 .debug_macro   0x0000044b       0x3a src/ASF/common/components/display/st7565r/st7565r.o
 .debug_macro   0x00000485       0xfd src/ASF/common/components/display/st7565r/st7565r.o
 .debug_macro   0x00000582       0x34 src/ASF/common/components/display/st7565r/st7565r.o
 .debug_macro   0x000005b6       0x2e src/ASF/common/components/display/st7565r/st7565r.o
 .debug_macro   0x000005e4      0x2ba src/ASF/common/services/gfx_mono/gfx_mono_c12832_a1z.o
 .debug_macro   0x0000089e       0x78 src/ASF/common/services/gfx_mono/gfx_mono_c12832_a1z.o
 .debug_macro   0x00000916       0x88 src/ASF/common/services/gfx_mono/gfx_mono_c12832_a1z.o
 .debug_macro   0x0000099e      0x42a src/touch_button/touch_button.o
 .debug_macro   0x00000dc8       0x40 src/touch_button/touch_button.o
 .debug_macro   0x00000e08       0xd6 src/touch_button/touch_button.o
 .debug_macro   0x00000ede       0x34 src/touch_button/touch_button.o
 .debug_macro   0x00000f12       0x3a src/touch_button/touch_button.o
 .debug_macro   0x00000f4c       0x46 src/touch_button/touch_button.o
 .debug_macro   0x00000f92       0x1c src/touch_button/touch_button.o
 .debug_macro   0x00000fae       0x76 src/touch_button/touch_button.o
 .debug_macro   0x00001024       0x46 src/touch_button/touch_button.o
 .debug_macro   0x0000106a       0x7c src/touch_button/touch_button.o
 .debug_macro   0x000010e6       0x12 src/touch_button/touch_button.o
 .debug_macro   0x000010f8       0x1f src/touch_button/touch_button.o
 .debug_macro   0x00001117      0x3d1 src/touch_button/touch_button.o
 .debug_macro   0x000014e8       0x79 src/touch_button/touch_button.o
 .debug_macro   0x00001561       0x69 src/touch_button/touch_button.o
 .debug_macro   0x000015ca      0x22f src/ASF/xmega/drivers/adc/adc.o
 .debug_macro   0x000017f9      0x22f src/ASF/xmega/drivers/adc/xmega_aau/adc_aau.o
 .debug_macro   0x00001a28      0x221 src/ASF/xmega/drivers/usart/usart.o
 .debug_macro   0x00001c49      0x299 src/ASF/xmega/drivers/usart/usart.o
 .debug_macro   0x00001ee2      0x234 src/ASF/common/services/spi/xmega_usart_spi/usart_spi.o
 .debug_macro   0x00002116      0x2ae src/ASF/common/services/gfx_mono/gfx_mono_framebuffer.o
 .debug_macro   0x000023c4      0x2ae src/ASF/common/services/gfx_mono/gfx_mono_generic.o
 .debug_macro   0x00002672      0x2d5 src/ASF/common/services/gfx_mono/gfx_mono_text.o
 .debug_macro   0x00002947       0xaa src/ASF/common/services/gfx_mono/gfx_mono_text.o
 .debug_macro   0x000029f1      0x2db src/ASF/common/services/gfx_mono/sysfont.o
 .debug_macro   0x00002ccc       0xfe src/FreeRTOS/list.o
 .debug_macro   0x00002dca      0x111 src/FreeRTOS/portable/GCC/AVR_AT_XMega/port.o
 .debug_macro   0x00002edb      0x119 src/FreeRTOS/portable/MemMang/heap_3.o
 .debug_macro   0x00002ff4      0x1b4 src/FreeRTOS/tasks.o
 .debug_macro   0x000031a8       0x16 src/FreeRTOS/tasks.o
 .debug_macro   0x000031be      0x1db src/ASF/common/services/clock/xmega/sysclk.o
 .debug_macro   0x00003399       0x26 src/ASF/common/services/clock/xmega/sysclk.o
 .debug_macro   0x000033bf      0x193 src/ASF/common/services/ioport/xmega/ioport_compat.o
 .debug_macro   0x00003552      0x1b5 src/ASF/xmega/boards/xmega_a3bu_xplained/init.o
 .debug_macro   0x00003707       0x10 src/ASF/xmega/boards/xmega_a3bu_xplained/init.o
 .debug_macro   0x00003717      0x231 src/ASF/xmega/boards/xmega_a3bu_xplained/init.o
 .debug_macro   0x00003948      0x444 src/main.o
 .debug_macro   0x00003d8c       0x58 src/main.o
 .debug_macro   0x00003de4       0x10 src/main.o
 .debug_macro   0x00003df4       0xeb src/main.o
OUTPUT(TugasAkhir.elf elf32-avr)
LOAD linker stubs

.BOOT           0x00040000        0x0
