Archive member included to satisfy reference by file (symbol)

../src/ASF/thirdparty/qtouch/generic/avr8/qtouch/lib/gcc\libavrxmega6g1-4qt-k-0rs.a(burst_1_1_10_0_1.o)
                              src/touch_button/touch_button.o (burst_1_1_10_0_1)
../src/ASF/thirdparty/qtouch/generic/avr8/qtouch/lib/gcc\libavrxmega6g1-4qt-k-0rs.a(touch_api.o)
                              src/touch_button/touch_button.o (qt_enable_key)
../src/ASF/thirdparty/qtouch/generic/avr8/qtouch/lib/gcc\libavrxmega6g1-4qt-k-0rs.a(touch_process.o)
                              ../src/ASF/thirdparty/qtouch/generic/avr8/qtouch/lib/gcc\libavrxmega6g1-4qt-k-0rs.a(touch_api.o) (start_cal_sensor)
../src/ASF/thirdparty/qtouch/generic/avr8/qtouch/lib/gcc\libavrxmega6g1-4qt-k-0rs.a(touch_burst_qt.o)
                              ../src/ASF/thirdparty/qtouch/generic/avr8/qtouch/lib/gcc\libavrxmega6g1-4qt-k-0rs.a(touch_api.o) (burst_init)
c:/program files/atmel/studio/7.0/toolchain/avr8/avr8-gnu-toolchain/bin/../lib/gcc/avr/4.9.2/../../../../avr/lib/avrxmega6\libm.a(addsf3.o)
                              src/adc_sensors/adc_sensors.o (__addsf3)
c:/program files/atmel/studio/7.0/toolchain/avr8/avr8-gnu-toolchain/bin/../lib/gcc/avr/4.9.2/../../../../avr/lib/avrxmega6\libm.a(addsf3x.o)
                              c:/program files/atmel/studio/7.0/toolchain/avr8/avr8-gnu-toolchain/bin/../lib/gcc/avr/4.9.2/../../../../avr/lib/avrxmega6\libm.a(addsf3.o) (__addsf3x)
c:/program files/atmel/studio/7.0/toolchain/avr8/avr8-gnu-toolchain/bin/../lib/gcc/avr/4.9.2/../../../../avr/lib/avrxmega6\libm.a(fixsfsi.o)
                              src/adc_sensors/adc_sensors.o (__fixsfsi)
c:/program files/atmel/studio/7.0/toolchain/avr8/avr8-gnu-toolchain/bin/../lib/gcc/avr/4.9.2/../../../../avr/lib/avrxmega6\libm.a(fixunssfsi.o)
                              c:/program files/atmel/studio/7.0/toolchain/avr8/avr8-gnu-toolchain/bin/../lib/gcc/avr/4.9.2/../../../../avr/lib/avrxmega6\libm.a(fixsfsi.o) (__fixunssfsi)
c:/program files/atmel/studio/7.0/toolchain/avr8/avr8-gnu-toolchain/bin/../lib/gcc/avr/4.9.2/../../../../avr/lib/avrxmega6\libm.a(floatsisf.o)
                              src/adc_sensors/adc_sensors.o (__floatunsisf)
c:/program files/atmel/studio/7.0/toolchain/avr8/avr8-gnu-toolchain/bin/../lib/gcc/avr/4.9.2/../../../../avr/lib/avrxmega6\libm.a(fp_inf.o)
                              c:/program files/atmel/studio/7.0/toolchain/avr8/avr8-gnu-toolchain/bin/../lib/gcc/avr/4.9.2/../../../../avr/lib/avrxmega6\libm.a(addsf3x.o) (__fp_inf)
c:/program files/atmel/studio/7.0/toolchain/avr8/avr8-gnu-toolchain/bin/../lib/gcc/avr/4.9.2/../../../../avr/lib/avrxmega6\libm.a(fp_nan.o)
                              c:/program files/atmel/studio/7.0/toolchain/avr8/avr8-gnu-toolchain/bin/../lib/gcc/avr/4.9.2/../../../../avr/lib/avrxmega6\libm.a(addsf3x.o) (__fp_nan)
c:/program files/atmel/studio/7.0/toolchain/avr8/avr8-gnu-toolchain/bin/../lib/gcc/avr/4.9.2/../../../../avr/lib/avrxmega6\libm.a(fp_pscA.o)
                              c:/program files/atmel/studio/7.0/toolchain/avr8/avr8-gnu-toolchain/bin/../lib/gcc/avr/4.9.2/../../../../avr/lib/avrxmega6\libm.a(addsf3x.o) (__fp_pscA)
c:/program files/atmel/studio/7.0/toolchain/avr8/avr8-gnu-toolchain/bin/../lib/gcc/avr/4.9.2/../../../../avr/lib/avrxmega6\libm.a(fp_pscB.o)
                              c:/program files/atmel/studio/7.0/toolchain/avr8/avr8-gnu-toolchain/bin/../lib/gcc/avr/4.9.2/../../../../avr/lib/avrxmega6\libm.a(addsf3x.o) (__fp_pscB)
c:/program files/atmel/studio/7.0/toolchain/avr8/avr8-gnu-toolchain/bin/../lib/gcc/avr/4.9.2/../../../../avr/lib/avrxmega6\libm.a(fp_round.o)
                              c:/program files/atmel/studio/7.0/toolchain/avr8/avr8-gnu-toolchain/bin/../lib/gcc/avr/4.9.2/../../../../avr/lib/avrxmega6\libm.a(addsf3.o) (__fp_round)
c:/program files/atmel/studio/7.0/toolchain/avr8/avr8-gnu-toolchain/bin/../lib/gcc/avr/4.9.2/../../../../avr/lib/avrxmega6\libm.a(fp_split3.o)
                              c:/program files/atmel/studio/7.0/toolchain/avr8/avr8-gnu-toolchain/bin/../lib/gcc/avr/4.9.2/../../../../avr/lib/avrxmega6\libm.a(addsf3x.o) (__fp_split3)
c:/program files/atmel/studio/7.0/toolchain/avr8/avr8-gnu-toolchain/bin/../lib/gcc/avr/4.9.2/../../../../avr/lib/avrxmega6\libm.a(fp_zero.o)
                              c:/program files/atmel/studio/7.0/toolchain/avr8/avr8-gnu-toolchain/bin/../lib/gcc/avr/4.9.2/../../../../avr/lib/avrxmega6\libm.a(addsf3x.o) (__fp_zero)
c:/program files/atmel/studio/7.0/toolchain/avr8/avr8-gnu-toolchain/bin/../lib/gcc/avr/4.9.2/../../../../avr/lib/avrxmega6\libm.a(mulsf3.o)
                              src/adc_sensors/adc_sensors.o (__mulsf3)
c:/program files/atmel/studio/7.0/toolchain/avr8/avr8-gnu-toolchain/bin/../lib/gcc/avr/4.9.2/../../../../avr/lib/avrxmega6\libm.a(mulsf3x.o)
[...]
Memory Configuration

Name             Origin             Length             Attributes
text             0x00000000         0x00100000         xr
data             0x00802000         0x0000ffa0         rw !x
eeprom           0x00810000         0x00010000         rw !x
fuse             0x00820000         0x00000400         rw !x
lock             0x00830000         0x00000400         rw !x
signature        0x00840000         0x00000400         rw !x
user_signatures  0x00850000         0x00000400         rw !x
*default*        0x00000000         0xffffffff

Linker script and memory map

LOAD C:/Program Files/Atmel/Studio/7.0/Packs/atmel/XMEGAA_DFP/1.0.36/gcc/dev/atxmega256a3bu/avrxmega6/crtatxmega256a3bu.o
LOAD src/adc_sensors/adc_sensors.o
LOAD src/ASF/common/components/display/st7565r/st7565r.o
LOAD src/ASF/common/services/gfx_mono/gfx_mono_c12832_a1z.o
LOAD src/touch_button/touch_button.o
LOAD src/ASF/common/services/sleepmgr/xmega/sleepmgr.o
LOAD src/ASF/thirdparty/qtouch/generic/avr8/qtouch/common/qt_asm_xmega.o
LOAD src/ASF/xmega/drivers/adc/adc.o
LOAD src/ASF/xmega/drivers/adc/xmega_aau/adc_aau.o
LOAD src/ASF/xmega/drivers/twi/twim.o
LOAD src/ASF/xmega/drivers/twi/twis.o
LOAD src/ASF/xmega/drivers/usart/usart.o
LOAD src/ASF/common/services/spi/xmega_usart_spi/usart_spi.o
LOAD src/ASF/common/services/spi/xmega_spi/spi_master.o
LOAD src/ASF/common/services/gfx_mono/gfx_mono_framebuffer.o
LOAD src/ASF/common/services/gfx_mono/gfx_mono_generic.o
LOAD src/ASF/common/services/gfx_mono/gfx_mono_text.o
LOAD src/ASF/xmega/drivers/spi/spi.o
LOAD src/ASF/common/services/gfx_mono/sysfont.o
LOAD src/FreeRTOS/croutine.o
LOAD src/FreeRTOS/event_groups.o
LOAD src/FreeRTOS/list.o
LOAD src/FreeRTOS/portable/GCC/AVR_AT_XMega/port.o
LOAD src/FreeRTOS/portable/MemMang/heap_3.o
LOAD src/FreeRTOS/queue.o
LOAD src/FreeRTOS/tasks.o
LOAD src/FreeRTOS/timers.o
LOAD src/ASF/common/services/clock/xmega/sysclk.o
LOAD src/ASF/xmega/drivers/nvm/nvm.o
LOAD src/ASF/xmega/drivers/nvm/nvm_asm.o
LOAD src/ASF/xmega/drivers/cpu/ccp.o
LOAD src/ASF/common/services/ioport/xmega/ioport_compat.o
LOAD src/ASF/xmega/boards/xmega_a3bu_xplained/init.o
LOAD src/main.o
START GROUP
LOAD ../src/ASF/thirdparty/qtouch/generic/avr8/qtouch/lib/gcc\libavrxmega6g1-4qt-k-0rs.a
LOAD c:/program files/atmel/studio/7.0/toolchain/avr8/avr8-gnu-toolchain/bin/../lib/gcc/avr/4.9.2/../../../../avr/lib/avrxmega6\libm.a
END GROUP
Address of section .BOOT set to 0x40000
START GROUP
LOAD c:/program files/atmel/studio/7.0/toolchain/avr8/avr8-gnu-toolchain/bin/../lib/gcc/avr/4.9.2/avrxmega6\libgcc.a
LOAD c:/program files/atmel/studio/7.0/toolchain/avr8/avr8-gnu-toolchain/bin/../lib/gcc/avr/4.9.2/../../../../avr/lib/avrxmega6\libm.a
LOAD c:/program files/atmel/studio/7.0/toolchain/avr8/avr8-gnu-toolchain/bin/../lib/gcc/avr/4.9.2/../../../../avr/lib/avrxmega6\libc.a
LOAD C:/Program Files/Atmel/Studio/7.0/Packs/atmel/XMEGAA_DFP/1.0.36/gcc/dev/atxmega256a3bu/avrxmega6\libatxmega256a3bu.a
END GROUP

.hash
 *(.hash)

.dynsym
 *(.dynsym)

.dynstr
 *(.dynstr)

.gnu.version
 *(.gnu.version)

.gnu.version_d
 *(.gnu.version_d)

.gnu.version_r
 *(.gnu.version_r)

.rel.init
 *(.rel.init)

.rela.init
 *(.rela.init)

.rel.text
 *(.rel.text)
 *(.rel.text.*)
 *(.rel.gnu.linkonce.t*)

.rela.text
 *(.rela.text)
 *(.rela.text.*)
 *(.rela.gnu.linkonce.t*)

.rel.fini
 *(.rel.fini)

.rela.fini
 *(.rela.fini)

.rel.rodata
 *(.rel.rodata)
 *(.rel.rodata.*)
 *(.rel.gnu.linkonce.r*)

.rela.rodata
 *(.rela.rodata)
 *(.rela.rodata.*)
 *(.rela.gnu.linkonce.r*)

.rel.data
 *(.rel.data)
 *(.rel.data.*)
 *(.rel.gnu.linkonce.d*)

.rela.data
 *(.rela.data)
 *(.rela.data.*)
 *(.rela.gnu.linkonce.d*)

.rel.ctors
 *(.rel.ctors)

.rela.ctors
 *(.rela.ctors)

.rel.dtors
 *(.rel.dtors)

.rela.dtors
 *(.rela.dtors)

.rel.got
 *(.rel.got)

.rela.got
 *(.rela.got)

.rel.bss
 *(.rel.bss)

.rela.bss
 *(.rela.bss)

.rel.plt
 *(.rel.plt)

.rela.plt
 *(.rela.plt)

.text           0x00000000     0x48a2
 *(.vectors)
 .vectors       0x00000000      0x1fc C:/Program Files/Atmel/Studio/7.0/Packs/atmel/XMEGAA_DFP/1.0.36/gcc/dev/atxmega256a3bu/avrxmega6/crtatxmega256a3bu.o
                0x00000000                __vector_default
                0x00000000                __vectors
 *(.vectors)
 *(.progmem.gcc*)
                0x000001fc                . = ALIGN (0x2)
                0x000001fc                __trampolines_start = .
 *(.trampolines)
 .trampolines   0x000001fc        0x0 linker stubs
 *(.trampolines*)
                0x000001fc                __trampolines_end = .
 *(.progmem*)
 .progmem.data.sysfont_glyphs
                0x000001fc      0x292 src/ASF/common/services/gfx_mono/sysfont.o
                0x0000048e                . = ALIGN (0x2)
 *(.jumptables)
 *(.jumptables*)
 *(.lowtext)
 *(.lowtext*)
                0x0000048e                __ctors_start = .
 *(.ctors)
                0x0000048e                __ctors_end = .
                0x0000048e                __dtors_start = .
 *(.dtors)
                0x0000048e                __dtors_end = .
 SORT(*)(.ctors)
 SORT(*)(.dtors)
 *(.init0)
 .init0         0x0000048e        0x0 C:/Program Files/Atmel/Studio/7.0/Packs/atmel/XMEGAA_DFP/1.0.36/gcc/dev/atxmega256a3bu/avrxmega6/crtatxmega256a3bu.o
                0x0000048e                __init
 *(.init0)
 *(.init1)
 *(.init1)
 *(.init2)
 .init2         0x0000048e       0x10 C:/Program Files/Atmel/Studio/7.0/Packs/atmel/XMEGAA_DFP/1.0.36/gcc/dev/atxmega256a3bu/avrxmega6/crtatxmega256a3bu.o
 *(.init2)
 *(.init3)
 *(.init3)
 *(.init4)
 .init4         0x0000049e       0x1a c:/program files/atmel/studio/7.0/toolchain/avr8/avr8-gnu-toolchain/bin/../lib/gcc/avr/4.9.2/avrxmega6\libgcc.a(_copy_data.o)
                0x0000049e                __do_copy_data
 .init4         0x000004b8       0x10 c:/program files/atmel/studio/7.0/toolchain/avr8/avr8-gnu-toolchain/bin/../lib/gcc/avr/4.9.2/avrxmega6\libgcc.a(_clear_bss.o)
                0x000004b8                __do_clear_bss
 *(.init4)
 *(.init5)
 *(.init5)
 *(.init6)
 *(.init6)
 *(.init7)
 *(.init7)
 *(.init8)
 *(.init8)
 *(.init9)
 .init9         0x000004c8        0x8 C:/Program Files/Atmel/Studio/7.0/Packs/atmel/XMEGAA_DFP/1.0.36/gcc/dev/atxmega256a3bu/avrxmega6/crtatxmega256a3bu.o
 *(.init9)
 *(.text)
 .text          0x000004d0        0x2 C:/Program Files/Atmel/Studio/7.0/Packs/atmel/XMEGAA_DFP/1.0.36/gcc/dev/atxmega256a3bu/avrxmega6/crtatxmega256a3bu.o
                0x000004d0                __vector_38
                0x000004d0                __vector_104
                0x000004d0                __vector_22
                0x000004d0                __vector_63
                0x000004d0                __vector_28
                0x000004d0                __vector_67
                0x000004d0                __vector_1
                0x000004d0                __vector_119
                0x000004d0                __vector_32
                0x000004d0                __vector_75
                0x000004d0                __vector_91
                0x000004d0                __vector_34
                0x000004d0                __vector_62
                0x000004d0                __vector_77
                0x000004d0                __vector_102
                0x000004d0                __vector_24
                0x000004d0                __vector_12
                0x000004d0                __vector_55
                0x000004d0                __vector_69
                0x000004d0                __vector_81
                0x000004d0                __vector_90
                0x000004d0                __bad_interrupt
                0x000004d0                __vector_122
                0x000004d0                __vector_114
                0x000004d0                __vector_6
                0x000004d0                __vector_110
                0x000004d0                __vector_31
                0x000004d0                __vector_92
                0x000004d0                __vector_35
                0x000004d0                __vector_78
                0x000004d0                __vector_117
                0x000004d0                __vector_107
                0x000004d0                __vector_3
                0x000004d0                __vector_105
                0x000004d0                __vector_98
                0x000004d0                __vector_23
                0x000004d0                __vector_68
                0x000004d0                __vector_30
                0x000004d0                __vector_45
                0x000004d0                __vector_25
                0x000004d0                __vector_93
                0x000004d0                __vector_61
                0x000004d0                __vector_11
                0x000004d0                __vector_54
                0x000004d0                __vector_99
                0x000004d0                __vector_17
                0x000004d0                __vector_19
                0x000004d0                __vector_56
                0x000004d0                __vector_7
                0x000004d0                __vector_125
                0x000004d0                __vector_49
                0x000004d0                __vector_123
                0x000004d0                __vector_86
                0x000004d0                __vector_100
                0x000004d0                __vector_101
                0x000004d0                __vector_64
                0x000004d0                __vector_88
                0x000004d0                __vector_109
                0x000004d0                __vector_43
                0x000004d0                __vector_27
                0x000004d0                __vector_5
                0x000004d0                __vector_113
                0x000004d0                __vector_33
                0x000004d0                __vector_76
                0x000004d0                __vector_115
                0x000004d0                __vector_47
                0x000004d0                __vector_52
                0x000004d0                __vector_37
                0x000004d0                __vector_95
                0x000004d0                __vector_103
                0x000004d0                __vector_96
                0x000004d0                __vector_89
                0x000004d0                __vector_108
                0x000004d0                __vector_4
                0x000004d0                __vector_44
                0x000004d0                __vector_82
                0x000004d0                __vector_106
                0x000004d0                __vector_118
                0x000004d0                __vector_51
                0x000004d0                __vector_9
                0x000004d0                __vector_2
                0x000004d0                __vector_21
                0x000004d0                __vector_15
                0x000004d0                __vector_66
                0x000004d0                __vector_36
                0x000004d0                __vector_79
                0x000004d0                __vector_58
                0x000004d0                __vector_70
                0x000004d0                __vector_83
                0x000004d0                __vector_29
                0x000004d0                __vector_60
                0x000004d0                __vector_121
                0x000004d0                __vector_85
                0x000004d0                __vector_94
                0x000004d0                __vector_126
                0x000004d0                __vector_8
                0x000004d0                __vector_26
                0x000004d0                __vector_48
                0x000004d0                __vector_124
                0x000004d0                __vector_116
                0x000004d0                __vector_112
                0x000004d0                __vector_111
                0x000004d0                __vector_80
                0x000004d0                __vector_84
                0x000004d0                __vector_57
                0x000004d0                __vector_53
                0x000004d0                __vector_10
                0x000004d0                __vector_50
                0x000004d0                __vector_16
                0x000004d0                __vector_59
                0x000004d0                __vector_18
                0x000004d0                __vector_97
                0x000004d0                __vector_20
                0x000004d0                __vector_87
                0x000004d0                __vector_65
                0x000004d0                __vector_120
 .text          0x000004d2       0x3c src/ASF/thirdparty/qtouch/generic/avr8/qtouch/common/qt_asm_xmega.o
                0x000004d2                _1101010101_
                0x000004e8                _1101010111_
                0x00000504                _1101010110_
 .text          0x0000050e      0x1b2 ../src/ASF/thirdparty/qtouch/generic/avr8/qtouch/lib/gcc\libavrxmega6g1-4qt-k-0rs.a(burst_1_1_10_0_1.o)
                0x0000050e                burst_1_1_10_0_1
 .text          0x000006c0      0x27a ../src/ASF/thirdparty/qtouch/generic/avr8/qtouch/lib/gcc\libavrxmega6g1-4qt-k-0rs.a(touch_api.o)
                0x000006c0                qt_get_library_sig
                0x000006d8                qt_enable_key
                0x0000070c                qt_get_sensor_delta
                0x000007b8                qt_measure_sensors
                0x000008ac                qt_reset_sensing
                0x000008e2                qt_calibrate_sensing
                0x000008fa                qt_init_sensing_with_burst
 .text          0x0000093a      0x63c ../src/ASF/thirdparty/qtouch/generic/avr8/qtouch/lib/gcc\libavrxmega6g1-4qt-k-0rs.a(touch_process.o)
                0x0000093a                start_cal_sensor
                0x00000992                get_channel_delta
                0x000009bc                process_sensor
 .text          0x00000f76       0x66 ../src/ASF/thirdparty/qtouch/generic/avr8/qtouch/lib/gcc\libavrxmega6g1-4qt-k-0rs.a(touch_burst_qt.o)
                0x00000f76                burst_init
                0x00000f80                burst_reset
                0x00000fa2                burst
                0x00000fdc                . = ALIGN (0x2)
 *(.text.*)
 .text.adc_handler
                0x00000fdc       0xbc src/adc_sensors/adc_sensors.o
                0x00000fdc                adc_handler
 .text.ntc_data_is_ready
                0x00001098       0x18 src/adc_sensors/adc_sensors.o
                0x00001098                ntc_data_is_ready
 .text.lightsensor_data_is_ready
                0x000010b0       0x18 src/adc_sensors/adc_sensors.o
                0x000010b0                lightsensor_data_is_ready
 .text.adc_sensors_init
                0x000010c8       0x9a src/adc_sensors/adc_sensors.o
                0x000010c8                adc_sensors_init
 .text.ntc_get_temperature
                0x00001162       0x60 src/adc_sensors/adc_sensors.o
                0x00001162                ntc_get_temperature
 .text.lightsensor_get_raw_value
                0x000011c2        0xa src/adc_sensors/adc_sensors.o
                0x000011c2                lightsensor_get_raw_value
 .text.st7565r_init
                0x000011cc      0x3a2 src/ASF/common/components/display/st7565r/st7565r.o
                0x000011cc                st7565r_init
 .text.gfx_mono_st7565r_put_byte
                0x0000156e      0x14e src/ASF/common/services/gfx_mono/gfx_mono_c12832_a1z.o
                0x0000156e                gfx_mono_st7565r_put_byte
 .text.gfx_mono_st7565r_init
                0x000016bc       0x84 src/ASF/common/services/gfx_mono/gfx_mono_c12832_a1z.o
                0x000016bc                gfx_mono_st7565r_init
 .text.gfx_mono_st7565r_draw_pixel
                0x00001740       0x7c src/ASF/common/services/gfx_mono/gfx_mono_c12832_a1z.o
                0x00001740                gfx_mono_st7565r_draw_pixel
 .text.gfx_mono_st7565r_get_byte
                0x000017bc        0x4 src/ASF/common/services/gfx_mono/gfx_mono_c12832_a1z.o
                0x000017bc                gfx_mono_st7565r_get_byte
 .text.tb_init  0x000017c0       0x58 src/touch_button/touch_button.o
                0x000017c0                tb_init
 .text.adc_set_callback
                0x00001818       0x2c src/ASF/xmega/drivers/adc/adc.o
                0x00001818                adc_set_callback
 .text.adc_enable_clock
                0x00001844       0x42 src/ASF/xmega/drivers/adc/adc.o
                0x00001844                adc_enable_clock
 .text.adc_disable_clock
                0x00001886       0x3e src/ASF/xmega/drivers/adc/adc.o
                0x00001886                adc_disable_clock
 .text.adc_enable
                0x000018c4       0x2e src/ASF/xmega/drivers/adc/adc.o
                0x000018c4                adc_enable
 .text.__vector_71
                0x000018f2       0x64 src/ASF/xmega/drivers/adc/xmega_aau/adc_aau.o
                0x000018f2                __vector_71
 .text.__vector_72
                0x00001956       0x64 src/ASF/xmega/drivers/adc/xmega_aau/adc_aau.o
                0x00001956                __vector_72
 .text.__vector_73
                0x000019ba       0x64 src/ASF/xmega/drivers/adc/xmega_aau/adc_aau.o
                0x000019ba                __vector_73
 .text.__vector_74
                0x00001a1e       0x64 src/ASF/xmega/drivers/adc/xmega_aau/adc_aau.o
                0x00001a1e                __vector_74
 .text.__vector_39
                0x00001a82       0x64 src/ASF/xmega/drivers/adc/xmega_aau/adc_aau.o
                0x00001a82                __vector_39
 .text.__vector_40
                0x00001ae6       0x64 src/ASF/xmega/drivers/adc/xmega_aau/adc_aau.o
                0x00001ae6                __vector_40
 .text.__vector_41
                0x00001b4a       0x64 src/ASF/xmega/drivers/adc/xmega_aau/adc_aau.o
                0x00001b4a                __vector_41
 .text.__vector_42
                0x00001bae       0x64 src/ASF/xmega/drivers/adc/xmega_aau/adc_aau.o
                0x00001bae                __vector_42
 .text.adc_write_configuration
                0x00001c12       0xa8 src/ASF/xmega/drivers/adc/xmega_aau/adc_aau.o
                0x00001c12                adc_write_configuration
 .text.adc_read_configuration
                0x00001cba       0x46 src/ASF/xmega/drivers/adc/xmega_aau/adc_aau.o
                0x00001cba                adc_read_configuration
 .text.adcch_write_configuration
                0x00001d00       0x72 src/ASF/xmega/drivers/adc/xmega_aau/adc_aau.o
                0x00001d00                adcch_write_configuration
 .text.adcch_read_configuration
                0x00001d72       0x72 src/ASF/xmega/drivers/adc/xmega_aau/adc_aau.o
                0x00001d72                adcch_read_configuration
 .text.twim_interrupt_handler
                0x00001de4      0x12e src/ASF/xmega/drivers/twi/twim.o
 .text.__vector_13
                0x00001f12       0x4e src/ASF/xmega/drivers/twi/twim.o
                0x00001f12                __vector_13
 .text.__vector_46
                0x00001f60       0x4e src/ASF/xmega/drivers/twi/twim.o
                0x00001f60                __vector_46
 .text.usart_spi_set_baudrate
                0x00001fae       0x64 src/ASF/xmega/drivers/usart/usart.o
                0x00001fae                usart_spi_set_baudrate
 .text.usart_init_spi
                0x00002012      0x35c src/ASF/xmega/drivers/usart/usart.o
                0x00002012                usart_init_spi
 .text.usart_spi_init
                0x0000236e       0x5e src/ASF/common/services/spi/xmega_usart_spi/usart_spi.o
                0x0000236e                usart_spi_init
 .text.usart_spi_setup_device
                0x000023cc       0x34 src/ASF/common/services/spi/xmega_usart_spi/usart_spi.o
                0x000023cc                usart_spi_setup_device
 .text.usart_spi_select_device
                0x00002400       0x2c src/ASF/common/services/spi/xmega_usart_spi/usart_spi.o
                0x00002400                usart_spi_select_device
 .text.usart_spi_deselect_device
                0x0000242c       0x2c src/ASF/common/services/spi/xmega_usart_spi/usart_spi.o
                0x0000242c                usart_spi_deselect_device
 .text.gfx_mono_set_framebuffer
                0x00002458        0xa src/ASF/common/services/gfx_mono/gfx_mono_framebuffer.o
                0x00002458                gfx_mono_set_framebuffer
 .text.gfx_mono_framebuffer_put_byte
                0x00002462       0x1c src/ASF/common/services/gfx_mono/gfx_mono_framebuffer.o
                0x00002462                gfx_mono_framebuffer_put_byte
 .text.gfx_mono_framebuffer_get_byte
                0x0000247e       0x1c src/ASF/common/services/gfx_mono/gfx_mono_framebuffer.o
                0x0000247e                gfx_mono_framebuffer_get_byte
 .text.gfx_mono_generic_draw_horizontal_line
                0x0000249a       0xd6 src/ASF/common/services/gfx_mono/gfx_mono_generic.o
                0x0000249a                gfx_mono_generic_draw_horizontal_line
 .text.gfx_mono_generic_draw_filled_rect
                0x00002570       0x34 src/ASF/common/services/gfx_mono/gfx_mono_generic.o
                0x00002570                gfx_mono_generic_draw_filled_rect
 .text.gfx_mono_draw_char
                0x000025a4       0xba src/ASF/common/services/gfx_mono/gfx_mono_text.o
                0x000025a4                gfx_mono_draw_char
 .text.gfx_mono_draw_string
                0x0000265e       0x52 src/ASF/common/services/gfx_mono/gfx_mono_text.o
                0x0000265e                gfx_mono_draw_string
 .text.vListInitialise
                0x000026b0       0x1c src/FreeRTOS/list.o
                0x000026b0                vListInitialise
 .text.vListInitialiseItem
                0x000026cc        0x8 src/FreeRTOS/list.o
                0x000026cc                vListInitialiseItem
 .text.vListInsertEnd
                0x000026d4       0x42 src/FreeRTOS/list.o
                0x000026d4                vListInsertEnd
 .text.vListInsert
                0x00002716       0x62 src/FreeRTOS/list.o
                0x00002716                vListInsert
 .text.uxListRemove
                0x00002778       0x4c src/FreeRTOS/list.o
                0x00002778                uxListRemove
 .text.pxPortInitialiseStack
                0x000027c4       0xee src/FreeRTOS/portable/GCC/AVR_AT_XMega/port.o
                0x000027c4                pxPortInitialiseStack
 .text.xPortStartScheduler
                0x000028b2       0x8a src/FreeRTOS/portable/GCC/AVR_AT_XMega/port.o
                0x000028b2                xPortStartScheduler
 .text.vPortYield
                0x0000293c       0xb0 src/FreeRTOS/portable/GCC/AVR_AT_XMega/port.o
                0x0000293c                vPortYield
 .text.__vector_14
                0x000029ec       0xb4 src/FreeRTOS/portable/GCC/AVR_AT_XMega/port.o
                0x000029ec                __vector_14
 .text.pvPortMalloc
                0x00002aa0       0x1a src/FreeRTOS/portable/MemMang/heap_3.o
                0x00002aa0                pvPortMalloc
 .text.vPortFree
                0x00002aba       0x1a src/FreeRTOS/portable/MemMang/heap_3.o
                0x00002aba                vPortFree
 .text.prvIdleTask
                0x00002ad4        0xe src/FreeRTOS/tasks.o
 .text.prvAddCurrentTaskToDelayedList
                0x00002ae2       0x6a src/FreeRTOS/tasks.o
 .text.xTaskGenericCreate
                0x00002b4c      0x202 src/FreeRTOS/tasks.o
                0x00002b4c                xTaskGenericCreate
 .text.vTaskStartScheduler
                0x00002d4e       0x52 src/FreeRTOS/tasks.o
                0x00002d4e                vTaskStartScheduler
 .text.vTaskSuspendAll
                0x00002da0        0xc src/FreeRTOS/tasks.o
                0x00002da0                vTaskSuspendAll
 .text.xTaskIncrementTick
                0x00002dac      0x1a6 src/FreeRTOS/tasks.o
                0x00002dac                xTaskIncrementTick
 .text.xTaskResumeAll
                0x00002f52       0xfa src/FreeRTOS/tasks.o
                0x00002f52                xTaskResumeAll
 .text.vTaskDelay
                0x0000304c       0x36 src/FreeRTOS/tasks.o
                0x0000304c                vTaskDelay
 .text.vTaskSwitchContext
                0x00003082       0xda src/FreeRTOS/tasks.o
                0x00003082                vTaskSwitchContext
 .text.sysclk_enable_module
                0x0000315c       0x18 src/ASF/common/services/clock/xmega/sysclk.o
                0x0000315c                sysclk_enable_module
 .text.sysclk_disable_module
                0x00003174       0x16 src/ASF/common/services/clock/xmega/sysclk.o
                0x00003174                sysclk_disable_module
 .text.nvm_eeprom_read_byte
                0x0000318a       0x22 src/ASF/xmega/drivers/nvm/nvm.o
                0x0000318a                nvm_eeprom_read_byte
 .text.nvm_eeprom_flush_buffer
                0x000031ac       0x22 src/ASF/xmega/drivers/nvm/nvm.o
                0x000031ac                nvm_eeprom_flush_buffer
 .text.nvm_eeprom_load_byte_to_buffer
                0x000031ce       0x24 src/ASF/xmega/drivers/nvm/nvm.o
                0x000031ce                nvm_eeprom_load_byte_to_buffer
 .text.nvm_eeprom_write_byte
                0x000031f2       0x4a src/ASF/xmega/drivers/nvm/nvm.o
                0x000031f2                nvm_eeprom_write_byte
 .text.nvm_read_byte
                0x0000323c       0x14 src/ASF/xmega/drivers/nvm/nvm_asm.o
                0x0000323c                nvm_read_byte
 .text.ccp_write_io
                0x00003250        0xc src/ASF/xmega/drivers/cpu/ccp.o
                0x00003250                ccp_write_io
 .text.ioport_configure_port_pin
                0x0000325c       0x50 src/ASF/common/services/ioport/xmega/ioport_compat.o
                0x0000325c                ioport_configure_port_pin
 .text.board_init
                0x000032ac       0x9e src/ASF/xmega/boards/xmega_a3bu_xplained/init.o
                0x000032ac                board_init
 .text.vStatus  0x0000334a       0xba src/main.o
 .text.setWaterDebit
                0x00003404       0x52 src/main.o
 .text.vLightAndTemp
                0x00003456       0x7a src/main.o
 .text.adc_init
                0x000034d0       0x72 src/main.o
                0x000034d0                adc_init
 .text.setUpSerial
                0x00003542       0x1c src/main.o
                0x00003542                setUpSerial
 .text.sendChar
                0x0000355e       0x10 src/main.o
                0x0000355e                sendChar
 .text.receiveChar
                0x0000356e       0x10 src/main.o
                0x0000356e                receiveChar
 .text.getWaterUsageFromEEPROM
                0x0000357e       0x2e src/main.o
                0x0000357e                getWaterUsageFromEEPROM
 .text.getRainTankVolumeFromEEPROM
                0x000035ac       0x2e src/main.o
                0x000035ac                getRainTankVolumeFromEEPROM
 .text.setRainTankVolume
                0x000035da       0x60 src/main.o
                0x000035da                setRainTankVolume
 .text.getDelayBasedOnDebit
                0x0000363a       0x68 src/main.o
                0x0000363a                getDelayBasedOnDebit
 .text.countWaterUsage
                0x000036a2       0xbe src/main.o
 .text.closeTap
                0x00003760       0x28 src/main.o
                0x00003760                closeTap
 .text.openTap  0x00003788       0x28 src/main.o
                0x00003788                openTap
 .text.watering
                0x000037b0       0xd2 src/main.o
 .text.vReceiver
                0x00003882      0x1ce src/main.o
 .text.waterAlertOn
                0x00003a50        0xc src/main.o
                0x00003a50                waterAlertOn
 .text.waterAlertOff
                0x00003a5c        0xc src/main.o
                0x00003a5c                waterAlertOff
 .text.waterAlertTask
                0x00003a68       0x62 src/main.o
 .text.main     0x00003aca      0x160 src/main.o
                0x00003aca                main
 .text.avr-libc.fplib
                0x00003c2a        0xa c:/program files/atmel/studio/7.0/toolchain/avr8/avr8-gnu-toolchain/bin/../lib/gcc/avr/4.9.2/../../../../avr/lib/avrxmega6\libm.a(addsf3.o)
                0x00003c2a                __subsf3
                0x00003c2c                __addsf3
 .text.avr-libc.fplib
                0x00003c34       0xc0 c:/program files/atmel/studio/7.0/toolchain/avr8/avr8-gnu-toolchain/bin/../lib/gcc/avr/4.9.2/../../../../avr/lib/avrxmega6\libm.a(addsf3x.o)
                0x00003c4e                __addsf3x
 .text.avr-libc.fplib
                0x00003cf4        0xa c:/program files/atmel/studio/7.0/toolchain/avr8/avr8-gnu-toolchain/bin/../lib/gcc/avr/4.9.2/../../../../avr/lib/avrxmega6\libm.a(fixsfsi.o)
                0x00003cf4                __fixsfsi
 .text.avr-libc.fplib
                0x00003cfe       0x58 c:/program files/atmel/studio/7.0/toolchain/avr8/avr8-gnu-toolchain/bin/../lib/gcc/avr/4.9.2/../../../../avr/lib/avrxmega6\libm.a(fixunssfsi.o)
                0x00003cfe                __fixunssfsi
 .text.avr-libc.fplib
                0x00003d56       0x7a c:/program files/atmel/studio/7.0/toolchain/avr8/avr8-gnu-toolchain/bin/../lib/gcc/avr/4.9.2/../../../../avr/lib/avrxmega6\libm.a(floatsisf.o)
                0x00003d56                __floatunsisf
                0x00003d5a                __floatsisf
 .text.avr-libc.fplib
                0x00003dd0        0xc c:/program files/atmel/studio/7.0/toolchain/avr8/avr8-gnu-toolchain/bin/../lib/gcc/avr/4.9.2/../../../../avr/lib/avrxmega6\libm.a(fp_inf.o)
                0x00003dd0                __fp_inf
 .text.avr-libc.fplib
                0x00003ddc        0x6 c:/program files/atmel/studio/7.0/toolchain/avr8/avr8-gnu-toolchain/bin/../lib/gcc/avr/4.9.2/../../../../avr/lib/avrxmega6\libm.a(fp_nan.o)
                0x00003ddc                __fp_nan
 .text.avr-libc.fplib
                0x00003de2        0xe c:/program files/atmel/studio/7.0/toolchain/avr8/avr8-gnu-toolchain/bin/../lib/gcc/avr/4.9.2/../../../../avr/lib/avrxmega6\libm.a(fp_pscA.o)
                0x00003de2                __fp_pscA
 .text.avr-libc.fplib
                0x00003df0        0xe c:/program files/atmel/studio/7.0/toolchain/avr8/avr8-gnu-toolchain/bin/../lib/gcc/avr/4.9.2/../../../../avr/lib/avrxmega6\libm.a(fp_pscB.o)
                0x00003df0                __fp_pscB
 .text.avr-libc.fplib
                0x00003dfe       0x22 c:/program files/atmel/studio/7.0/toolchain/avr8/avr8-gnu-toolchain/bin/../lib/gcc/avr/4.9.2/../../../../avr/lib/avrxmega6\libm.a(fp_round.o)
                0x00003dfe                __fp_round
 .text.avr-libc.fplib
                0x00003e20       0x44 c:/program files/atmel/studio/7.0/toolchain/avr8/avr8-gnu-toolchain/bin/../lib/gcc/avr/4.9.2/../../../../avr/lib/avrxmega6\libm.a(fp_split3.o)
                0x00003e20                __fp_split3
                0x00003e30                __fp_splitA
 .text.avr-libc.fplib
                0x00003e64        0xe c:/program files/atmel/studio/7.0/toolchain/avr8/avr8-gnu-toolchain/bin/../lib/gcc/avr/4.9.2/../../../../avr/lib/avrxmega6\libm.a(fp_zero.o)
                0x00003e64                __fp_zero
                0x00003e66                __fp_szero
 .text.avr-libc.fplib
                0x00003e72        0x4 c:/program files/atmel/studio/7.0/toolchain/avr8/avr8-gnu-toolchain/bin/../lib/gcc/avr/4.9.2/../../../../avr/lib/avrxmega6\libm.a(mulsf3.o)
                0x00003e72                __mulsf3
 .text.avr-libc.fplib
                0x00003e76       0xc2 c:/program files/atmel/studio/7.0/toolchain/avr8/avr8-gnu-toolchain/bin/../lib/gcc/avr/4.9.2/../../../../avr/lib/avrxmega6\libm.a(mulsf3x.o)
                0x00003e8a                __mulsf3x
                0x00003e8e                __mulsf3_pse
 .text.libgcc.div
                0x00003f38       0x26 c:/program files/atmel/studio/7.0/toolchain/avr8/avr8-gnu-toolchain/bin/../lib/gcc/avr/4.9.2/avrxmega6\libgcc.a(_divmodhi4.o)
                0x00003f38                _div
                0x00003f38                __divmodhi4
 .text.libgcc.div
                0x00003f5e       0x44 c:/program files/atmel/studio/7.0/toolchain/avr8/avr8-gnu-toolchain/bin/../lib/gcc/avr/4.9.2/avrxmega6\libgcc.a(_udivmodsi4.o)
                0x00003f5e                __udivmodsi4
 .text.libgcc.mul
                0x00003fa2       0x1e c:/program files/atmel/studio/7.0/toolchain/avr8/avr8-gnu-toolchain/bin/../lib/gcc/avr/4.9.2/avrxmega6\libgcc.a(_umulhisi3.o)
                0x00003fa2                __umulhisi3
 .text.libgcc.prologue
                0x00003fc0       0x32 c:/program files/atmel/studio/7.0/toolchain/avr8/avr8-gnu-toolchain/bin/../lib/gcc/avr/4.9.2/avrxmega6\libgcc.a(_prologue.o)
                0x00003fc0                __prologue_saves__
 .text.libgcc.prologue
                0x00003ff2       0x30 c:/program files/atmel/studio/7.0/toolchain/avr8/avr8-gnu-toolchain/bin/../lib/gcc/avr/4.9.2/avrxmega6\libgcc.a(_epilogue.o)
                0x00003ff2                __epilogue_restores__
 .text.libgcc.div
                0x00004022       0x28 c:/program files/atmel/studio/7.0/toolchain/avr8/avr8-gnu-toolchain/bin/../lib/gcc/avr/4.9.2/avrxmega6\libgcc.a(_udivmodhi4.o)
                0x00004022                __udivmodhi4
 .text.avr-libc
                0x0000404a      0x25a c:/program files/atmel/studio/7.0/toolchain/avr8/avr8-gnu-toolchain/bin/../lib/gcc/avr/4.9.2/../../../../avr/lib/avrxmega6\libc.a(malloc.o)
                0x0000404a                malloc
                0x00004174                free
 .text.avr-libc
                0x000042a4       0x14 c:/program files/atmel/studio/7.0/toolchain/avr8/avr8-gnu-toolchain/bin/../lib/gcc/avr/4.9.2/../../../../avr/lib/avrxmega6\libc.a(itoa_ncheck.o)
                0x000042a4                __itoa_ncheck
 .text.avr-libc
                0x000042b8       0x32 c:/program files/atmel/studio/7.0/toolchain/avr8/avr8-gnu-toolchain/bin/../lib/gcc/avr/4.9.2/../../../../avr/lib/avrxmega6\libc.a(utoa_ncheck.o)
                0x000042b8                __utoa_ncheck
                0x000042ba                __utoa_common
 .text.avr-libc
                0x000042ea       0x6c c:/program files/atmel/studio/7.0/toolchain/avr8/avr8-gnu-toolchain/bin/../lib/gcc/avr/4.9.2/../../../../avr/lib/avrxmega6\libc.a(snprintf.o)
                0x000042ea                snprintf
 .text.avr-libc
                0x00004356      0x3d0 c:/program files/atmel/studio/7.0/toolchain/avr8/avr8-gnu-toolchain/bin/../lib/gcc/avr/4.9.2/../../../../avr/lib/avrxmega6\libc.a(vfprintf_std.o)
                0x00004356                vfprintf
 .text.avr-libc
                0x00004726       0x16 c:/program files/atmel/studio/7.0/toolchain/avr8/avr8-gnu-toolchain/bin/../lib/gcc/avr/4.9.2/../../../../avr/lib/avrxmega6\libc.a(strnlen_P.o)
                0x00004726                strnlen_P
 .text.avr-libc
                0x0000473c       0x16 c:/program files/atmel/studio/7.0/toolchain/avr8/avr8-gnu-toolchain/bin/../lib/gcc/avr/4.9.2/../../../../avr/lib/avrxmega6\libc.a(strnlen.o)
                0x0000473c                strnlen
 .text.avr-libc
                0x00004752       0x20 c:/program files/atmel/studio/7.0/toolchain/avr8/avr8-gnu-toolchain/bin/../lib/gcc/avr/4.9.2/../../../../avr/lib/avrxmega6\libc.a(strrev.o)
                0x00004752                strrev
 .text.avr-libc
                0x00004772       0x70 c:/program files/atmel/studio/7.0/toolchain/avr8/avr8-gnu-toolchain/bin/../lib/gcc/avr/4.9.2/../../../../avr/lib/avrxmega6\libc.a(fputc.o)
                0x00004772                fputc
 .text.avr-libc
                0x000047e2       0xbc c:/program files/atmel/studio/7.0/toolchain/avr8/avr8-gnu-toolchain/bin/../lib/gcc/avr/4.9.2/../../../../avr/lib/avrxmega6\libc.a(ultoa_invert.o)
                0x000047e2                __ultoa_invert
                0x0000489e                . = ALIGN (0x2)
 *(.fini9)
 .fini9         0x0000489e        0x0 c:/program files/atmel/studio/7.0/toolchain/avr8/avr8-gnu-toolchain/bin/../lib/gcc/avr/4.9.2/avrxmega6\libgcc.a(_exit.o)
                0x0000489e                _exit
                0x0000489e                exit
 *(.fini9)
 *(.fini8)
 *(.fini8)
 *(.fini7)
 *(.fini7)
 *(.fini6)
 *(.fini6)
 *(.fini5)
 *(.fini5)
 *(.fini4)
 *(.fini4)
 *(.fini3)
 *(.fini3)
 *(.fini2)
 *(.fini2)
 *(.fini1)
 *(.fini1)
 *(.fini0)
 .fini0         0x0000489e        0x4 c:/program files/atmel/studio/7.0/toolchain/avr8/avr8-gnu-toolchain/bin/../lib/gcc/avr/4.9.2/avrxmega6\libgcc.a(_exit.o)
 *(.fini0)
                0x000048a2                _etext = .

.data           0x00802000       0x32 load address 0x000048a2
                0x00802000                PROVIDE (__data_start, .)
 *(.data)
 .data          0x00802000        0x1 ../src/ASF/thirdparty/qtouch/generic/avr8/qtouch/lib/gcc\libavrxmega6g1-4qt-k-0rs.a(touch_api.o)
                0x00802000                freq_shift
 .data          0x00802001        0x6 c:/program files/atmel/studio/7.0/toolchain/avr8/avr8-gnu-toolchain/bin/../lib/gcc/avr/4.9.2/../../../../avr/lib/avrxmega6\libc.a(malloc.o)
                0x00802001                __malloc_heap_end
                0x00802003                __malloc_heap_start
                0x00802005                __malloc_margin
 *(.data*)
 .data.sysfont  0x00802007        0x7 src/ASF/common/services/gfx_mono/sysfont.o
                0x00802007                sysfont
 .data.xNextTaskUnblockTime
                0x0080200e        0x2 src/FreeRTOS/tasks.o
 .data.rainTankVolumeIndex
                0x00802010        0x2 src/main.o
                0x00802010                rainTankVolumeIndex
 .data.waterUsageIndex
                0x00802012        0x2 src/main.o
                0x00802012                waterUsageIndex
 *(.rodata)
 *(.rodata*)
 .rodata.str1.1
                0x00802014        0x5 src/FreeRTOS/tasks.o
 .rodata.str1.1
                0x00802019       0x19 src/main.o
                                 0x1a (size before relaxing)
 *(.gnu.linkonce.d*)
                0x00802032                . = ALIGN (0x2)
                0x00802032                _edata = .
                0x00802032                PROVIDE (__data_end, .)

.bss            0x00802032      0x3b7
                0x00802032                PROVIDE (__bss_start, .)
 *(.bss)
 .bss           0x00802032        0x3 ../src/ASF/thirdparty/qtouch/generic/avr8/qtouch/lib/gcc\libavrxmega6g1-4qt-k-0rs.a(burst_1_1_10_0_1.o)
 .bss           0x00802035       0x22 ../src/ASF/thirdparty/qtouch/generic/avr8/qtouch/lib/gcc\libavrxmega6g1-4qt-k-0rs.a(touch_api.o)
                0x00802035                burst_proc
                0x00802037                qt_config_data
                0x0080203e                qt_measure_data
                0x0080204f                lib_status_flags
                0x00802051                qt_filter_callback
 .bss           0x00802057       0x1e ../src/ASF/thirdparty/qtouch/generic/avr8/qtouch/lib/gcc\libavrxmega6g1-4qt-k-0rs.a(touch_process.o)
                0x00802057                sensors
                0x0080206f                num_sensors
                0x00802070                dht_counter
 .bss           0x00802075        0x8 ../src/ASF/thirdparty/qtouch/generic/avr8/qtouch/lib/gcc\libavrxmega6g1-4qt-k-0rs.a(touch_burst_qt.o)
                0x00802075                SNS_array
                0x00802079                SNSK_array
 *(.bss*)
 .bss.ntc_sensor_samples.4879
                0x0080207d        0x1 src/adc_sensors/adc_sensors.o
 .bss.light_sensor_samples.4878
                0x0080207e        0x1 src/adc_sensors/adc_sensors.o
 .bss.light_sensor_sample
                0x0080207f        0x2 src/adc_sensors/adc_sensors.o
                0x0080207f                light_sensor_sample
 .bss.ntc_sensor_sample
                0x00802081        0x2 src/adc_sensors/adc_sensors.o
                0x00802081                ntc_sensor_sample
 .bss.light_sensor_data_ready
                0x00802083        0x1 src/adc_sensors/adc_sensors.o
                0x00802083                light_sensor_data_ready
 .bss.ntc_sensor_data_ready
                0x00802084        0x1 src/adc_sensors/adc_sensors.o
                0x00802084                ntc_sensor_data_ready
 .bss.framebuffer
                0x00802085      0x200 src/ASF/common/services/gfx_mono/gfx_mono_c12832_a1z.o
 .bss.adcb_enable_count
                0x00802285        0x1 src/ASF/xmega/drivers/adc/adc.o
 .bss.adca_enable_count
                0x00802286        0x1 src/ASF/xmega/drivers/adc/adc.o
 .bss.transfer  0x00802287        0xb src/ASF/xmega/drivers/twi/twim.o
 .bss.fbpointer
                0x00802292        0x2 src/ASF/common/services/gfx_mono/gfx_mono_framebuffer.o
 .bss.uxSchedulerSuspended
                0x00802294        0x1 src/FreeRTOS/tasks.o
 .bss.uxTaskNumber
                0x00802295        0x1 src/FreeRTOS/tasks.o
 .bss.xNumOfOverflows
                0x00802296        0x1 src/FreeRTOS/tasks.o
 .bss.xYieldPending
                0x00802297        0x1 src/FreeRTOS/tasks.o
 .bss.uxPendedTicks
                0x00802298        0x1 src/FreeRTOS/tasks.o
 .bss.xSchedulerRunning
                0x00802299        0x1 src/FreeRTOS/tasks.o
 .bss.uxTopReadyPriority
                0x0080229a        0x1 src/FreeRTOS/tasks.o
 .bss.xTickCount
                0x0080229b        0x2 src/FreeRTOS/tasks.o
 .bss.uxCurrentNumberOfTasks
                0x0080229d        0x1 src/FreeRTOS/tasks.o
 .bss.xPendingReadyList
                0x0080229e        0x9 src/FreeRTOS/tasks.o
 .bss.pxOverflowDelayedTaskList
                0x008022a7        0x2 src/FreeRTOS/tasks.o
 .bss.pxDelayedTaskList
                0x008022a9        0x2 src/FreeRTOS/tasks.o
 .bss.xDelayedTaskList2
                0x008022ab        0x9 src/FreeRTOS/tasks.o
 .bss.xDelayedTaskList1
                0x008022b4        0x9 src/FreeRTOS/tasks.o
 .bss.pxReadyTasksLists
                0x008022bd       0x2d src/FreeRTOS/tasks.o
 .bss.pxCurrentTCB
                0x008022ea        0x2 src/FreeRTOS/tasks.o
                0x008022ea                pxCurrentTCB
 .bss.isRedup   0x008022ec        0x2 src/main.o
                0x008022ec                isRedup
 .bss.eeprom_flag
                0x008022ee        0x2 src/main.o
                0x008022ee                eeprom_flag
 .bss.delay     0x008022f0        0x2 src/main.o
                0x008022f0                delay
 .bss.isAutoWatering
                0x008022f2        0x2 src/main.o
                0x008022f2                isAutoWatering
 .bss.rainTankVolume
                0x008022f4        0x2 src/main.o
                0x008022f4                rainTankVolume
 .bss.debit     0x008022f6        0x2 src/main.o
                0x008022f6                debit
 .bss.maxWater  0x008022f8        0x2 src/main.o
                0x008022f8                maxWater
 .bss.waterUsage
                0x008022fa        0x2 src/main.o
                0x008022fa                waterUsage
 .bss.lightIntensity
                0x008022fc        0x2 src/main.o
                0x008022fc                lightIntensity
 .bss.isWateringTapOpened
                0x008022fe        0x2 src/main.o
                0x008022fe                isWateringTapOpened
 .bss.isTap4Opened
                0x00802300        0x2 src/main.o
                0x00802300                isTap4Opened
 .bss.isTap3Opened
                0x00802302        0x2 src/main.o
                0x00802302                isTap3Opened
 .bss.isTap2Opened
                0x00802304        0x2 src/main.o
                0x00802304                isTap2Opened
 .bss.isTap1Opened
                0x00802306        0x2 src/main.o
                0x00802306                isTap1Opened
 .bss.strbuf    0x00802308       0xc9 src/main.o
 *(COMMON)
 COMMON         0x008023d1        0x6 src/ASF/common/services/sleepmgr/xmega/sleepmgr.o
                0x008023d1                sleepmgr_locks
 COMMON         0x008023d7        0x4 src/ASF/xmega/drivers/adc/adc.o
                0x008023d7                adcb_callback
                0x008023d9                adca_callback
 COMMON         0x008023db        0xa src/main.o
                0x008023db                waterTemp
 COMMON         0x008023e5        0x4 c:/program files/atmel/studio/7.0/toolchain/avr8/avr8-gnu-toolchain/bin/../lib/gcc/avr/4.9.2/../../../../avr/lib/avrxmega6\libc.a(malloc.o)
                0x008023e5                __brkval
                0x008023e7                __flp
                0x008023e9                PROVIDE (__bss_end, .)
                0x000048a2                __data_load_start = LOADADDR (.data)
                0x000048d4                __data_load_end = (__data_load_start + SIZEOF (.data))

.noinit         0x008023e9        0x0
                0x008023e9                PROVIDE (__noinit_start, .)
 *(.noinit*)
                0x008023e9                PROVIDE (__noinit_end, .)
                0x008023e9                _end = .
                0x008023e9                PROVIDE (__heap_start, .)

.eeprom         0x00810000        0x0
 *(.eeprom*)
                0x00810000                __eeprom_end = .

.fuse
 *(.fuse)
 *(.lfuse)
 *(.hfuse)
 *(.efuse)

.lock
 *(.lock*)

.signature
 *(.signature*)

.user_signatures
 *(.user_signatures*)

.stab
 *(.stab)

.stabstr
 *(.stabstr)

.stab.excl
 *(.stab.excl)

.stab.exclstr
 *(.stab.exclstr)

.stab.index
 *(.stab.index)

.stab.indexstr
 *(.stab.indexstr)

.comment        0x00000000       0x5c
 *(.comment)
 .comment       0x00000000       0x30 src/adc_sensors/adc_sensors.o
                                 0x31 (size before relaxing)
 .comment       0x00000030       0x31 src/ASF/common/components/display/st7565r/st7565r.o
 .comment       0x00000030       0x31 src/ASF/common/services/gfx_mono/gfx_mono_c12832_a1z.o
 .comment       0x00000030       0x31 src/touch_button/touch_button.o
 .comment       0x00000030       0x31 src/ASF/common/services/sleepmgr/xmega/sleepmgr.o
 .comment       0x00000030       0x31 src/ASF/xmega/drivers/adc/adc.o
 .comment       0x00000030       0x31 src/ASF/xmega/drivers/adc/xmega_aau/adc_aau.o
 .comment       0x00000030       0x31 src/ASF/xmega/drivers/twi/twim.o
 .comment       0x00000030       0x31 src/ASF/xmega/drivers/usart/usart.o
 .comment       0x00000030       0x31 src/ASF/common/services/spi/xmega_usart_spi/usart_spi.o
 .comment       0x00000030       0x31 src/ASF/common/services/gfx_mono/gfx_mono_framebuffer.o
 .comment       0x00000030       0x31 src/ASF/common/services/gfx_mono/gfx_mono_generic.o
 .comment       0x00000030       0x31 src/ASF/common/services/gfx_mono/gfx_mono_text.o
 .comment       0x00000030       0x31 src/ASF/common/services/gfx_mono/sysfont.o
 .comment       0x00000030       0x31 src/FreeRTOS/list.o
 .comment       0x00000030       0x31 src/FreeRTOS/portable/GCC/AVR_AT_XMega/port.o
 .comment       0x00000030       0x31 src/FreeRTOS/portable/MemMang/heap_3.o
 .comment       0x00000030       0x31 src/FreeRTOS/tasks.o
 .comment       0x00000030       0x31 src/ASF/common/services/clock/xmega/sysclk.o
 .comment       0x00000030       0x31 src/ASF/xmega/drivers/nvm/nvm.o
 .comment       0x00000030       0x31 src/ASF/common/services/ioport/xmega/ioport_compat.o
 .comment       0x00000030       0x31 src/ASF/xmega/boards/xmega_a3bu_xplained/init.o
 .comment       0x00000030       0x31 src/main.o
 .comment       0x00000030       0x31 c:/program files/atmel/studio/7.0/toolchain/avr8/avr8-gnu-toolchain/bin/../lib/gcc/avr/4.9.2/../../../../avr/lib/avrxmega6\libc.a(malloc.o)
 .comment       0x00000030       0x31 c:/program files/atmel/studio/7.0/toolchain/avr8/avr8-gnu-toolchain/bin/../lib/gcc/avr/4.9.2/../../../../avr/lib/avrxmega6\libc.a(snprintf.o)
 .comment       0x00000030       0x2c c:/program files/atmel/studio/7.0/toolchain/avr8/avr8-gnu-toolchain/bin/../lib/gcc/avr/4.9.2/../../../../avr/lib/avrxmega6\libc.a(vfprintf_std.o)
                                 0x2d (size before relaxing)
 .comment       0x0000005c       0x31 c:/program files/atmel/studio/7.0/toolchain/avr8/avr8-gnu-toolchain/bin/../lib/gcc/avr/4.9.2/../../../../avr/lib/avrxmega6\libc.a(fputc.o)

.note.gnu.avr.deviceinfo
                0x00000000       0x44
 .note.gnu.avr.deviceinfo
                0x00000000       0x44 C:/Program Files/Atmel/Studio/7.0/Packs/atmel/XMEGAA_DFP/1.0.36/gcc/dev/atxmega256a3bu/avrxmega6/crtatxmega256a3bu.o

.note.gnu.build-id
 *(.note.gnu.build-id)

.debug
 *(.debug)

.line
 *(.line)

.debug_srcinfo
 *(.debug_srcinfo)

.debug_sfnames
 *(.debug_sfnames)

.debug_aranges  0x00000000      0x7a8
 *(.debug_aranges)
 .debug_aranges
                0x00000000       0x50 src/adc_sensors/adc_sensors.o
 .debug_aranges
                0x00000050       0x20 src/ASF/common/components/display/st7565r/st7565r.o
 .debug_aranges
                0x00000070       0x60 src/ASF/common/services/gfx_mono/gfx_mono_c12832_a1z.o
 .debug_aranges
                0x000000d0       0x28 src/touch_button/touch_button.o
 .debug_aranges
                0x000000f8       0x18 src/ASF/common/services/sleepmgr/xmega/sleepmgr.o
 .debug_aranges
                0x00000110       0x20 src/ASF/thirdparty/qtouch/generic/avr8/qtouch/common/qt_asm_xmega.o
 .debug_aranges
                0x00000130       0x48 src/ASF/xmega/drivers/adc/adc.o
 .debug_aranges
                0x00000178       0x78 src/ASF/xmega/drivers/adc/xmega_aau/adc_aau.o
 .debug_aranges
                0x000001f0       0x40 src/ASF/xmega/drivers/twi/twim.o
 .debug_aranges
                0x00000230       0x58 src/ASF/xmega/drivers/usart/usart.o
 .debug_aranges
                0x00000288       0x48 src/ASF/common/services/spi/xmega_usart_spi/usart_spi.o
 .debug_aranges
                0x000002d0       0x58 src/ASF/common/services/gfx_mono/gfx_mono_framebuffer.o
 .debug_aranges
                0x00000328       0x58 src/ASF/common/services/gfx_mono/gfx_mono_generic.o
 .debug_aranges
                0x00000380       0x40 src/ASF/common/services/gfx_mono/gfx_mono_text.o
 .debug_aranges
                0x000003c0       0x18 src/ASF/common/services/gfx_mono/sysfont.o
 .debug_aranges
                0x000003d8       0x40 src/FreeRTOS/list.o
 .debug_aranges
                0x00000418       0x38 src/FreeRTOS/portable/GCC/AVR_AT_XMega/port.o
 .debug_aranges
                0x00000450       0x28 src/FreeRTOS/portable/MemMang/heap_3.o
 .debug_aranges
                0x00000478       0xc8 src/FreeRTOS/tasks.o
 .debug_aranges
                0x00000540       0x40 src/ASF/common/services/clock/xmega/sysclk.o
 .debug_aranges
                0x00000580       0xc0 src/ASF/xmega/drivers/nvm/nvm.o
 .debug_aranges
                0x00000640       0x28 src/ASF/xmega/drivers/nvm/nvm_asm.o
 .debug_aranges
                0x00000668       0x20 src/ASF/xmega/drivers/cpu/ccp.o
 .debug_aranges
                0x00000688       0x20 src/ASF/common/services/ioport/xmega/ioport_compat.o
 .debug_aranges
                0x000006a8       0x20 src/ASF/xmega/boards/xmega_a3bu_xplained/init.o
 .debug_aranges
                0x000006c8       0xe0 src/main.o

.debug_pubnames
 *(.debug_pubnames)

.debug_info     0x00000000    0x1372b
 *(.debug_info .gnu.linkonce.wi.*)
 .debug_info    0x00000000     0x1262 src/adc_sensors/adc_sensors.o
 .debug_info    0x00001262     0x188a src/ASF/common/components/display/st7565r/st7565r.o
 .debug_info    0x00002aec     0x1d87 src/ASF/common/services/gfx_mono/gfx_mono_c12832_a1z.o
 .debug_info    0x00004873      0x515 src/touch_button/touch_button.o
 .debug_info    0x00004d88      0x121 src/ASF/common/services/sleepmgr/xmega/sleepmgr.o
 .debug_info    0x00004ea9       0x87 src/ASF/thirdparty/qtouch/generic/avr8/qtouch/common/qt_asm_xmega.o
 .debug_info    0x00004f30      0xaab src/ASF/xmega/drivers/adc/adc.o
 .debug_info    0x000059db      0xec1 src/ASF/xmega/drivers/adc/xmega_aau/adc_aau.o
 .debug_info    0x0000689c      0x900 src/ASF/xmega/drivers/twi/twim.o
 .debug_info    0x0000719c     0x2d09 src/ASF/xmega/drivers/usart/usart.o
 .debug_info    0x00009ea5      0xbd0 src/ASF/common/services/spi/xmega_usart_spi/usart_spi.o
 .debug_info    0x0000aa75      0x499 src/ASF/common/services/gfx_mono/gfx_mono_framebuffer.o
 .debug_info    0x0000af0e      0xc60 src/ASF/common/services/gfx_mono/gfx_mono_generic.o
 .debug_info    0x0000bb6e      0x741 src/ASF/common/services/gfx_mono/gfx_mono_text.o
 .debug_info    0x0000c2af      0x1a6 src/ASF/common/services/gfx_mono/sysfont.o
 .debug_info    0x0000c455      0x2d1 src/FreeRTOS/list.o
 .debug_info    0x0000c726      0x9ec src/FreeRTOS/portable/GCC/AVR_AT_XMega/port.o
 .debug_info    0x0000d112      0x18c src/FreeRTOS/portable/MemMang/heap_3.o
 .debug_info    0x0000d29e     0x1162 src/FreeRTOS/tasks.o
 .debug_info    0x0000e400      0x836 src/ASF/common/services/clock/xmega/sysclk.o
 .debug_info    0x0000ec36     0x13d0 src/ASF/xmega/drivers/nvm/nvm.o
 .debug_info    0x00010006       0x63 src/ASF/xmega/drivers/nvm/nvm_asm.o
 .debug_info    0x00010069       0x63 src/ASF/xmega/drivers/cpu/ccp.o
 .debug_info    0x000100cc      0x11d src/ASF/common/services/ioport/xmega/ioport_compat.o
 .debug_info    0x000101e9      0x6ec src/ASF/xmega/boards/xmega_a3bu_xplained/init.o
 .debug_info    0x000108d5     0x2e56 src/main.o

.debug_abbrev   0x00000000     0x37cb
 *(.debug_abbrev)
 .debug_abbrev  0x00000000      0x3cc src/adc_sensors/adc_sensors.o
 .debug_abbrev  0x000003cc      0x290 src/ASF/common/components/display/st7565r/st7565r.o
 .debug_abbrev  0x0000065c      0x39f src/ASF/common/services/gfx_mono/gfx_mono_c12832_a1z.o
 .debug_abbrev  0x000009fb      0x1c2 src/touch_button/touch_button.o
 .debug_abbrev  0x00000bbd       0x80 src/ASF/common/services/sleepmgr/xmega/sleepmgr.o
 .debug_abbrev  0x00000c3d       0x14 src/ASF/thirdparty/qtouch/generic/avr8/qtouch/common/qt_asm_xmega.o
 .debug_abbrev  0x00000c51      0x2aa src/ASF/xmega/drivers/adc/adc.o
 .debug_abbrev  0x00000efb      0x32a src/ASF/xmega/drivers/adc/xmega_aau/adc_aau.o
 .debug_abbrev  0x00001225      0x2a1 src/ASF/xmega/drivers/twi/twim.o
 .debug_abbrev  0x000014c6      0x3df src/ASF/xmega/drivers/usart/usart.o
 .debug_abbrev  0x000018a5      0x2ed src/ASF/common/services/spi/xmega_usart_spi/usart_spi.o
 .debug_abbrev  0x00001b92      0x19a src/ASF/common/services/gfx_mono/gfx_mono_framebuffer.o
 .debug_abbrev  0x00001d2c      0x1d8 src/ASF/common/services/gfx_mono/gfx_mono_generic.o
 .debug_abbrev  0x00001f04      0x233 src/ASF/common/services/gfx_mono/gfx_mono_text.o
 .debug_abbrev  0x00002137       0xe0 src/ASF/common/services/gfx_mono/sysfont.o
 .debug_abbrev  0x00002217       0xfb src/FreeRTOS/list.o
 .debug_abbrev  0x00002312      0x1e1 src/FreeRTOS/portable/GCC/AVR_AT_XMega/port.o
 .debug_abbrev  0x000024f3      0x11b src/FreeRTOS/portable/MemMang/heap_3.o
 .debug_abbrev  0x0000260e      0x32b src/FreeRTOS/tasks.o
 .debug_abbrev  0x00002939      0x27b src/ASF/common/services/clock/xmega/sysclk.o
 .debug_abbrev  0x00002bb4      0x3e5 src/ASF/xmega/drivers/nvm/nvm.o
 .debug_abbrev  0x00002f99       0x12 src/ASF/xmega/drivers/nvm/nvm_asm.o
 .debug_abbrev  0x00002fab       0x14 src/ASF/xmega/drivers/cpu/ccp.o
 .debug_abbrev  0x00002fbf       0x93 src/ASF/common/services/ioport/xmega/ioport_compat.o
 .debug_abbrev  0x00003052      0x160 src/ASF/xmega/boards/xmega_a3bu_xplained/init.o
 .debug_abbrev  0x000031b2      0x619 src/main.o

.debug_line     0x00000000     0xcc0f
 *(.debug_line .debug_line.* .debug_line_end)
 .debug_line    0x00000000      0x865 src/adc_sensors/adc_sensors.o
 .debug_line    0x00000865      0xa88 src/ASF/common/components/display/st7565r/st7565r.o
 .debug_line    0x000012ed      0xdb3 src/ASF/common/services/gfx_mono/gfx_mono_c12832_a1z.o
 .debug_line    0x000020a0      0xc7a src/touch_button/touch_button.o
 .debug_line    0x00002d1a      0x43f src/ASF/common/services/sleepmgr/xmega/sleepmgr.o
 .debug_line    0x00003159       0xdb src/ASF/thirdparty/qtouch/generic/avr8/qtouch/common/qt_asm_xmega.o
 .debug_line    0x00003234      0x770 src/ASF/xmega/drivers/adc/adc.o
 .debug_line    0x000039a4      0x957 src/ASF/xmega/drivers/adc/xmega_aau/adc_aau.o
 .debug_line    0x000042fb      0x60e src/ASF/xmega/drivers/twi/twim.o
 .debug_line    0x00004909      0xc85 src/ASF/xmega/drivers/usart/usart.o
 .debug_line    0x0000558e      0x7d6 src/ASF/common/services/spi/xmega_usart_spi/usart_spi.o
 .debug_line    0x00005d64      0x924 src/ASF/common/services/gfx_mono/gfx_mono_framebuffer.o
 .debug_line    0x00006688      0xc17 src/ASF/common/services/gfx_mono/gfx_mono_generic.o
 .debug_line    0x0000729f      0x9a2 src/ASF/common/services/gfx_mono/gfx_mono_text.o
 .debug_line    0x00007c41      0x7aa src/ASF/common/services/gfx_mono/sysfont.o
 .debug_line    0x000083eb      0x40c src/FreeRTOS/list.o
 .debug_line    0x000087f7      0x496 src/FreeRTOS/portable/GCC/AVR_AT_XMega/port.o
 .debug_line    0x00008c8d      0x35a src/FreeRTOS/portable/MemMang/heap_3.o
 .debug_line    0x00008fe7      0xa3c src/FreeRTOS/tasks.o
 .debug_line    0x00009a23      0x656 src/ASF/common/services/clock/xmega/sysclk.o
 .debug_line    0x0000a079      0xb2c src/ASF/xmega/drivers/nvm/nvm.o
 .debug_line    0x0000aba5      0x11f src/ASF/xmega/drivers/nvm/nvm_asm.o
 .debug_line    0x0000acc4       0x6e src/ASF/xmega/drivers/cpu/ccp.o
 .debug_line    0x0000ad32      0x49c src/ASF/common/services/ioport/xmega/ioport_compat.o
 .debug_line    0x0000b1ce      0x4c7 src/ASF/xmega/boards/xmega_a3bu_xplained/init.o
 .debug_line    0x0000b695     0x157a src/main.o

.debug_frame    0x00000000     0x1834
 *(.debug_frame)
 .debug_frame   0x00000000       0xa8 src/adc_sensors/adc_sensors.o
 .debug_frame   0x000000a8       0x58 src/ASF/common/components/display/st7565r/st7565r.o
 .debug_frame   0x00000100      0x1b4 src/ASF/common/services/gfx_mono/gfx_mono_c12832_a1z.o
 .debug_frame   0x000002b4       0x40 src/touch_button/touch_button.o
 .debug_frame   0x000002f4       0x8c src/ASF/xmega/drivers/adc/adc.o
 .debug_frame   0x00000380      0x3a4 src/ASF/xmega/drivers/adc/xmega_aau/adc_aau.o
 .debug_frame   0x00000724      0x100 src/ASF/xmega/drivers/twi/twim.o
 .debug_frame   0x00000824      0x154 src/ASF/xmega/drivers/usart/usart.o
 .debug_frame   0x00000978       0x90 src/ASF/common/services/spi/xmega_usart_spi/usart_spi.o
 .debug_frame   0x00000a08       0xd0 src/ASF/common/services/gfx_mono/gfx_mono_framebuffer.o
 .debug_frame   0x00000ad8      0x21c src/ASF/common/services/gfx_mono/gfx_mono_generic.o
 .debug_frame   0x00000cf4      0x100 src/ASF/common/services/gfx_mono/gfx_mono_text.o
 .debug_frame   0x00000df4       0x88 src/FreeRTOS/list.o
 .debug_frame   0x00000e7c       0x60 src/FreeRTOS/portable/GCC/AVR_AT_XMega/port.o
 .debug_frame   0x00000edc       0x4c src/FreeRTOS/portable/MemMang/heap_3.o
 .debug_frame   0x00000f28      0x2a8 src/FreeRTOS/tasks.o
 .debug_frame   0x000011d0       0x64 src/ASF/common/services/clock/xmega/sysclk.o
 .debug_frame   0x00001234      0x348 src/ASF/xmega/drivers/nvm/nvm.o
 .debug_frame   0x0000157c       0x30 src/ASF/common/services/ioport/xmega/ioport_compat.o
 .debug_frame   0x000015ac       0x24 src/ASF/xmega/boards/xmega_a3bu_xplained/init.o
 .debug_frame   0x000015d0      0x264 src/main.o

.debug_str      0x00000000    0x345bd
 *(.debug_str)
 .debug_str     0x00000000    0x28fce src/adc_sensors/adc_sensors.o
                              0x2986b (size before relaxing)
 .debug_str     0x00028fce     0x1456 src/ASF/common/components/display/st7565r/st7565r.o
                              0x295fb (size before relaxing)
 .debug_str     0x0002a424      0xc05 src/ASF/common/services/gfx_mono/gfx_mono_c12832_a1z.o
                              0x29efc (size before relaxing)
 .debug_str     0x0002b029     0x4608 src/touch_button/touch_button.o
                              0x2e8a4 (size before relaxing)
 .debug_str     0x0002f631       0xb3 src/ASF/common/services/sleepmgr/xmega/sleepmgr.o
                              0x26070 (size before relaxing)
 .debug_str     0x0002f6e4      0x167 src/ASF/xmega/drivers/adc/adc.o
                              0x28d87 (size before relaxing)
 .debug_str     0x0002f84b      0x4c6 src/ASF/xmega/drivers/adc/xmega_aau/adc_aau.o
                              0x28fe6 (size before relaxing)
 .debug_str     0x0002fd11      0x46e src/ASF/xmega/drivers/twi/twim.o
                              0x2634d (size before relaxing)
 .debug_str     0x0003017f      0x944 src/ASF/xmega/drivers/usart/usart.o
                              0x29786 (size before relaxing)
 .debug_str     0x00030ac3       0x79 src/ASF/common/services/spi/xmega_usart_spi/usart_spi.o
                              0x28c47 (size before relaxing)
 .debug_str     0x00030b3c       0xba src/ASF/common/services/gfx_mono/gfx_mono_framebuffer.o
                              0x29b17 (size before relaxing)
 .debug_str     0x00030bf6      0x213 src/ASF/common/services/gfx_mono/gfx_mono_generic.o
                              0x29c5a (size before relaxing)
 .debug_str     0x00030e09      0x219 src/ASF/common/services/gfx_mono/gfx_mono_text.o
                              0x29bff (size before relaxing)
 .debug_str     0x00031022       0x45 src/ASF/common/services/gfx_mono/sysfont.o
                              0x2aa4b (size before relaxing)
 .debug_str     0x00031067      0x139 src/FreeRTOS/list.o
                              0x1af3e (size before relaxing)
 .debug_str     0x000311a0      0xf67 src/FreeRTOS/portable/GCC/AVR_AT_XMega/port.o
                              0x1c633 (size before relaxing)
 .debug_str     0x00032107       0xca src/FreeRTOS/portable/MemMang/heap_3.o
                              0x1b269 (size before relaxing)
 .debug_str     0x000321d1     0x13f6 src/FreeRTOS/tasks.o
                              0x1c817 (size before relaxing)
 .debug_str     0x000335c7      0x1ff src/ASF/common/services/clock/xmega/sysclk.o
                              0x28451 (size before relaxing)
 .debug_str     0x000337c6      0x519 src/ASF/xmega/drivers/nvm/nvm.o
                              0x26895 (size before relaxing)
 .debug_str     0x00033cdf       0x77 src/ASF/common/services/ioport/xmega/ioport_compat.o
                              0x26332 (size before relaxing)
 .debug_str     0x00033d56       0x77 src/ASF/xmega/boards/xmega_a3bu_xplained/init.o
                              0x27d09 (size before relaxing)
 .debug_str     0x00033dcd      0x7f0 src/main.o
                              0x2ff79 (size before relaxing)

.debug_loc      0x00000000     0x8d21
 *(.debug_loc)
 .debug_loc     0x00000000      0x23b src/adc_sensors/adc_sensors.o
 .debug_loc     0x0000023b       0xcd src/ASF/common/components/display/st7565r/st7565r.o
 .debug_loc     0x00000308      0xde0 src/ASF/common/services/gfx_mono/gfx_mono_c12832_a1z.o
 .debug_loc     0x000010e8       0x47 src/touch_button/touch_button.o
 .debug_loc     0x0000112f      0x216 src/ASF/xmega/drivers/adc/adc.o
 .debug_loc     0x00001345      0xd66 src/ASF/xmega/drivers/adc/xmega_aau/adc_aau.o
 .debug_loc     0x000020ab      0x466 src/ASF/xmega/drivers/twi/twim.o
 .debug_loc     0x00002511     0x106a src/ASF/xmega/drivers/usart/usart.o
 .debug_loc     0x0000357b      0x58a src/ASF/common/services/spi/xmega_usart_spi/usart_spi.o
 .debug_loc     0x00003b05      0x62c src/ASF/common/services/gfx_mono/gfx_mono_framebuffer.o
 .debug_loc     0x00004131     0x1193 src/ASF/common/services/gfx_mono/gfx_mono_generic.o
 .debug_loc     0x000052c4      0x997 src/ASF/common/services/gfx_mono/gfx_mono_text.o
 .debug_loc     0x00005c5b      0x145 src/FreeRTOS/list.o
 .debug_loc     0x00005da0      0x2b0 src/FreeRTOS/portable/GCC/AVR_AT_XMega/port.o
 .debug_loc     0x00006050      0x102 src/FreeRTOS/portable/MemMang/heap_3.o
 .debug_loc     0x00006152      0xe7e src/FreeRTOS/tasks.o
 .debug_loc     0x00006fd0      0x205 src/ASF/common/services/clock/xmega/sysclk.o
 .debug_loc     0x000071d5     0x11ef src/ASF/xmega/drivers/nvm/nvm.o
 .debug_loc     0x000083c4       0x66 src/ASF/common/services/ioport/xmega/ioport_compat.o
 .debug_loc     0x0000842a      0x8f7 src/main.o

.debug_macinfo
 *(.debug_macinfo)

.debug_weaknames
 *(.debug_weaknames)

.debug_funcnames
 *(.debug_funcnames)

.debug_typenames
 *(.debug_typenames)

.debug_varnames
 *(.debug_varnames)

.debug_pubtypes
 *(.debug_pubtypes)

.debug_ranges   0x00000000      0x920
 *(.debug_ranges)
 .debug_ranges  0x00000000       0x40 src/adc_sensors/adc_sensors.o
 .debug_ranges  0x00000040       0x10 src/ASF/common/components/display/st7565r/st7565r.o
 .debug_ranges  0x00000050      0x188 src/ASF/common/services/gfx_mono/gfx_mono_c12832_a1z.o
 .debug_ranges  0x000001d8       0x18 src/touch_button/touch_button.o
 .debug_ranges  0x000001f0       0x38 src/ASF/xmega/drivers/adc/adc.o
 .debug_ranges  0x00000228       0x68 src/ASF/xmega/drivers/adc/xmega_aau/adc_aau.o
 .debug_ranges  0x00000290       0x60 src/ASF/xmega/drivers/twi/twim.o
 .debug_ranges  0x000002f0       0x80 src/ASF/xmega/drivers/usart/usart.o
 .debug_ranges  0x00000370       0x98 src/ASF/common/services/spi/xmega_usart_spi/usart_spi.o
 .debug_ranges  0x00000408       0x48 src/ASF/common/services/gfx_mono/gfx_mono_framebuffer.o
 .debug_ranges  0x00000450       0x48 src/ASF/common/services/gfx_mono/gfx_mono_generic.o
 .debug_ranges  0x00000498       0x30 src/ASF/common/services/gfx_mono/gfx_mono_text.o
 .debug_ranges  0x000004c8       0x30 src/FreeRTOS/list.o
 .debug_ranges  0x000004f8       0x28 src/FreeRTOS/portable/GCC/AVR_AT_XMega/port.o
 .debug_ranges  0x00000520       0x18 src/FreeRTOS/portable/MemMang/heap_3.o
 .debug_ranges  0x00000538      0x100 src/FreeRTOS/tasks.o
 .debug_ranges  0x00000638       0x30 src/ASF/common/services/clock/xmega/sysclk.o
 .debug_ranges  0x00000668       0xb0 src/ASF/xmega/drivers/nvm/nvm.o
 .debug_ranges  0x00000718       0x20 src/ASF/xmega/drivers/nvm/nvm_asm.o
 .debug_ranges  0x00000738       0x10 src/ASF/common/services/ioport/xmega/ioport_compat.o
 .debug_ranges  0x00000748       0x10 src/ASF/xmega/boards/xmega_a3bu_xplained/init.o
 .debug_ranges  0x00000758      0x1c8 src/main.o

.debug_macro    0x00000000     0xd4c7
 *(.debug_macro)
 .debug_macro   0x00000000      0x245 src/adc_sensors/adc_sensors.o
 .debug_macro   0x00000245      0xacc src/adc_sensors/adc_sensors.o
 .debug_macro   0x00000d11       0x10 src/adc_sensors/adc_sensors.o
 .debug_macro   0x00000d21      0x1ad src/adc_sensors/adc_sensors.o
 .debug_macro   0x00000ece      0x293 src/adc_sensors/adc_sensors.o
 .debug_macro   0x00001161       0x9e src/adc_sensors/adc_sensors.o
 .debug_macro   0x000011ff     0x5e34 src/adc_sensors/adc_sensors.o
 .debug_macro   0x00007033       0x9a src/adc_sensors/adc_sensors.o
 .debug_macro   0x000070cd       0xf1 src/adc_sensors/adc_sensors.o
 .debug_macro   0x000071be       0x34 src/adc_sensors/adc_sensors.o
 .debug_macro   0x000071f2       0x10 src/adc_sensors/adc_sensors.o
 .debug_macro   0x00007202       0x18 src/adc_sensors/adc_sensors.o
 .debug_macro   0x0000721a       0x5e src/adc_sensors/adc_sensors.o
 .debug_macro   0x00007278       0x10 src/adc_sensors/adc_sensors.o
 .debug_macro   0x00007288       0x22 src/adc_sensors/adc_sensors.o
 .debug_macro   0x000072aa      0x166 src/adc_sensors/adc_sensors.o
 .debug_macro   0x00007410       0x1c src/adc_sensors/adc_sensors.o
 .debug_macro   0x0000742c       0x35 src/adc_sensors/adc_sensors.o
 .debug_macro   0x00007461       0x66 src/adc_sensors/adc_sensors.o
 .debug_macro   0x000074c7      0x4b5 src/adc_sensors/adc_sensors.o
 .debug_macro   0x0000797c       0x97 src/adc_sensors/adc_sensors.o
 .debug_macro   0x00007a13       0x17 src/adc_sensors/adc_sensors.o
 .debug_macro   0x00007a2a      0x250 src/adc_sensors/adc_sensors.o
 .debug_macro   0x00007c7a       0x76 src/adc_sensors/adc_sensors.o
 .debug_macro   0x00007cf0       0x16 src/adc_sensors/adc_sensors.o
 .debug_macro   0x00007d06      0x6e0 src/adc_sensors/adc_sensors.o
 .debug_macro   0x000083e6       0x10 src/adc_sensors/adc_sensors.o
 .debug_macro   0x000083f6      0x175 src/adc_sensors/adc_sensors.o
 .debug_macro   0x0000856b       0x40 src/adc_sensors/adc_sensors.o
 .debug_macro   0x000085ab       0x69 src/adc_sensors/adc_sensors.o
 .debug_macro   0x00008614       0x32 src/adc_sensors/adc_sensors.o
 .debug_macro   0x00008646       0xe4 src/adc_sensors/adc_sensors.o
 .debug_macro   0x0000872a       0x16 src/adc_sensors/adc_sensors.o
 .debug_macro   0x00008740       0x20 src/adc_sensors/adc_sensors.o
 .debug_macro   0x00008760       0x10 src/adc_sensors/adc_sensors.o
 .debug_macro   0x00008770       0x3b src/adc_sensors/adc_sensors.o
 .debug_macro   0x000087ab       0x1c src/adc_sensors/adc_sensors.o
 .debug_macro   0x000087c7      0x237 src/adc_sensors/adc_sensors.o
 .debug_macro   0x000089fe      0x302 src/adc_sensors/adc_sensors.o
 .debug_macro   0x00008d00       0x7b src/adc_sensors/adc_sensors.o
 .debug_macro   0x00008d7b       0x2f src/adc_sensors/adc_sensors.o
 .debug_macro   0x00008daa      0x15b src/adc_sensors/adc_sensors.o
 .debug_macro   0x00008f05       0xc0 src/adc_sensors/adc_sensors.o
 .debug_macro   0x00008fc5      0x276 src/ASF/common/components/display/st7565r/st7565r.o
 .debug_macro   0x0000923b       0x82 src/ASF/common/components/display/st7565r/st7565r.o
 .debug_macro   0x000092bd      0x109 src/ASF/common/components/display/st7565r/st7565r.o
 .debug_macro   0x000093c6       0x28 src/ASF/common/components/display/st7565r/st7565r.o
 .debug_macro   0x000093ee       0x22 src/ASF/common/components/display/st7565r/st7565r.o
 .debug_macro   0x00009410       0x3a src/ASF/common/components/display/st7565r/st7565r.o
 .debug_macro   0x0000944a       0xfd src/ASF/common/components/display/st7565r/st7565r.o
 .debug_macro   0x00009547       0x34 src/ASF/common/components/display/st7565r/st7565r.o
 .debug_macro   0x0000957b       0x2e src/ASF/common/components/display/st7565r/st7565r.o
 .debug_macro   0x000095a9      0x2ba src/ASF/common/services/gfx_mono/gfx_mono_c12832_a1z.o
 .debug_macro   0x00009863       0x78 src/ASF/common/services/gfx_mono/gfx_mono_c12832_a1z.o
 .debug_macro   0x000098db       0x88 src/ASF/common/services/gfx_mono/gfx_mono_c12832_a1z.o
 .debug_macro   0x00009963      0x47d src/touch_button/touch_button.o
 .debug_macro   0x00009de0       0x40 src/touch_button/touch_button.o
 .debug_macro   0x00009e20       0xd6 src/touch_button/touch_button.o
 .debug_macro   0x00009ef6       0x34 src/touch_button/touch_button.o
 .debug_macro   0x00009f2a       0x3a src/touch_button/touch_button.o
 .debug_macro   0x00009f64       0x46 src/touch_button/touch_button.o
 .debug_macro   0x00009faa       0x2e src/touch_button/touch_button.o
 .debug_macro   0x00009fd8       0x16 src/touch_button/touch_button.o
 .debug_macro   0x00009fee       0x22 src/touch_button/touch_button.o
 .debug_macro   0x0000a010       0x10 src/touch_button/touch_button.o
 .debug_macro   0x0000a020       0x28 src/touch_button/touch_button.o
 .debug_macro   0x0000a048       0x1c src/touch_button/touch_button.o
 .debug_macro   0x0000a064       0x76 src/touch_button/touch_button.o
 .debug_macro   0x0000a0da       0x46 src/touch_button/touch_button.o
 .debug_macro   0x0000a120       0x7c src/touch_button/touch_button.o
 .debug_macro   0x0000a19c       0x12 src/touch_button/touch_button.o
 .debug_macro   0x0000a1ae       0x1f src/touch_button/touch_button.o
 .debug_macro   0x0000a1cd      0x3d1 src/touch_button/touch_button.o
 .debug_macro   0x0000a59e       0x79 src/touch_button/touch_button.o
 .debug_macro   0x0000a617       0x69 src/touch_button/touch_button.o
 .debug_macro   0x0000a680      0x1a3 src/ASF/common/services/sleepmgr/xmega/sleepmgr.o
 .debug_macro   0x0000a823      0x22f src/ASF/xmega/drivers/adc/adc.o
 .debug_macro   0x0000aa52      0x22f src/ASF/xmega/drivers/adc/xmega_aau/adc_aau.o
 .debug_macro   0x0000ac81      0x198 src/ASF/xmega/drivers/twi/twim.o
 .debug_macro   0x0000ae19      0x221 src/ASF/xmega/drivers/usart/usart.o
 .debug_macro   0x0000b03a      0x299 src/ASF/xmega/drivers/usart/usart.o
 .debug_macro   0x0000b2d3      0x234 src/ASF/common/services/spi/xmega_usart_spi/usart_spi.o
 .debug_macro   0x0000b507      0x2ae src/ASF/common/services/gfx_mono/gfx_mono_framebuffer.o
 .debug_macro   0x0000b7b5      0x2ae src/ASF/common/services/gfx_mono/gfx_mono_generic.o
 .debug_macro   0x0000ba63      0x2d5 src/ASF/common/services/gfx_mono/gfx_mono_text.o
 .debug_macro   0x0000bd38       0xaa src/ASF/common/services/gfx_mono/gfx_mono_text.o
 .debug_macro   0x0000bde2      0x2db src/ASF/common/services/gfx_mono/sysfont.o
 .debug_macro   0x0000c0bd       0xfe src/FreeRTOS/list.o
 .debug_macro   0x0000c1bb      0x111 src/FreeRTOS/portable/GCC/AVR_AT_XMega/port.o
 .debug_macro   0x0000c2cc      0x119 src/FreeRTOS/portable/MemMang/heap_3.o
 .debug_macro   0x0000c3e5      0x1b4 src/FreeRTOS/tasks.o
 .debug_macro   0x0000c599       0x16 src/FreeRTOS/tasks.o
 .debug_macro   0x0000c5af      0x1db src/ASF/common/services/clock/xmega/sysclk.o
 .debug_macro   0x0000c78a       0x26 src/ASF/common/services/clock/xmega/sysclk.o
 .debug_macro   0x0000c7b0      0x198 src/ASF/xmega/drivers/nvm/nvm.o
 .debug_macro   0x0000c948      0x193 src/ASF/common/services/ioport/xmega/ioport_compat.o
 .debug_macro   0x0000cadb      0x1b5 src/ASF/xmega/boards/xmega_a3bu_xplained/init.o
 .debug_macro   0x0000cc90       0x10 src/ASF/xmega/boards/xmega_a3bu_xplained/init.o
 .debug_macro   0x0000cca0      0x231 src/ASF/xmega/boards/xmega_a3bu_xplained/init.o
 .debug_macro   0x0000ced1      0x4a3 src/main.o
 .debug_macro   0x0000d374       0x58 src/main.o
 .debug_macro   0x0000d3cc       0x10 src/main.o
 .debug_macro   0x0000d3dc       0xeb src/main.o
OUTPUT(TestPratikum2.elf elf32-avr)
LOAD linker stubs

.BOOT           0x00040000        0x0
